Component: ARM Compiler 5.06 update 5 (build 528) Tool: armlink [4d35e2]

==============================================================================

Section Cross References

    startup_stm32f407xx.o(RESET) refers to startup_stm32f407xx.o(STACK) for __initial_sp
    startup_stm32f407xx.o(RESET) refers to startup_stm32f407xx.o(.text) for Reset_Handler
    startup_stm32f407xx.o(RESET) refers to stm32f4xx_it.o(i.NMI_Handler) for NMI_Handler
    startup_stm32f407xx.o(RESET) refers to stm32f4xx_it.o(i.HardFault_Handler) for HardFault_Handler
    startup_stm32f407xx.o(RESET) refers to stm32f4xx_it.o(i.MemManage_Handler) for MemManage_Handler
    startup_stm32f407xx.o(RESET) refers to stm32f4xx_it.o(i.BusFault_Handler) for BusFault_Handler
    startup_stm32f407xx.o(RESET) refers to stm32f4xx_it.o(i.UsageFault_Handler) for UsageFault_Handler
    startup_stm32f407xx.o(RESET) refers to stm32f4xx_it.o(i.SVC_Handler) for SVC_Handler
    startup_stm32f407xx.o(RESET) refers to stm32f4xx_it.o(i.DebugMon_Handler) for DebugMon_Handler
    startup_stm32f407xx.o(RESET) refers to stm32f4xx_it.o(i.PendSV_Handler) for PendSV_Handler
    startup_stm32f407xx.o(RESET) refers to stm32f4xx_it.o(i.SysTick_Handler) for SysTick_Handler
    startup_stm32f407xx.o(RESET) refers to stm32f4xx_it.o(i.TIM2_IRQHandler) for TIM2_IRQHandler
    startup_stm32f407xx.o(.text) refers to system_stm32f4xx.o(i.SystemInit) for SystemInit
    startup_stm32f407xx.o(.text) refers to entry.o(.ARM.Collect$$$$00000000) for __main
    remote.o(i.RemoteCommandSwitch) refers to control.o(i.foo_function) for foo_function
    remote.o(i.RemoteCommandSwitch) refers to control.o(i.SRM_ADC_GetData) for SRM_ADC_GetData
    remote.o(i.RemoteCommandSwitch) refers to control.o(i.Battery_Charger_Control) for Battery_Charger_Control
    remote.o(i.RemoteCommandSwitch) refers to control.o(i.Channel_Power_Control) for Channel_Power_Control
    remote.o(i.RemoteCommandSwitch) refers to control.o(i.Get_BAT_Voltage) for Get_BAT_Voltage
    remote.o(i.RemoteCommandSwitch) refers to control.o(i.SetMeasParameters_COMM) for SetMeasParameters_COMM
    remote.o(i.RemoteCommandSwitch) refers to control.o(i.SRM_Start_Test) for SRM_Start_Test
    remote.o(i.RemoteCommandSwitch) refers to control.o(i.Write_DRM_Channel) for Write_DRM_Channel
    remote.o(i.RemoteCommandSwitch) refers to control.o(i.DRM_DAC_Test) for DRM_DAC_Test
    remote.o(i.RemoteCommandSwitch) refers to control.o(i.DRM_Current_Control) for DRM_Current_Control
    remote.o(i.RemoteCommandSwitch) refers to control.o(i.DRM_Start_Test) for DRM_Start_Test
    remote.o(i.RemoteCommandSwitch) refers to control.o(i.DRM_Get_Results) for DRM_Get_Results
    remote.o(i.RemoteCommandSwitch) refers to control.o(i.SetPulseLenghts_COMM) for SetPulseLenghts_COMM
    remote.o(i.RemoteCommandSwitch) refers to control.o(i.Toggle_Pins) for Toggle_Pins
    remote.o(i.RemoteCommandSwitch) refers to control.o(i.Read_One_ADC_CH_COMM) for Read_One_ADC_CH_COMM
    remote.o(i.RemoteCommandSwitch) refers to control.o(i.Read_ADC_Res_COMM) for Read_ADC_Res_COMM
    remote.o(i.RemoteCommandSwitch) refers to control.o(i.SetRemoteControl_COMM) for SetRemoteControl_COMM
    remote.o(i.RemoteCommandSwitch) refers to control.o(i.DT_Reset_Counter_COMM) for DT_Reset_Counter_COMM
    remote.o(i.RemoteCommandSwitch) refers to control.o(i.AUX_DryWetControl_Command) for AUX_DryWetControl_Command
    remote.o(i.RemoteCommandSwitch) refers to control.o(i.SetCommPort_COMM) for SetCommPort_COMM
    remote.o(i.RemoteCommandSwitch) refers to control.o(i.CheckBreakerStatus_COMM) for CheckBreakerStatus_COMM
    remote.o(i.RemoteCommandSwitch) refers to control.o(i.BSGTest_COMM) for BSGTest_COMM
    remote.o(i.RemoteCommandSwitch) refers to control.o(i.Set_Test_Mode_COMM) for Set_Test_Mode_COMM
    remote.o(i.RemoteCommandSwitch) refers to control.o(i.EnterBreakerTestDataFileName_COMM) for EnterBreakerTestDataFileName_COMM
    remote.o(i.RemoteCommandSwitch) refers to control.o(i.EnterTFUnits_COMM) for EnterTFUnits_COMM
    remote.o(i.RemoteCommandSwitch) refers to control.o(i.SetLTransdParameters_COMM) for SetLTransdParameters_COMM
    remote.o(i.RemoteCommandSwitch) refers to control.o(i.EnterTimeDate_COMM) for EnterTimeDate_COMM
    remote.o(i.RemoteCommandSwitch) refers to control.o(i.MeasurementStart_Comm) for MeasurementStart_Comm
    remote.o(i.RemoteCommandSwitch) refers to printfa.o(i.__0sprintf) for __2sprintf
    remote.o(i.RemoteCommandSwitch) refers to control.o(i.SendMeasurementParameters_Comm) for SendMeasurementParameters_Comm
    remote.o(i.RemoteCommandSwitch) refers to control.o(i.Relay_IGBT_Control) for Relay_IGBT_Control
    remote.o(i.RemoteCommandSwitch) refers to control.o(i.Get_Test_Settings_Comm) for Get_Test_Settings_Comm
    remote.o(i.RemoteCommandSwitch) refers to control.o(i.Get_Measurement_Data_Comm) for Get_Measurement_Data_Comm
[...]
    PuniPrintBufferCurrent                   0x08007009   Thumb Code   332  control.o(i.PuniPrintBufferCurrent)
    PuniPrintBufferMotion                    0x080071ad   Thumb Code   180  control.o(i.PuniPrintBufferMotion)
    Pwr_Control                              0x08007291   Thumb Code    54  bios.o(i.Pwr_Control)
    Ramp                                     0x080072cd   Thumb Code   132  bios.o(i.Ramp)
    ReadAuxillaryChannels                    0x08007351   Thumb Code   148  adc.o(i.ReadAuxillaryChannels)
    ReadSPIs                                 0x080073f5   Thumb Code    64  usb_flash_drive.o(i.ReadSPIs)
    Read_ADC_Res_COMM                        0x08007435   Thumb Code   284  control.o(i.Read_ADC_Res_COMM)
    Read_Calib_Coef_Comm                     0x080075d1   Thumb Code   286  calib.o(i.Read_Calib_Coef_Comm)
    Read_Calib_Coef_from_EEPROM_Comm         0x0800773d   Thumb Code    10  calib.o(i.Read_Calib_Coef_from_EEPROM_Comm)
    Read_One_ADC_CH_COMM                     0x08007749   Thumb Code   280  control.o(i.Read_One_ADC_CH_COMM)
    Relay_IGBT_Control                       0x080078a1   Thumb Code   550  control.o(i.Relay_IGBT_Control)
    RemoteCommandSwitch                      0x08007ad1   Thumb Code  1500  remote.o(i.RemoteCommandSwitch)
    Reset_Calibration_COMM                   0x080080fd   Thumb Code   112  calib.o(i.Reset_Calibration_COMM)
    SDIO_ConfigData                          0x08008171   Thumb Code    36  stm32f4xx_ll_sdmmc.o(i.SDIO_ConfigData)
    SDIO_GetPowerState                       0x08008195   Thumb Code     8  stm32f4xx_ll_sdmmc.o(i.SDIO_GetPowerState)
    SDIO_GetResponse                         0x0800819d   Thumb Code    12  stm32f4xx_ll_sdmmc.o(i.SDIO_GetResponse)
    SDIO_Init                                0x080081a9   Thumb Code    36  stm32f4xx_ll_sdmmc.o(i.SDIO_Init)
    SDIO_PowerState_ON                       0x080081cd   Thumb Code     8  stm32f4xx_ll_sdmmc.o(i.SDIO_PowerState_ON)
    SDIO_ReadFIFO                            0x080081d5   Thumb Code     6  stm32f4xx_ll_sdmmc.o(i.SDIO_ReadFIFO)
    SDIO_SendCommand                         0x080081db   Thumb Code    32  stm32f4xx_ll_sdmmc.o(i.SDIO_SendCommand)
    SDIO_WriteFIFO                           0x080081fb   Thumb Code    10  stm32f4xx_ll_sdmmc.o(i.SDIO_WriteFIFO)
    SDMMC_CmdAppCommand                      0x08008205   Thumb Code    50  stm32f4xx_ll_sdmmc.o(i.SDMMC_CmdAppCommand)
    SDMMC_CmdAppOperCommand                  0x08008239   Thumb Code    48  stm32f4xx_ll_sdmmc.o(i.SDMMC_CmdAppOperCommand)
    SDMMC_CmdBlockLength                     0x0800826d   Thumb Code    50  stm32f4xx_ll_sdmmc.o(i.SDMMC_CmdBlockLength)
    SDMMC_CmdGoIdleState                     0x080082a1   Thumb Code    76  stm32f4xx_ll_sdmmc.o(i.SDMMC_CmdGoIdleState)
    SDMMC_CmdOperCond                        0x080082f1   Thumb Code    98  stm32f4xx_ll_sdmmc.o(i.SDMMC_CmdOperCond)
    SDMMC_CmdReadMultiBlock                  0x08008359   Thumb Code    50  stm32f4xx_ll_sdmmc.o(i.SDMMC_CmdReadMultiBlock)
    SDMMC_CmdReadSingleBlock                 0x0800838b   Thumb Code    50  stm32f4xx_ll_sdmmc.o(i.SDMMC_CmdReadSingleBlock)
    SDMMC_CmdSelDesel                        0x080083bd   Thumb Code    50  stm32f4xx_ll_sdmmc.o(i.SDMMC_CmdSelDesel)
    SDMMC_CmdSendCID                         0x080083ef   Thumb Code    44  stm32f4xx_ll_sdmmc.o(i.SDMMC_CmdSendCID)
    SDMMC_CmdSendCSD                         0x0800841b   Thumb Code    44  stm32f4xx_ll_sdmmc.o(i.SDMMC_CmdSendCSD)
    SDMMC_CmdSendStatus                      0x08008447   Thumb Code    50  stm32f4xx_ll_sdmmc.o(i.SDMMC_CmdSendStatus)
    SDMMC_CmdSetRelAdd                       0x08008479   Thumb Code    48  stm32f4xx_ll_sdmmc.o(i.SDMMC_CmdSetRelAdd)
    SDMMC_CmdStopTransfer                    0x080084a9   Thumb Code    46  stm32f4xx_ll_sdmmc.o(i.SDMMC_CmdStopTransfer)
    SDMMC_CmdWriteMultiBlock                 0x080084dd   Thumb Code    50  stm32f4xx_ll_sdmmc.o(i.SDMMC_CmdWriteMultiBlock)
    SDMMC_CmdWriteSingleBlock                0x0800850f   Thumb Code    50  stm32f4xx_ll_sdmmc.o(i.SDMMC_CmdWriteSingleBlock)
    SD_initialize                            0x08008919   Thumb Code    28  sd_diskio.o(i.SD_initialize)
    SD_ioctl                                 0x08008939   Thumb Code    76  sd_diskio.o(i.SD_ioctl)
    SD_read                                  0x08008989   Thumb Code    38  sd_diskio.o(i.SD_read)
    SD_status                                0x080089af   Thumb Code     4  sd_diskio.o(i.SD_status)
    SD_write                                 0x080089b5   Thumb Code    38  sd_diskio.o(i.SD_write)
    SET_GPIOB_Structure                      0x080089dd   Thumb Code    18  adc.o(i.SET_GPIOB_Structure)
    SET_GPIO_Structures                      0x080089f9   Thumb Code    64  adc.o(i.SET_GPIO_Structures)
    SRM_ADC_GetData                          0x08008a41   Thumb Code   486  control.o(i.SRM_ADC_GetData)
    SRM_ADC_Select                           0x08008c65   Thumb Code    96  adc.o(i.SRM_ADC_Select)
    SRM_Multiple_Conversions                 0x08008cc9   Thumb Code    30  control.o(i.SRM_Multiple_Conversions)
    SRM_Read_ADC_16Bits                      0x08008ce9   Thumb Code   126  adc.o(i.SRM_Read_ADC_16Bits)
    SRM_Send_Data                            0x08008d75   Thumb Code    82  control.o(i.SRM_Send_Data)
    SRM_Single_Conversion                    0x08008e01   Thumb Code    90  control.o(i.SRM_Single_Conversion)
    SRM_Start_Test                           0x08008e61   Thumb Code    48  control.o(i.SRM_Start_Test)
    SRM_Write_ADC_Byte                       0x08008e99   Thumb Code   112  adc.o(i.SRM_Write_ADC_Byte)
    SRM_Write_Data_ToArray                   0x08008f11   Thumb Code    56  control.o(i.SRM_Write_Data_ToArray)
    SVC_Handler                              0x08008f51   Thumb Code     2  stm32f4xx_it.o(i.SVC_Handler)
    S_D8                                     0x08008f53   Thumb Code    12  comm.o(i.S_D8)
    S_D82                                    0x08008f5f   Thumb Code    12  comm.o(i.S_D82)
    SendMeasurementParameters_Comm           0x08008f6d   Thumb Code    52  control.o(i.SendMeasurementParameters_Comm)
    SendOutputBuffer                         0x08008fb9   Thumb Code   160  comm.o(i.SendOutputBuffer)
    SendProgressBar                          0x08009065   Thumb Code    28  sd_card.o(i.SendProgressBar)
    SendVNC1L                                0x0800908d   Thumb Code    24  usb_flash_drive.o(i.SendVNC1L)
    SendVNC1L_fast                           0x080090a5   Thumb Code    36  usb_flash_drive.o(i.SendVNC1L_fast)
    SetAnalogCHRange                         0x080090c9   Thumb Code   228  bios.o(i.SetAnalogCHRange)
    SetCommPort_COMM                         0x080091b9   Thumb Code    40  control.o(i.SetCommPort_COMM)
    SetDir                                   0x080091f5   Thumb Code   264  usb_flash_drive.o(i.SetDir)
    SetLTransdParameters_COMM                0x08009355   Thumb Code    78  control.o(i.SetLTransdParameters_COMM)
    SetMeasParameters_COMM                   0x080093ad   Thumb Code   838  control.o(i.SetMeasParameters_COMM)
    SetPulseLenghts_COMM                     0x0800975d   Thumb Code    94  control.o(i.SetPulseLenghts_COMM)
    SetRemoteControl_COMM                    0x080097d1   Thumb Code    56  control.o(i.SetRemoteControl_COMM)
    Set_Active_Language_Comm                 0x0800980d   Thumb Code    54  control.o(i.Set_Active_Language_Comm)
    Set_RMO_Results_Comm                     0x08009855   Thumb Code   116  control.o(i.Set_RMO_Results_Comm)
    Set_Test_Mode_COMM                       0x080098d5   Thumb Code   230  control.o(i.Set_Test_Mode_COMM)
    Store_Calib_Coef_to_EEPROM_Comm          0x080099bb   Thumb Code     4  calib.o(i.Store_Calib_Coef_to_EEPROM_Comm)
    SysTick_Handler                          0x080099bf   Thumb Code     4  stm32f4xx_it.o(i.SysTick_Handler)
    SystemClock_Config                       0x080099c5   Thumb Code   140  init.o(i.SystemClock_Config)
    SystemCoreClockUpdate                    0x08009a59   Thumb Code    86  system_stm32f4xx.o(i.SystemCoreClockUpdate)
    SystemInit                               0x08009ac1   Thumb Code    66  system_stm32f4xx.o(i.SystemInit)
    TIM2_IRQHandler                          0x08009b15   Thumb Code     6  stm32f4xx_it.o(i.TIM2_IRQHandler)
    TIM_Base_SetConfig                       0x08009b21   Thumb Code   148  stm32f4xx_hal_tim.o(i.TIM_Base_SetConfig)
    TestWrite                                0x08009c4d   Thumb Code    30  usb_flash_drive.o(i.TestWrite)
    TimePrikaz                               0x08009c71   Thumb Code   350  control.o(i.TimePrikaz)
    Toggle_Pins                              0x08009e2d   Thumb Code    50  control.o(i.Toggle_Pins)
    USART1_UART_Init_printer_comm            0x0800a18d   Thumb Code    52  init.o(i.USART1_UART_Init_printer_comm)
    UcitajNumerickeRezultate                 0x0800a1c9   Thumb Code  1070  usb_flash_drive.o(i.UcitajNumerickeRezultate)
    UsageFault_Handler                       0x0800a5f7   Thumb Code     2  stm32f4xx_it.o(i.UsageFault_Handler)
    VBAT_ADC_Read                            0x0800a5f9   Thumb Code   318  adc.o(i.VBAT_ADC_Read)
    VNrs                                     0x0800a745   Thumb Code    48  usb_flash_drive.o(i.VNrs)
    Wait_ADC_RDY                             0x0800a779   Thumb Code   120  control.o(i.Wait_ADC_RDY)
    WriteSPIs                                0x0800a7f5   Thumb Code    74  usb_flash_drive.o(i.WriteSPIs)
    WriteSPIs_fast                           0x0800a83f   Thumb Code    54  usb_flash_drive.o(i.WriteSPIs_fast)
    Write_Calib_Coef_Comm                    0x0800a875   Thumb Code   468  calib.o(i.Write_Calib_Coef_Comm)
    Write_DRM_Channel                        0x0800aa51   Thumb Code   498  control.o(i.Write_DRM_Channel)
    __0sprintf                               0x0800ac7d   Thumb Code    34  printfa.o(i.__0sprintf)
    __1sprintf                               0x0800ac7d   Thumb Code     0  printfa.o(i.__0sprintf)
    __2sprintf                               0x0800ac7d   Thumb Code     0  printfa.o(i.__0sprintf)
    __c89sprintf                             0x0800ac7d   Thumb Code     0  printfa.o(i.__0sprintf)
    sprintf                                  0x0800ac7d   Thumb Code     0  printfa.o(i.__0sprintf)
    __aeabi_errno_addr                       0x0800aca5   Thumb Code     4  errno.o(i.__aeabi_errno_addr)
    __rt_errno_addr                          0x0800aca5   Thumb Code     0  errno.o(i.__aeabi_errno_addr)
    __scatterload_copy                       0x0800acad   Thumb Code    14  handlers.o(i.__scatterload_copy)
    __scatterload_null                       0x0800acbb   Thumb Code     2  handlers.o(i.__scatterload_null)
    __scatterload_zeroinit                   0x0800acbd   Thumb Code    14  handlers.o(i.__scatterload_zeroinit)
    abs_16_bit                               0x0800b589   Thumb Code    10  control.o(i.abs_16_bit)
    add_new_res_to_list                      0x0800b595   Thumb Code    66  sd_card.o(i.add_new_res_to_list)
    apply_offset_correction                  0x0800b5dd   Thumb Code    38  calib.o(i.apply_offset_correction)
    calc_max_time                            0x0800b603   Thumb Code    34  control.o(i.calc_max_time)
    calc_min_time                            0x0800b625   Thumb Code    34  control.o(i.calc_min_time)
    calculate_gained_value                   0x0800b649   Thumb Code    66  calib.o(i.calculate_gained_value)
    calculate_offset_for_CC_channels         0x0800b6a9   Thumb Code   102  calib.o(i.calculate_offset_for_CC_channels)
    calculate_overtavel                      0x0800b719   Thumb Code   246  control.o(i.calculate_overtavel)
    calculate_rebound                        0x0800b81d   Thumb Code   224  control.o(i.calculate_rebound)
    calculate_total_travel                   0x0800b909   Thumb Code   240  control.o(i.calculate_total_travel)
    check_calibration_coeficients            0x0800ba09   Thumb Code   154  calib.o(i.check_calibration_coeficients)
    check_for_stop_button                    0x0800baa9   Thumb Code    22  control.o(i.check_for_stop_button)
    check_if_digit                           0x0800bb35   Thumb Code    52  control.o(i.check_if_digit)
    check_mc_test_results                    0x0800bb6d   Thumb Code   188  control.o(i.check_mc_test_results)
    clear_sector                             0x0800bcad   Thumb Code    20  usb_flash_drive.o(i.clear_sector)
    close_file_and_unmount                   0x0800bce9   Thumb Code    28  sd_card.o(i.close_file_and_unmount)
    clrvn                                    0x0800bd0d   Thumb Code    16  usb_flash_drive.o(i.clrvn)
    coil_control                             0x0800bd39   Thumb Code   282  control.o(i.coil_control)
    compare_analog_value                     0x0800be61   Thumb Code   130  control.o(i.compare_analog_value)
    convert_to_slong_DT_res                  0x0800bee9   Thumb Code    18  adc.o(i.convert_to_slong_DT_res)
    define_path                              0x0800c095   Thumb Code    38  sd_card.o(i.define_path)
    delay_us                                 0x0800c0f1   Thumb Code    24  bios.o(i.delay_us)
    delete_result_from_the_list              0x0800c109   Thumb Code     6  sd_card.o(i.delete_result_from_the_list)
    disable_printer_communication            0x0800c3d1   Thumb Code    34  bios.o(i.disable_printer_communication)
    disk_initialize                          0x0800c3fd   Thumb Code    36  diskio.o(i.disk_initialize)
    disk_ioctl                               0x0800c425   Thumb Code    24  diskio.o(i.disk_ioctl)
    disk_read                                0x0800c441   Thumb Code    24  diskio.o(i.disk_read)
    disk_status                              0x0800c45d   Thumb Code    18  diskio.o(i.disk_status)
    disk_write                               0x0800c475   Thumb Code    24  diskio.o(i.disk_write)
    drive_close_coil                         0x0800c491   Thumb Code   128  control.o(i.drive_close_coil)
    drive_open_coil                          0x0800c519   Thumb Code   132  control.o(i.drive_open_coil)
    enable_printer_communication             0x0800c5a5   Thumb Code    34  bios.o(i.enable_printer_communication)
    erase_all_mem_locations                  0x0800c5d1   Thumb Code    48  sd_card.o(i.erase_all_mem_locations)
    f_close                                  0x0800c605   Thumb Code    40  ff.o(i.f_close)
    f_mount                                  0x0800c62d   Thumb Code    84  ff.o(i.f_mount)
    f_open                                   0x0800c685   Thumb Code   520  ff.o(i.f_open)
    f_read                                   0x0800c891   Thumb Code   338  ff.o(i.f_read)
    f_sync                                   0x0800c9e3   Thumb Code   142  ff.o(i.f_sync)
    f_unlink                                 0x0800ca71   Thumb Code   158  ff.o(i.f_unlink)
    f_write                                  0x0800cb0f   Thumb Code   398  ff.o(i.f_write)
    foo_function                             0x0800cf65   Thumb Code    44  control.o(i.foo_function)
    free                                     0x0800cf9d   Thumb Code    76  malloc.o(i.free)
    get_fattime                              0x0800d0ab   Thumb Code     4  fatfs.o(i.get_fattime)
    get_range                                0x0800d0eb   Thumb Code    36  calib.o(i.get_range)
    get_real_adc_values                      0x0800d111   Thumb Code   318  adc.o(i.get_real_adc_values)
    getcharB                                 0x0800d255   Thumb Code   182  comm.o(i.getcharB)
    init_results_vaules                      0x0800d395   Thumb Code   140  control.o(i.init_results_vaules)
    init_sd_card                             0x0800d439   Thumb Code    24  sd_card.o(i.init_sd_card)
    list_all_mem_locations                   0x0800d4a1   Thumb Code    92  sd_card.o(i.list_all_mem_locations)
    load_mem_loc_info                        0x0800d505   Thumb Code    24  sd_card.o(i.load_mem_loc_info)
    main                                     0x0800d52d   Thumb Code   296  main.o(i.main)
    malloc                                   0x0800d689   Thumb Code    92  malloc.o(i.malloc)
    mem_location_info                        0x0800d709   Thumb Code    66  sd_card.o(i.mem_location_info)
    my_getchar                               0x0800d791   Thumb Code    22  comm.o(i.my_getchar)
    my_putchar                               0x0800d7ad   Thumb Code    18  comm.o(i.my_putchar)
    process_data_for_CO_test                 0x0800d7c5   Thumb Code   268  control.o(i.process_data_for_CO_test)
    process_data_for_OCO_test                0x0800d8dd   Thumb Code   696  control.o(i.process_data_for_OCO_test)
    process_data_for_OC_test                 0x0800dba1   Thumb Code   544  control.o(i.process_data_for_OC_test)
    process_data_for_closing_test            0x0800ddcd   Thumb Code  1024  control.o(i.process_data_for_closing_test)
    process_data_for_opening_test            0x0800e1e5   Thumb Code   782  control.o(i.process_data_for_opening_test)
    putcharB                                 0x0800e5f9   Thumb Code   174  comm.o(i.putcharB)
    putchar_printer                          0x0800e6b1   Thumb Code    18  comm.o(i.putchar_printer)
    read_adc_raw_results                     0x0800e6c9   Thumb Code   412  adc.o(i.read_adc_raw_results)
    read_adc_res_sram_test                   0x0800e86d   Thumb Code   640  adc.o(i.read_adc_res_sram_test)
    read_all_adc_channels_test               0x0800eaf9   Thumb Code  3122  adc.o(i.read_all_adc_channels_test)
    read_all_adcs                            0x0800f72d   Thumb Code   256  control.o(i.read_all_adcs)
    read_analog_adc_for_trigger              0x0800f83d   Thumb Code     2  adc.o(i.read_analog_adc_for_trigger)
    read_data_from_sd_card                   0x0800f83f   Thumb Code    58  sd_card.o(i.read_data_from_sd_card)
    read_digital_trans_chs                   0x0800f879   Thumb Code   394  adc.o(i.read_digital_trans_chs)
    read_dummy                               0x0800fa1d   Thumb Code    18  printer.o(i.read_dummy)
    read_from_file                           0x0800fa31   Thumb Code   298  sd_card.o(i.read_from_file)
    read_multiple_ch_adcs                    0x0800fb99   Thumb Code  1142  adc.o(i.read_multiple_ch_adcs)
    reset_flash_drive_MCU                    0x08010085   Thumb Code    58  usb_flash_drive.o(i.reset_flash_drive_MCU)
    search_max_current_per_ch                0x080100c5   Thumb Code   114  control.o(i.search_max_current_per_ch)
    search_min_max_voltage_per_ch            0x08010141   Thumb Code    70  control.o(i.search_min_max_voltage_per_ch)
    send_data_transfer_over_status           0x0801018d   Thumb Code    46  comm.o(i.send_data_transfer_over_status)
    send_measuring_samples_to_pc             0x080101c1   Thumb Code   204  comm.o(i.send_measuring_samples_to_pc)
    send_test_data_to_pc                     0x08010291   Thumb Code   576  comm.o(i.send_test_data_to_pc)
    set_contact_wipe_results_to_zero         0x0801057d   Thumb Code    78  control.o(i.set_contact_wipe_results_to_zero)
    set_osg_or_bsg                           0x080105d9   Thumb Code    48  control.o(i.set_osg_or_bsg)
    setdt                                    0x0801060d   Thumb Code    56  usb_flash_drive.o(i.setdt)
    slave_deselect_usb_flash_drive           0x0801064d   Thumb Code    22  usb_flash_drive.o(i.slave_deselect_usb_flash_drive)
    slave_select_usb_flash_drive             0x08010669   Thumb Code    22  usb_flash_drive.o(i.slave_select_usb_flash_drive)
    spie_master_tx_fast                      0x08010685   Thumb Code   160  comm.o(i.spie_master_tx_fast)
    spie_master_tx_rx                        0x0801072d   Thumb Code   168  comm.o(i.spie_master_tx_rx)
    store_data_to_sd_card                    0x0801081d   Thumb Code    64  sd_card.o(i.store_data_to_sd_card)
    store_graphics_to_sd_card                0x08010861   Thumb Code    52  sd_card.o(i.store_graphics_to_sd_card)
    store_list_array_into_mem                0x08010899   Thumb Code    34  sd_card.o(i.store_list_array_into_mem)
    store_numerics_to_sd_card                0x080108bb   Thumb Code    40  sd_card.o(i.store_numerics_to_sd_card)
    string_to_int                            0x080108e5   Thumb Code    40  control.o(i.string_to_int)
    string_to_long                           0x08010911   Thumb Code    40  control.o(i.string_to_long)
    wait_char_from_pc                        0x08010a49   Thumb Code    56  comm.o(i.wait_char_from_pc)
    write_to_file                            0x08010aad   Thumb Code   454  sd_card.o(i.write_to_file)
    SD_Driver                                0x08010cb0   Data          20  sd_diskio.o(.constdata)
    AHBPrescTable                            0x08010cc4   Data          16  system_stm32f4xx.o(.constdata)
    APBPrescTable                            0x08010cd4   Data           8  system_stm32f4xx.o(.constdata)
    __ctype_table                            0x08010d78   Data         129  ctype_o.o(.constdata)
    Region$$Table$$Base                      0x08010ee4   Number         0  anon$$obj.o(Region$$Table)
    Region$$Table$$Limit                     0x08010f04   Number         0  anon$$obj.o(Region$$Table)
    MCU_bat_chg_ctrl                         0x20000000   Data           1  bios.o(.data)
    BSG_Relay_Control                        0x20000001   Data           1  bios.o(.data)
    PORT607                                  0x20000002   Data           1  bios.o(.data)
    PORT608                                  0x20000003   Data           1  bios.o(.data)
    PORT609                                  0x20000004   Data           1  bios.o(.data)
    PORT610                                  0x20000005   Data           1  bios.o(.data)
    language                                 0x20000006   Data           1  bios.o(.data)
    COMM                                     0x20000007   Data           3  bios.o(.data)
    TIMEDATE                                 0x2000000a   Data           6  bios.o(.data)
    GetDataFromMemory                        0x20000010   Data           1  comm.o(.data)
    timer1_interrupt                         0x20000014   Data           1  control.o(.data)
    timer2_interrupt                         0x20000015   Data           1  control.o(.data)
    control_after_first_contact_touched      0x20000016   Data           1  control.o(.data)
    timer1_DRM_ON                            0x20000017   Data           1  control.o(.data)
    timer2_SRM_ON                            0x20000018   Data           1  control.o(.data)
    MaxValuePom                              0x2000001c   Data           4  control.o(.data)
    MinValuePom                              0x20000020   Data           4  control.o(.data)
    ADCresult1H                              0x20000024   Data           1  adc.o(.data)
    ADCresult2H                              0x20000025   Data           1  adc.o(.data)
    ADCresult1L                              0x20000026   Data           1  adc.o(.data)
    ADCresult2L                              0x20000027   Data           1  adc.o(.data)
    SRM_ADC_Delay                            0x20000028   Data           4  adc.o(.data)
    Test_Phase                               0x2000002c   Data           4  adc.o(.data)
    SRM1_C_Gain                              0x20000030   Data           4  adc.o(.data)
    SRM1_V_Gain                              0x20000034   Data           4  adc.o(.data)
    SRM1_C_Offset                            0x20000038   Data           4  adc.o(.data)
    SRM1_V_Offset                            0x2000003c   Data           4  adc.o(.data)
    SRM2_C_Gain                              0x20000040   Data           4  adc.o(.data)
    SRM2_V_Gain                              0x20000044   Data           4  adc.o(.data)
    SRM2_C_Offset                            0x20000048   Data           4  adc.o(.data)
    SRM2_V_Offset                            0x2000004c   Data           4  adc.o(.data)
    TestDuration                             0x20000050   Data           4  adc.o(.data)
    SRM1_G_I                                 0x20000054   Data           4  adc.o(.data)
    SRM2_G_I                                 0x20000058   Data           4  adc.o(.data)
    SRM1_G_V                                 0x2000005c   Data           4  adc.o(.data)
    SRM2_G_V                                 0x20000060   Data           4  adc.o(.data)
    Test_Count                               0x20000064   Data           4  adc.o(.data)
    Test_Current                             0x20000068   Data           4  adc.o(.data)
    RemoteTest_h                             0x2000006c   Data           4  adc.o(.data)
    RemoteTest                               0x20000070   Data           4  adc.o(.data)
    ADCdataL                                 0x20000074   Data           8  adc.o(.data)
    ADCdataH                                 0x2000007c   Data           8  adc.o(.data)
    C_buffer_RET                             0x20000084   Data           8  adc.o(.data)
    nbytes                                   0x2000008c   Data           4  sd_card.o(.data)
    size_of_mem_loc_res                      0x20000090   Data           4  sd_card.o(.data)
    greska                                   0x20000094   Data           1  usb_flash_drive.o(.data)
    printer_texts                            0x20000095   Data        3344  lang.o(.data)
    varijabla                                0x20000da5   Data           1  main.o(.data)
    retSD                                    0x20000da7   Data           1  fatfs.o(.data)
    SDPath                                   0x20000da8   Data           4  fatfs.o(.data)
    uwTickFreq                               0x20000db4   Data           1  stm32f4xx_hal.o(.data)
    uwTickPrio                               0x20000db8   Data           4  stm32f4xx_hal.o(.data)
    uwTick                                   0x20000dbc   Data           4  stm32f4xx_hal.o(.data)
    SystemCoreClock                          0x20000dc0   Data           4  system_stm32f4xx.o(.data)
    __microlib_freelist                      0x20000dcc   Data           4  mvars.o(.data)
    __microlib_freelist_initialised          0x20000dd0   Data           4  mvars.o(.data)
    TESTPAR                                  0x20000dd8   Data         184  bios.o(.bss)
    BDATA                                    0x20000e90   Data         120  bios.o(.bss)
    TDATA                                    0x20000f08   Data          60  bios.o(.bss)
    STICK                                    0x20000f44   Data          51  bios.o(.bss)
    CALIB                                    0x20000f78   Data         332  bios.o(.bss)
    MainC_Results                            0x200010c4   Data         240  bios.o(.bss)
    Current_Results                          0x200011b4   Data          48  bios.o(.bss)
    AUX_Results                              0x200011e4   Data          24  bios.o(.bss)
    AnalogCH_Results                         0x200011fc   Data          96  bios.o(.bss)
    LTransd_Results                          0x2000125c   Data         132  bios.o(.bss)
    DTransd_Results                          0x200012e0   Data         132  bios.o(.bss)
    RMO_Results                              0x20001364   Data         150  bios.o(.bss)
    SRM_ADC_Data_Array                       0x200013fc   Data         640  bios.o(.bss)
    SRM_ADC_Data                             0x2000167c   Data          32  bios.o(.bss)
    OutputBuffer                             0x2000169c   Data          50  comm.o(.bss)
    InputBuffer                              0x200016ce   Data          50  comm.o(.bss)
    PrintBuffer                              0x20001700   Data          52  control.o(.bss)
    GPIO_InitStruct1                         0x20001734   Data          20  adc.o(.bss)
    GPIO_InitStruct2                         0x20001748   Data          20  adc.o(.bss)
    ADC_Results                              0x2000175c   Data          72  adc.o(.bss)
    ADC_8bit_results                         0x200017a4   Data          80  adc.o(.bss)
    SRM1_C_CH0_Gain                          0x200017f4   Data          16  adc.o(.bss)
    SRM2_C_CH0_Gain                          0x20001804   Data          16  adc.o(.bss)
    SRM1_C_CH0_Sign                          0x20001814   Data          16  adc.o(.bss)
    SRM2_C_CH0_Sign                          0x20001824   Data          16  adc.o(.bss)
    SRM1_C_CH0_Offset                        0x20001834   Data          16  adc.o(.bss)
    SRM2_C_CH0_Offset                        0x20001844   Data          16  adc.o(.bss)
    SRM1_C_CH1_Gain                          0x20001854   Data          16  adc.o(.bss)
    SRM2_C_CH1_Gain                          0x20001864   Data          16  adc.o(.bss)
    SRM1_C_CH1_Sign                          0x20001874   Data          16  adc.o(.bss)
    SRM2_C_CH1_Sign                          0x20001884   Data          16  adc.o(.bss)
    SRM1_C_CH1_Offset                        0x20001894   Data          16  adc.o(.bss)
    SRM2_C_CH1_Offset                        0x200018a4   Data          16  adc.o(.bss)
    SRM1_V_CH0_Gain                          0x200018b4   Data          16  adc.o(.bss)
    SRM2_V_CH0_Gain                          0x200018c4   Data          16  adc.o(.bss)
    SRM1_V_CH0_Sign                          0x200018d4   Data          16  adc.o(.bss)
    SRM2_V_CH0_Sign                          0x200018e4   Data          16  adc.o(.bss)
    SRM1_V_CH1_Gain                          0x200018f4   Data          16  adc.o(.bss)
    SRM2_V_CH1_Gain                          0x20001904   Data          16  adc.o(.bss)
    SRM1_V_CH1_Sign                          0x20001914   Data          16  adc.o(.bss)
    SRM2_V_CH1_Sign                          0x20001924   Data          16  adc.o(.bss)
    cptr                                     0x20001934   Data          16  adc.o(.bss)
    C_buffer                                 0x20001944   Data        5152  adc.o(.bss)
    DACV_Reg                                 0x20002d64   Data          20  adc.o(.bss)
    AD                                       0x20002d78   Data          16  adc.o(.bss)
    fat                                      0x20002d88   Data         560  sd_card.o(.bss)
    file                                     0x20002fb8   Data         560  sd_card.o(.bss)
    path                                     0x200031e8   Data          20  sd_card.o(.bss)
    outbv                                    0x200031fc   Data          64  usb_flash_drive.o(.bss)
    sector                                   0x2000323c   Data         512  usb_flash_drive.o(.bss)
    hsd                                      0x2000343c   Data         132  init.o(.bss)
    htim2                                    0x200034c0   Data          60  init.o(.bss)
    htim3                                    0x200034fc   Data          60  init.o(.bss)
    huart1                                   0x20003538   Data          64  init.o(.bss)
    hsram1                                   0x20003578   Data          80  init.o(.bss)
    hi2c1                                    0x200035c8   Data          84  init.o(.bss)
    activetext                               0x2000361c   Data        1672  lang.o(.bss)
    disk                                     0x20003cc4   Data          12  ff_gen_drv.o(.bss)
    __heap_base                              0x20003cd0   Data           0  startup_stm32f407xx.o(HEAP)
    __heap_limit                             0x20005cd0   Data           0  startup_stm32f407xx.o(HEAP)
    __initial_sp                             0x20009cd0   Data           0  startup_stm32f407xx.o(STACK)



==============================================================================

Memory Map of the image

  Image Entry point : 0x08000189

  Load Region LR_IROM1 (Base: 0x08000000, Size: 0x00011cdc, Max: 0x00080000, ABSOLUTE, COMPRESSED[0x00011598])

    Execution Region ER_IROM1 (Exec base: 0x08000000, Load base: 0x08000000, Size: 0x00010f04, Max: 0x00080000, ABSOLUTE)

    Exec Addr    Load Addr    Size         Type   Attr      Idx    E Section Name        Object

    0x08000000   0x08000000   0x00000188   Data   RO            3    RESET               startup_stm32f407xx.o
    0x08000188   0x08000188   0x00000000   Code   RO         6332  * .ARM.Collect$$$$00000000  mc_w.l(entry.o)
    0x08000188   0x08000188   0x00000004   Code   RO         6688    .ARM.Collect$$$$00000001  mc_w.l(entry2.o)
    0x0800018c   0x0800018c   0x00000004   Code   RO         6691    .ARM.Collect$$$$00000004  mc_w.l(entry5.o)
    0x08000190   0x08000190   0x00000000   Code   RO         6693    .ARM.Collect$$$$00000008  mc_w.l(entry7b.o)
    0x08000190   0x08000190   0x00000000   Code   RO         6695    .ARM.Collect$$$$0000000A  mc_w.l(entry8b.o)
    0x08000190   0x08000190   0x00000008   Code   RO         6696    .ARM.Collect$$$$0000000B  mc_w.l(entry9a.o)
    0x08000198   0x08000198   0x00000000   Code   RO         6698    .ARM.Collect$$$$0000000D  mc_w.l(entry10a.o)
    0x08000198   0x08000198   0x00000000   Code   RO         6700    .ARM.Collect$$$$0000000F  mc_w.l(entry11a.o)
    0x08000198   0x08000198   0x00000004   Code   RO         6689    .ARM.Collect$$$$00002712  mc_w.l(entry2.o)
    0x0800019c   0x0800019c   0x00000024   Code   RO            4    .text               startup_stm32f407xx.o
    0x080001c0   0x080001c0   0x00000062   Code   RO         6339    .text               mc_w.l(uldiv.o)
    0x08000222   0x08000222   0x00000002   PAD
    0x08000224   0x08000224   0x00000008   Code   RO         6341    .text               mc_w.l(ctype_o.o)
    0x0800022c   0x0800022c   0x00000024   Code   RO         6369    .text               mc_w.l(memcpya.o)
    0x08000250   0x08000250   0x00000024   Code   RO         6371    .text               mc_w.l(memseta.o)
    0x08000274   0x08000274   0x0000000e   Code   RO         6373    .text               mc_w.l(strlen.o)
    0x08000282   0x08000282   0x00000012   Code   RO         6375    .text               mc_w.l(strcpy.o)
    0x08000294   0x08000294   0x0000001a   Code   RO         6668    .text               mc_w.l(atoi.o)
    0x080002ae   0x080002ae   0x0000001a   Code   RO         6670    .text               mc_w.l(atol.o)
    0x080002c8   0x080002c8   0x000000e4   Code   RO         6672    .text               mf_w.l(dmul.o)
    0x080003ac   0x080003ac   0x000000de   Code   RO         6674    .text               mf_w.l(ddiv.o)
    0x0800048a   0x0800048a   0x0000001a   Code   RO         6676    .text               mf_w.l(dfltui.o)
    0x080004a4   0x080004a4   0x0000003e   Code   RO         6678    .text               mf_w.l(dfixi.o)
    0x080004e2   0x080004e2   0x00000032   Code   RO         6680    .text               mf_w.l(dfixui.o)
    0x08000514   0x08000514   0x00000026   Code   RO         6682    .text               mf_w.l(f2d.o)
    0x0800053a   0x0800053a   0x00000002   PAD
    0x0800053c   0x0800053c   0x00000030   Code   RO         6684    .text               mf_w.l(cdrcmple.o)
    0x0800056c   0x0800056c   0x00000038   Code   RO         6686    .text               mf_w.l(d2f.o)
    0x080005a4   0x080005a4   0x0000002c   Code   RO         6705    .text               mc_w.l(uidiv.o)
    0x080005d0   0x080005d0   0x0000001e   Code   RO         6707    .text               mc_w.l(llshl.o)
    0x080005ee   0x080005ee   0x00000020   Code   RO         6709    .text               mc_w.l(llushr.o)
    0x0800060e   0x0800060e   0x00000070   Code   RO         6720    .text               mc_w.l(strtol.o)
    0x0800067e   0x0800067e   0x00000000   Code   RO         6722    .text               mc_w.l(iusefp.o)
    0x0800067e   0x0800067e   0x0000006e   Code   RO         6723    .text               mf_w.l(fepilogue.o)
    0x080006ec   0x080006ec   0x000000ba   Code   RO         6725    .text               mf_w.l(depilogue.o)
    0x080007a6   0x080007a6   0x0000014e   Code   RO         6727    .text               mf_w.l(dadd.o)
    0x080008f4   0x080008f4   0x00000030   Code   RO         6729    .text               mf_w.l(dfixul.o)
    0x08000924   0x08000924   0x00000024   Code   RO         6731    .text               mc_w.l(init.o)
    0x08000948   0x08000948   0x00000024   Code   RO         6734    .text               mc_w.l(llsshr.o)
    0x0800096c   0x0800096c   0x0000009e   Code   RO         6736    .text               mc_w.l(_strtoul.o)
    0x08000a0a   0x08000a0a   0x0000001c   Code   RO         6739    .text               mc_w.l(_chval.o)
    0x08000a26   0x08000a26   0x0000005e   Code   RO         6749    .text               mc_w.l(__dclz77c.o)
    0x08000a84   0x08000a84   0x0000061c   Code   RO         1111    i.ADC_Read_MainContacts  adc.o
    0x080010a0   0x080010a0   0x00000030   Code   RO          538    i.AUX_DryWetControl_Command  control.o
    0x080010d0   0x080010d0   0x000000ac   Code   RO          170    i.AUX_dry_wet_control  bios.o
    0x0800117c   0x0800117c   0x00000108   Code   RO          539    i.AddSinglePhaseResult  control.o
    0x08001284   0x08001284   0x00000034   Code   RO          171    i.BSGBuckControl    bios.o
    0x080012b8   0x080012b8   0x00000030   Code   RO          172    i.BSGChargeDischargeRELControl  bios.o
    0x080012e8   0x080012e8   0x0000002c   Code   RO          173    i.BSGConfigON       bios.o
    0x08001314   0x08001314   0x00000030   Code   RO          174    i.BSGRelayControl   bios.o
    0x08001344   0x08001344   0x0000006a   Code   RO          175    i.BSGSOneBPPF_ON_Sequence  bios.o
    0x080013ae   0x080013ae   0x0000006a   Code   RO          176    i.BSGSTwoBPPF_ON_Sequence  bios.o
    0x08001418   0x08001418   0x0000005c   Code   RO          540    i.BSGTest_COMM      control.o
    0x08001474   0x08001474   0x00000050   Code   RO          177    i.BSG_OFF_Sequence  bios.o
    0x080014c4   0x080014c4   0x0000000c   Code   RO         1944    i.BSP_SD_GetCardInfo  bsp_driver_sd.o
    0x080014d0   0x080014d0   0x00000018   Code   RO         1945    i.BSP_SD_GetCardState  bsp_driver_sd.o
    0x080014e8   0x080014e8   0x00000024   Code   RO         1948    i.BSP_SD_Init       bsp_driver_sd.o
    0x0800150c   0x0800150c   0x00000020   Code   RO         1950    i.BSP_SD_ReadBlocks  bsp_driver_sd.o
    0x0800152c   0x0800152c   0x00000020   Code   RO         1953    i.BSP_SD_WriteBlocks  bsp_driver_sd.o
    0x0800154c   0x0800154c   0x000000c0   Code   RO          541    i.Battery_Charger_Control  control.o
    0x0800160c   0x0800160c   0x00000002   Code   RO         2180    i.BusFault_Handler  stm32f4xx_it.o
    0x0800160e   0x0800160e   0x00000002   PAD
    0x08001610   0x08001610   0x00000030   Code   RO          181    i.CC_RelayControl   bios.o
    0x08001640   0x08001640   0x00000038   Code   RO         1465    i.CKD               usb_flash_drive.o
    0x08001678   0x08001678   0x00000168   Code   RO          542    i.CalculateMaxMinTimePerPhase  control.o
    0x080017e0   0x080017e0   0x00000134   Code   RO          543    i.Channel_Power_Control  control.o
    0x08001914   0x08001914   0x00000210   Code   RO          544    i.CheckBreakerStatus_COMM  control.o
    0x08001b24   0x08001b24   0x00000018   Code   RO          410    i.ClearInputBuff    comm.o
    0x08001b3c   0x08001b3c   0x00000018   Code   RO          545    i.ClearPrintBuffer  control.o
    0x08001b54   0x08001b54   0x00000050   Code   RO         1466    i.CloseFile         usb_flash_drive.o
    0x08001ba4   0x08001ba4   0x00000014   Code   RO         1467    i.CloseVfile        usb_flash_drive.o
    0x08001bb8   0x08001bb8   0x00000054   Code   RO          182    i.Coil_Control      bios.o
    0x08001c0c   0x08001c0c   0x00000140   Code   RO         1114    i.DRM_ADC_Read_All  adc.o
    0x08001d4c   0x08001d4c   0x00000050   Code   RO          183    i.DRM_Channel_Disable  bios.o
    0x08001d9c   0x08001d9c   0x0000004c   Code   RO          184    i.DRM_Channel_Enable  bios.o
    0x08001de8   0x08001de8   0x0000006c   Code   RO          546    i.DRM_Current_Control  control.o
    0x08001e54   0x08001e54   0x000001fc   Code   RO          547    i.DRM_DAC_Test      control.o
    0x08002050   0x08002050   0x000000bc   Code   RO          185    i.DRM_DAC_Write     bios.o
    0x0800210c   0x0800210c   0x0000012c   Code   RO          548    i.DRM_Get_Results   control.o
    0x08002238   0x08002238   0x00000254   Code   RO          550    i.DRM_Start_Test    control.o
    0x0800248c   0x0800248c   0x00000010   Code   RO          551    i.DT_Reset_Counter_COMM  control.o
    0x0800249c   0x0800249c   0x00000044   Code   RO         1859    i.DWT_Delay_Init    dwt_delay.o
    0x080024e0   0x080024e0   0x0000002c   Code   RO         1860    i.DWT_Delay_ns      dwt_delay.o
    0x0800250c   0x0800250c   0x0000002c   Code   RO         1861    i.DWT_Delay_us      dwt_delay.o
    0x08002538   0x08002538   0x00000002   Code   RO         2181    i.DebugMon_Handler  stm32f4xx_it.o
    0x0800253a   0x0800253a   0x00000002   PAD
    0x0800253c   0x0800253c   0x00000048   Code   RO         1468    i.DeleteFile        usb_flash_drive.o
    0x08002584   0x08002584   0x00000060   Code   RO         1115    i.DigTrans_Counter_Reset  adc.o
    0x080025e4   0x080025e4   0x000002e4   Code   RO          552    i.DigitalTransRes_Prikaz  control.o
    0x080028c8   0x080028c8   0x00000428   Code   RO          553    i.DisplayText       control.o
    0x08002cf0   0x08002cf0   0x000000ac   Code   RO          554    i.EnterBreakerTestDataFileName_COMM  control.o
    0x08002d9c   0x08002d9c   0x00000058   Code   RO          555    i.EnterTFUnits_COMM  control.o
    0x08002df4   0x08002df4   0x0000005c   Code   RO          556    i.EnterTimeDate_COMM  control.o
    0x08002e50   0x08002e50   0x00000002   Code   RO         1895    i.Error_Handler     main.o
    0x08002e52   0x08002e52   0x00000006   Code   RO         6261    i.FATFS_LinkDriver  ff_gen_drv.o
    0x08002e58   0x08002e58   0x00000040   Code   RO         6262    i.FATFS_LinkDriverEx  ff_gen_drv.o
    0x08002e98   0x08002e98   0x00000040   Code   RO         2397    i.FSMC_NORSRAM_Extended_Timing_Init  stm32f4xx_ll_fsmc.o
    0x08002ed8   0x08002ed8   0x00000054   Code   RO         2398    i.FSMC_NORSRAM_Init  stm32f4xx_ll_fsmc.o
    0x08002f2c   0x08002f2c   0x00000044   Code   RO         2399    i.FSMC_NORSRAM_Timing_Init  stm32f4xx_ll_fsmc.o
    0x08002f70   0x08002f70   0x00000050   Code   RO         1469    i.FindFile          usb_flash_drive.o
    0x08002fc0   0x08002fc0   0x0000006c   Code   RO          411    i.GetInputBuffer    comm.o
    0x0800302c   0x0800302c   0x00000294   Code   RO         1773    i.Get_Active_Calibration_Coef_COMM  calib.o
    0x080032c0   0x080032c0   0x000000ac   Code   RO          557    i.Get_BAT_Voltage   control.o
    0x0800336c   0x0800336c   0x0000005e   Code   RO          558    i.Get_Measurement_Data_Comm  control.o
    0x080033ca   0x080033ca   0x00000002   PAD
    0x080033cc   0x080033cc   0x0000008c   Code   RO          559    i.Get_RMO_Results_Comm  control.o
    0x08003458   0x08003458   0x0000000a   Code   RO          560    i.Get_Test_Settings_Comm  control.o
    0x08003462   0x08003462   0x00000002   PAD
    0x08003464   0x08003464   0x00000024   Code   RO         5675    i.HAL_Delay         stm32f4xx_hal.o
    0x08003488   0x08003488   0x0000009c   Code   RO         2262    i.HAL_FSMC_MspInit  stm32f4xx_hal_msp.o
    0x08003524   0x08003524   0x000001b0   Code   RO         5149    i.HAL_GPIO_Init     stm32f4xx_hal_gpio.o
    0x080036d4   0x080036d4   0x0000000a   Code   RO         5151    i.HAL_GPIO_ReadPin  stm32f4xx_hal_gpio.o
    0x080036de   0x080036de   0x00000008   Code   RO         5152    i.HAL_GPIO_TogglePin  stm32f4xx_hal_gpio.o
    0x080036e6   0x080036e6   0x0000000a   Code   RO         5153    i.HAL_GPIO_WritePin  stm32f4xx_hal_gpio.o
    0x080036f0   0x080036f0   0x0000000c   Code   RO         5681    i.HAL_GetTick       stm32f4xx_hal.o
    0x080036fc   0x080036fc   0x00000138   Code   RO         2657    i.HAL_I2C_Master_Transmit  stm32f4xx_hal_i2c.o
    0x08003834   0x08003834   0x00000010   Code   RO         5685    i.HAL_IncTick       stm32f4xx_hal.o
    0x08003844   0x08003844   0x00000034   Code   RO         5686    i.HAL_Init          stm32f4xx_hal.o
    0x08003878   0x08003878   0x00000040   Code   RO         5687    i.HAL_InitTick      stm32f4xx_hal.o
    0x080038b8   0x080038b8   0x00000030   Code   RO         2265    i.HAL_MspInit       stm32f4xx_hal_msp.o
    0x080038e8   0x080038e8   0x00000016   Code   RO         5538    i.HAL_NVIC_EnableIRQ  stm32f4xx_hal_cortex.o
    0x080038fe   0x080038fe   0x00000002   PAD
    0x08003900   0x08003900   0x00000040   Code   RO         5544    i.HAL_NVIC_SetPriority  stm32f4xx_hal_cortex.o
    0x08003940   0x08003940   0x00000024   Code   RO         5545    i.HAL_NVIC_SetPriorityGrouping  stm32f4xx_hal_cortex.o
    0x08003964   0x08003964   0x00000130   Code   RO         4795    i.HAL_RCC_ClockConfig  stm32f4xx_hal_rcc.o
    0x08003a94   0x08003a94   0x0000000c   Code   RO         4800    i.HAL_RCC_GetHCLKFreq  stm32f4xx_hal_rcc.o
    0x08003aa0   0x08003aa0   0x00000020   Code   RO         4802    i.HAL_RCC_GetPCLK1Freq  stm32f4xx_hal_rcc.o
    0x08003ac0   0x08003ac0   0x00000020   Code   RO         4803    i.HAL_RCC_GetPCLK2Freq  stm32f4xx_hal_rcc.o
    0x08003ae0   0x08003ae0   0x0000004c   Code   RO         4804    i.HAL_RCC_GetSysClockFreq  stm32f4xx_hal_rcc.o
    0x08003b2c   0x08003b2c   0x0000031c   Code   RO         4807    i.HAL_RCC_OscConfig  stm32f4xx_hal_rcc.o
    0x08003e48   0x08003e48   0x000001da   Code   RO         3323    i.HAL_SD_GetCardCSD  stm32f4xx_hal_sd.o
    0x08004022   0x08004022   0x00000024   Code   RO         3324    i.HAL_SD_GetCardInfo  stm32f4xx_hal_sd.o
    0x08004046   0x08004046   0x0000002c   Code   RO         3325    i.HAL_SD_GetCardState  stm32f4xx_hal_sd.o
    0x08004072   0x08004072   0x00000036   Code   RO         3330    i.HAL_SD_Init       stm32f4xx_hal_sd.o
    0x080040a8   0x080040a8   0x00000054   Code   RO         3331    i.HAL_SD_InitCard   stm32f4xx_hal_sd.o
    0x080040fc   0x080040fc   0x00000094   Code   RO         2267    i.HAL_SD_MspInit    stm32f4xx_hal_msp.o
    0x08004190   0x08004190   0x000001b2   Code   RO         3334    i.HAL_SD_ReadBlocks  stm32f4xx_hal_sd.o
    0x08004342   0x08004342   0x00000002   PAD
    0x08004344   0x08004344   0x0000019a   Code   RO         3339    i.HAL_SD_WriteBlocks  stm32f4xx_hal_sd.o
    0x080044de   0x080044de   0x00000056   Code   RO         2519    i.HAL_SRAM_Init     stm32f4xx_hal_sram.o
    0x08004534   0x08004534   0x00000004   Code   RO         2269    i.HAL_SRAM_MspInit  stm32f4xx_hal_msp.o
    0x08004538   0x08004538   0x00000036   Code   RO         2522    i.HAL_SRAM_Read_16b  stm32f4xx_hal_sram.o
    0x0800456e   0x0800456e   0x00000036   Code   RO         2524    i.HAL_SRAM_Read_8b  stm32f4xx_hal_sram.o
    0x080045a4   0x080045a4   0x00000042   Code   RO         2528    i.HAL_SRAM_Write_16b  stm32f4xx_hal_sram.o
    0x080045e6   0x080045e6   0x00000042   Code   RO         2530    i.HAL_SRAM_Write_8b  stm32f4xx_hal_sram.o
    0x08004628   0x08004628   0x00000028   Code   RO         5549    i.HAL_SYSTICK_Config  stm32f4xx_hal_cortex.o
    0x08004650   0x08004650   0x00000002   Code   RO         4181    i.HAL_TIMEx_BreakCallback  stm32f4xx_hal_tim_ex.o
    0x08004652   0x08004652   0x00000002   Code   RO         4182    i.HAL_TIMEx_CommutationCallback  stm32f4xx_hal_tim_ex.o
    0x08004654   0x08004654   0x00000050   Code   RO         4198    i.HAL_TIMEx_MasterConfigSynchronization  stm32f4xx_hal_tim_ex.o
    0x080046a4   0x080046a4   0x00000036   Code   RO         3552    i.HAL_TIM_Base_Init  stm32f4xx_hal_tim.o
    0x080046da   0x080046da   0x00000002   PAD
    0x080046dc   0x080046dc   0x00000038   Code   RO         2271    i.HAL_TIM_Base_MspInit  stm32f4xx_hal_msp.o
    0x08004714   0x08004714   0x00000018   Code   RO         3557    i.HAL_TIM_Base_Start_IT  stm32f4xx_hal_tim.o
    0x0800472c   0x0800472c   0x0000002a   Code   RO         3560    i.HAL_TIM_Base_Stop_IT  stm32f4xx_hal_tim.o
    0x08004756   0x08004756   0x000000f2   Code   RO         3561    i.HAL_TIM_ConfigClockSource  stm32f4xx_hal_tim.o
    0x08004848   0x08004848   0x00000002   Code   RO         3581    i.HAL_TIM_IC_CaptureCallback  stm32f4xx_hal_tim.o
    0x0800484a   0x0800484a   0x00000166   Code   RO         3594    i.HAL_TIM_IRQHandler  stm32f4xx_hal_tim.o
    0x080049b0   0x080049b0   0x00000002   Code   RO         3597    i.HAL_TIM_OC_DelayElapsedCallback  stm32f4xx_hal_tim.o
    0x080049b2   0x080049b2   0x00000002   Code   RO         3624    i.HAL_TIM_PWM_PulseFinishedCallback  stm32f4xx_hal_tim.o
    0x080049b4   0x080049b4   0x00000034   Code   RO         1896    i.HAL_TIM_PeriodElapsedCallback  main.o
    0x080049e8   0x080049e8   0x00000002   Code   RO         3635    i.HAL_TIM_TriggerCallback  stm32f4xx_hal_tim.o
    0x080049ea   0x080049ea   0x00000062   Code   RO         4445    i.HAL_UART_Init     stm32f4xx_hal_uart.o
    0x08004a4c   0x08004a4c   0x0000006c   Code   RO         2273    i.HAL_UART_MspInit  stm32f4xx_hal_msp.o
    0x08004ab8   0x08004ab8   0x000000b8   Code   RO         4448    i.HAL_UART_Receive  stm32f4xx_hal_uart.o
    0x08004b70   0x08004b70   0x000000ba   Code   RO         4453    i.HAL_UART_Transmit  stm32f4xx_hal_uart.o
    0x08004c2a   0x08004c2a   0x00000002   Code   RO         2182    i.HardFault_Handler  stm32f4xx_it.o
    0x08004c2c   0x08004c2c   0x00000030   Code   RO          187    i.I2C_CLOSE_LED_control  bios.o
    0x08004c5c   0x08004c5c   0x00000028   Code   RO         2684    i.I2C_IsAcknowledgeFailed  stm32f4xx_hal_i2c.o
    0x08004c84   0x08004c84   0x00000094   Code   RO         2688    i.I2C_MasterRequestWrite  stm32f4xx_hal_i2c.o
    0x08004d18   0x08004d18   0x00000030   Code   RO          188    i.I2C_OPEN_LED_control  bios.o
    0x08004d48   0x08004d48   0x0000004e   Code   RO         2697    i.I2C_WaitOnBTFFlagUntilTimeout  stm32f4xx_hal_i2c.o
    0x08004d96   0x08004d96   0x00000060   Code   RO         2698    i.I2C_WaitOnFlagUntilTimeout  stm32f4xx_hal_i2c.o
    0x08004df6   0x08004df6   0x00000002   PAD
    0x08004df8   0x08004df8   0x00000088   Code   RO         2699    i.I2C_WaitOnMasterAddressFlagUntilTimeout  stm32f4xx_hal_i2c.o
    0x08004e80   0x08004e80   0x0000004e   Code   RO         2701    i.I2C_WaitOnTXEFlagUntilTimeout  stm32f4xx_hal_i2c.o
    0x08004ece   0x08004ece   0x000000b0   Code   RO         1653    i.InitADC           init.o
    0x08004f7e   0x08004f7e   0x00000002   PAD
    0x08004f80   0x08004f80   0x00000028   Code   RO         1470    i.InitStick         usb_flash_drive.o
    0x08004fa8   0x08004fa8   0x0000006c   Code   RO         1471    i.InitStick_Comm    usb_flash_drive.o
    0x08005014   0x08005014   0x0000003c   Code   RO         1472    i.InitVNC1L         usb_flash_drive.o
    0x08005050   0x08005050   0x0000007c   Code   RO          561    i.Internal_SD_Mem_Comm  control.o
    0x080050cc   0x080050cc   0x000003e0   Code   RO         1473    i.LWriteToFile      usb_flash_drive.o
    0x080054ac   0x080054ac   0x000000ac   Code   RO         1474    i.LWriteToFile2     usb_flash_drive.o
    0x08005558   0x08005558   0x0000008c   Code   RO         1475    i.LWriteToFile3     usb_flash_drive.o
    0x080055e4   0x080055e4   0x00000378   Code   RO          562    i.LinearTransducerRes_Prikaz  control.o
    0x0800595c   0x0800595c   0x0000001c   Code   RO         2142    i.MX_FATFS_Init     fatfs.o
    0x08005978   0x08005978   0x00000064   Code   RO         1654    i.MX_FSMC_Init      init.o
    0x080059dc   0x080059dc   0x000001e8   Code   RO         1655    i.MX_GPIO_Init      init.o
    0x08005bc4   0x08005bc4   0x00000020   Code   RO         1657    i.MX_SDIO_SD_Init   init.o
    0x08005be4   0x08005be4   0x00000064   Code   RO         1658    i.MX_TIM2_Init_DRM  init.o
    0x08005c48   0x08005c48   0x00000064   Code   RO         1659    i.MX_TIM2_Init_SRM  init.o
    0x08005cac   0x08005cac   0x00000040   Code   RO         1661    i.MX_USART1_UART_Init  init.o
    0x08005cec   0x08005cec   0x00000284   Code   RO          563    i.MeasurementStart_Comm  control.o
    0x08005f70   0x08005f70   0x00000002   Code   RO         2183    i.MemManage_Handler  stm32f4xx_it.o
    0x08005f72   0x08005f72   0x00000002   PAD
    0x08005f74   0x08005f74   0x00000058   Code   RO          564    i.MemoryReadByte_Comm  control.o
    0x08005fcc   0x08005fcc   0x000000c8   Code   RO          565    i.MemoryTest_Comm   control.o
    0x08006094   0x08006094   0x00000068   Code   RO          566    i.MemoryWriteByte_Comm  control.o
    0x080060fc   0x080060fc   0x00000002   Code   RO         2184    i.NMI_Handler       stm32f4xx_it.o
    0x080060fe   0x080060fe   0x00000020   Code   RO         5551    i.NVIC_SetPriority  stm32f4xx_hal_cortex.o
    0x0800611e   0x0800611e   0x00000002   PAD
    0x08006120   0x08006120   0x00000010   Code   RO          567    i.OK_Response       control.o
    0x08006130   0x08006130   0x0000002c   Code   RO          190    i.OSGConfigON       bios.o
    0x0800615c   0x0800615c   0x00000080   Code   RO         1476    i.OpenFileW         usb_flash_drive.o
    0x080061dc   0x080061dc   0x00000058   Code   RO         1477    i.OpenVfile         usb_flash_drive.o
    0x08006234   0x08006234   0x00000310   Code   RO         1290    i.PRINT_Header      printer.o
    0x08006544   0x08006544   0x00000002   Code   RO         2185    i.PendSV_Handler    stm32f4xx_it.o
    0x08006546   0x08006546   0x0000002c   Code   RO          568    i.PosaljiMSodgovor  control.o
    0x08006572   0x08006572   0x00000002   PAD
    0x08006574   0x08006574   0x0000003c   Code   RO         1291    i.PrintEmptyLine    printer.o
    0x080065b0   0x080065b0   0x0000006c   Code   RO         1292    i.PrintNewLine      printer.o
    0x0800661c   0x0800661c   0x00000006   Code   RO         1293    i.PrintResults      printer.o
    0x08006622   0x08006622   0x00000002   PAD
    0x08006624   0x08006624   0x000000a4   Code   RO         1294    i.PrintResults_Comm  printer.o
    0x080066c8   0x080066c8   0x00000026   Code   RO         1295    i.PrinterParamters  printer.o
    0x080066ee   0x080066ee   0x0000001a   Code   RO          569    i.ProcessAnalogCH   control.o
    0x08006708   0x08006708   0x000004b4   Code   RO          570    i.PuniPrintBuffer   control.o
    0x08006bbc   0x08006bbc   0x0000044c   Code   RO          571    i.PuniPrintBufferAnalogCH  control.o
    0x08007008   0x08007008   0x000001a4   Code   RO          572    i.PuniPrintBufferCurrent  control.o
    0x080071ac   0x080071ac   0x000000e4   Code   RO          573    i.PuniPrintBufferMotion  control.o
    0x08007290   0x08007290   0x0000003c   Code   RO          191    i.Pwr_Control       bios.o
    0x080072cc   0x080072cc   0x00000084   Code   RO          192    i.Ramp              bios.o
    0x08007350   0x08007350   0x000000a4   Code   RO         1116    i.ReadAuxillaryChannels  adc.o
    0x080073f4   0x080073f4   0x00000040   Code   RO         1478    i.ReadSPIs          usb_flash_drive.o
    0x08007434   0x08007434   0x0000019c   Code   RO          576    i.Read_ADC_Res_COMM  control.o
    0x080075d0   0x080075d0   0x0000016c   Code   RO         1774    i.Read_Calib_Coef_Comm  calib.o
    0x0800773c   0x0800773c   0x0000000a   Code   RO         1775    i.Read_Calib_Coef_from_EEPROM_Comm  calib.o
    0x08007746   0x08007746   0x00000002   PAD
    0x08007748   0x08007748   0x00000158   Code   RO          577    i.Read_One_ADC_CH_COMM  control.o
    0x080078a0   0x080078a0   0x00000230   Code   RO          578    i.Relay_IGBT_Control  control.o
    0x08007ad0   0x08007ad0   0x0000062c   Code   RO           13    i.RemoteCommandSwitch  remote.o
    0x080080fc   0x080080fc   0x00000074   Code   RO         1776    i.Reset_Calibration_COMM  calib.o
    0x08008170   0x08008170   0x00000024   Code   RO         3051    i.SDIO_ConfigData   stm32f4xx_ll_sdmmc.o
    0x08008194   0x08008194   0x00000008   Code   RO         3055    i.SDIO_GetPowerState  stm32f4xx_ll_sdmmc.o
    0x0800819c   0x0800819c   0x0000000c   Code   RO         3056    i.SDIO_GetResponse  stm32f4xx_ll_sdmmc.o
    0x080081a8   0x080081a8   0x00000024   Code   RO         3057    i.SDIO_Init         stm32f4xx_ll_sdmmc.o
    0x080081cc   0x080081cc   0x00000008   Code   RO         3059    i.SDIO_PowerState_ON  stm32f4xx_ll_sdmmc.o
    0x080081d4   0x080081d4   0x00000006   Code   RO         3060    i.SDIO_ReadFIFO     stm32f4xx_ll_sdmmc.o
    0x080081da   0x080081da   0x00000020   Code   RO         3061    i.SDIO_SendCommand  stm32f4xx_ll_sdmmc.o
    0x080081fa   0x080081fa   0x0000000a   Code   RO         3063    i.SDIO_WriteFIFO    stm32f4xx_ll_sdmmc.o
    0x08008204   0x08008204   0x00000032   Code   RO         3064    i.SDMMC_CmdAppCommand  stm32f4xx_ll_sdmmc.o
    0x08008236   0x08008236   0x00000002   PAD
    0x08008238   0x08008238   0x00000034   Code   RO         3065    i.SDMMC_CmdAppOperCommand  stm32f4xx_ll_sdmmc.o
    0x0800826c   0x0800826c   0x00000032   Code   RO         3066    i.SDMMC_CmdBlockLength  stm32f4xx_ll_sdmmc.o
    0x0800829e   0x0800829e   0x00000002   PAD
    0x080082a0   0x080082a0   0x00000050   Code   RO         3071    i.SDMMC_CmdGoIdleState  stm32f4xx_ll_sdmmc.o
    0x080082f0   0x080082f0   0x00000068   Code   RO         3073    i.SDMMC_CmdOperCond  stm32f4xx_ll_sdmmc.o
    0x08008358   0x08008358   0x00000032   Code   RO         3074    i.SDMMC_CmdReadMultiBlock  stm32f4xx_ll_sdmmc.o
    0x0800838a   0x0800838a   0x00000032   Code   RO         3075    i.SDMMC_CmdReadSingleBlock  stm32f4xx_ll_sdmmc.o
    0x080083bc   0x080083bc   0x00000032   Code   RO         3078    i.SDMMC_CmdSelDesel  stm32f4xx_ll_sdmmc.o
    0x080083ee   0x080083ee   0x0000002c   Code   RO         3079    i.SDMMC_CmdSendCID  stm32f4xx_ll_sdmmc.o
    0x0800841a   0x0800841a   0x0000002c   Code   RO         3080    i.SDMMC_CmdSendCSD  stm32f4xx_ll_sdmmc.o
    0x08008446   0x08008446   0x00000032   Code   RO         3082    i.SDMMC_CmdSendStatus  stm32f4xx_ll_sdmmc.o
    0x08008478   0x08008478   0x00000030   Code   RO         3083    i.SDMMC_CmdSetRelAdd  stm32f4xx_ll_sdmmc.o
    0x080084a8   0x080084a8   0x00000034   Code   RO         3085    i.SDMMC_CmdStopTransfer  stm32f4xx_ll_sdmmc.o
    0x080084dc   0x080084dc   0x00000032   Code   RO         3087    i.SDMMC_CmdWriteMultiBlock  stm32f4xx_ll_sdmmc.o
    0x0800850e   0x0800850e   0x00000032   Code   RO         3088    i.SDMMC_CmdWriteSingleBlock  stm32f4xx_ll_sdmmc.o
    0x08008540   0x08008540   0x0000011c   Code   RO         3089    i.SDMMC_GetCmdResp1  stm32f4xx_ll_sdmmc.o
    0x0800865c   0x0800865c   0x00000050   Code   RO         3090    i.SDMMC_GetCmdResp2  stm32f4xx_ll_sdmmc.o
    0x080086ac   0x080086ac   0x00000040   Code   RO         3091    i.SDMMC_GetCmdResp3  stm32f4xx_ll_sdmmc.o
    0x080086ec   0x080086ec   0x00000084   Code   RO         3092    i.SDMMC_GetCmdResp6  stm32f4xx_ll_sdmmc.o
    0x08008770   0x08008770   0x00000020   Code   RO         2082    i.SD_CheckStatus    sd_diskio.o
    0x08008790   0x08008790   0x000000e6   Code   RO         3348    i.SD_InitCard       stm32f4xx_hal_sd.o
    0x08008876   0x08008876   0x000000a2   Code   RO         3349    i.SD_PowerON        stm32f4xx_hal_sd.o
    0x08008918   0x08008918   0x00000020   Code   RO         2083    i.SD_initialize     sd_diskio.o
    0x08008938   0x08008938   0x00000050   Code   RO         2084    i.SD_ioctl          sd_diskio.o
    0x08008988   0x08008988   0x00000026   Code   RO         2085    i.SD_read           sd_diskio.o
    0x080089ae   0x080089ae   0x00000004   Code   RO         2086    i.SD_status         sd_diskio.o
    0x080089b2   0x080089b2   0x00000002   PAD
    0x080089b4   0x080089b4   0x00000026   Code   RO         2087    i.SD_write          sd_diskio.o
    0x080089da   0x080089da   0x00000002   PAD
    0x080089dc   0x080089dc   0x0000001c   Code   RO         1117    i.SET_GPIOB_Structure  adc.o
    0x080089f8   0x080089f8   0x00000048   Code   RO         1118    i.SET_GPIO_Structures  adc.o
    0x08008a40   0x08008a40   0x00000224   Code   RO          579    i.SRM_ADC_GetData   control.o
    0x08008c64   0x08008c64   0x00000064   Code   RO         1120    i.SRM_ADC_Select    adc.o
    0x08008cc8   0x08008cc8   0x0000001e   Code   RO          581    i.SRM_Multiple_Conversions  control.o
    0x08008ce6   0x08008ce6   0x00000002   PAD
    0x08008ce8   0x08008ce8   0x0000008c   Code   RO         1123    i.SRM_Read_ADC_16Bits  adc.o
    0x08008d74   0x08008d74   0x0000008c   Code   RO          582    i.SRM_Send_Data     control.o
    0x08008e00   0x08008e00   0x00000060   Code   RO          583    i.SRM_Single_Conversion  control.o
    0x08008e60   0x08008e60   0x00000038   Code   RO          584    i.SRM_Start_Test    control.o
    0x08008e98   0x08008e98   0x00000078   Code   RO         1126    i.SRM_Write_ADC_Byte  adc.o
    0x08008f10   0x08008f10   0x00000040   Code   RO          585    i.SRM_Write_Data_ToArray  control.o
    0x08008f50   0x08008f50   0x00000002   Code   RO         2186    i.SVC_Handler       stm32f4xx_it.o
    0x08008f52   0x08008f52   0x0000000c   Code   RO          412    i.S_D8              comm.o
    0x08008f5e   0x08008f5e   0x0000000c   Code   RO          413    i.S_D82             comm.o
    0x08008f6a   0x08008f6a   0x00000002   PAD
    0x08008f6c   0x08008f6c   0x0000004c   Code   RO          586    i.SendMeasurementParameters_Comm  control.o
    0x08008fb8   0x08008fb8   0x000000ac   Code   RO          414    i.SendOutputBuffer  comm.o
    0x08009064   0x08009064   0x00000028   Code   RO         1344    i.SendProgressBar   sd_card.o
    0x0800908c   0x0800908c   0x00000018   Code   RO         1479    i.SendVNC1L         usb_flash_drive.o
    0x080090a4   0x080090a4   0x00000024   Code   RO         1480    i.SendVNC1L_fast    usb_flash_drive.o
    0x080090c8   0x080090c8   0x000000f0   Code   RO          193    i.SetAnalogCHRange  bios.o
    0x080091b8   0x080091b8   0x0000003c   Code   RO          587    i.SetCommPort_COMM  control.o
    0x080091f4   0x080091f4   0x00000160   Code   RO         1481    i.SetDir            usb_flash_drive.o
    0x08009354   0x08009354   0x00000058   Code   RO          588    i.SetLTransdParameters_COMM  control.o
    0x080093ac   0x080093ac   0x000003b0   Code   RO          589    i.SetMeasParameters_COMM  control.o
    0x0800975c   0x0800975c   0x00000074   Code   RO          590    i.SetPulseLenghts_COMM  control.o
    0x080097d0   0x080097d0   0x0000003c   Code   RO          591    i.SetRemoteControl_COMM  control.o
    0x0800980c   0x0800980c   0x00000048   Code   RO          592    i.Set_Active_Language_Comm  control.o
    0x08009854   0x08009854   0x00000080   Code   RO          593    i.Set_RMO_Results_Comm  control.o
    0x080098d4   0x080098d4   0x000000e6   Code   RO          594    i.Set_Test_Mode_COMM  control.o
    0x080099ba   0x080099ba   0x00000004   Code   RO         1777    i.Store_Calib_Coef_to_EEPROM_Comm  calib.o
    0x080099be   0x080099be   0x00000004   Code   RO         2187    i.SysTick_Handler   stm32f4xx_it.o
    0x080099c2   0x080099c2   0x00000002   PAD
    0x080099c4   0x080099c4   0x00000094   Code   RO         1662    i.SystemClock_Config  init.o
    0x08009a58   0x08009a58   0x00000068   Code   RO         5839    i.SystemCoreClockUpdate  system_stm32f4xx.o
    0x08009ac0   0x08009ac0   0x00000054   Code   RO         5840    i.SystemInit        system_stm32f4xx.o
    0x08009b14   0x08009b14   0x0000000c   Code   RO         2188    i.TIM2_IRQHandler   stm32f4xx_it.o
    0x08009b20   0x08009b20   0x000000c0   Code   RO         3636    i.TIM_Base_SetConfig  stm32f4xx_hal_tim.o
    0x08009be0   0x08009be0   0x00000014   Code   RO         3643    i.TIM_ETR_SetConfig  stm32f4xx_hal_tim.o
    0x08009bf4   0x08009bf4   0x00000010   Code   RO         3644    i.TIM_ITRx_SetConfig  stm32f4xx_hal_tim.o
    0x08009c04   0x08009c04   0x00000022   Code   RO         3650    i.TIM_TI1_ConfigInputStage  stm32f4xx_hal_tim.o
    0x08009c26   0x08009c26   0x00000024   Code   RO         3652    i.TIM_TI2_ConfigInputStage  stm32f4xx_hal_tim.o
    0x08009c4a   0x08009c4a   0x00000002   PAD
    0x08009c4c   0x08009c4c   0x00000024   Code   RO         1482    i.TestWrite         usb_flash_drive.o
    0x08009c70   0x08009c70   0x000001bc   Code   RO          596    i.TimePrikaz        control.o
    0x08009e2c   0x08009e2c   0x00000050   Code   RO          597    i.Toggle_Pins       control.o
    0x08009e7c   0x08009e7c   0x000002ac   Code   RO         4471    i.UART_SetConfig    stm32f4xx_hal_uart.o
    0x0800a128   0x0800a128   0x00000064   Code   RO         4473    i.UART_WaitOnFlagUntilTimeout  stm32f4xx_hal_uart.o
    0x0800a18c   0x0800a18c   0x0000003c   Code   RO         1663    i.USART1_UART_Init_printer_comm  init.o
    0x0800a1c8   0x0800a1c8   0x0000042e   Code   RO         1483    i.UcitajNumerickeRezultate  usb_flash_drive.o
    0x0800a5f6   0x0800a5f6   0x00000002   Code   RO         2189    i.UsageFault_Handler  stm32f4xx_it.o
    0x0800a5f8   0x0800a5f8   0x0000014c   Code   RO         1127    i.VBAT_ADC_Read     adc.o
    0x0800a744   0x0800a744   0x00000034   Code   RO         1484    i.VNrs              usb_flash_drive.o
    0x0800a778   0x0800a778   0x0000007c   Code   RO          598    i.Wait_ADC_RDY      control.o
    0x0800a7f4   0x0800a7f4   0x0000004a   Code   RO         1485    i.WriteSPIs         usb_flash_drive.o
    0x0800a83e   0x0800a83e   0x00000036   Code   RO         1486    i.WriteSPIs_fast    usb_flash_drive.o
    0x0800a874   0x0800a874   0x000001dc   Code   RO         1778    i.Write_Calib_Coef_Comm  calib.o
    0x0800aa50   0x0800aa50   0x0000022c   Code   RO          599    i.Write_DRM_Channel  control.o
    0x0800ac7c   0x0800ac7c   0x00000028   Code   RO         6614    i.__0sprintf        mc_w.l(printfa.o)
    0x0800aca4   0x0800aca4   0x00000008   Code   RO         6713    i.__aeabi_errno_addr  mc_w.l(errno.o)
    0x0800acac   0x0800acac   0x0000000e   Code   RO         6743    i.__scatterload_copy  mc_w.l(handlers.o)
    0x0800acba   0x0800acba   0x00000002   Code   RO         6744    i.__scatterload_null  mc_w.l(handlers.o)
    0x0800acbc   0x0800acbc   0x0000000e   Code   RO         6745    i.__scatterload_zeroinit  mc_w.l(handlers.o)
    0x0800acca   0x0800acca   0x00000002   PAD
    0x0800accc   0x0800accc   0x00000184   Code   RO         6619    i._fp_digits        mc_w.l(printfa.o)
    0x0800ae50   0x0800ae50   0x000006dc   Code   RO         6620    i._printf_core      mc_w.l(printfa.o)
    0x0800b52c   0x0800b52c   0x00000024   Code   RO         6621    i._printf_post_padding  mc_w.l(printfa.o)
    0x0800b550   0x0800b550   0x0000002e   Code   RO         6622    i._printf_pre_padding  mc_w.l(printfa.o)
    0x0800b57e   0x0800b57e   0x0000000a   Code   RO         6624    i._sputc            mc_w.l(printfa.o)
    0x0800b588   0x0800b588   0x0000000a   Code   RO          600    i.abs_16_bit        control.o
    0x0800b592   0x0800b592   0x00000002   PAD
    0x0800b594   0x0800b594   0x00000048   Code   RO         1345    i.add_new_res_to_list  sd_card.o
    0x0800b5dc   0x0800b5dc   0x00000026   Code   RO         1780    i.apply_offset_correction  calib.o
    0x0800b602   0x0800b602   0x00000022   Code   RO          601    i.calc_max_time     control.o
    0x0800b624   0x0800b624   0x00000022   Code   RO          602    i.calc_min_time     control.o
    0x0800b646   0x0800b646   0x00000002   PAD
    0x0800b648   0x0800b648   0x00000060   Code   RO         1782    i.calculate_gained_value  calib.o
    0x0800b6a8   0x0800b6a8   0x00000070   Code   RO         1783    i.calculate_offset_for_CC_channels  calib.o
    0x0800b718   0x0800b718   0x00000104   Code   RO          603    i.calculate_overtavel  control.o
    0x0800b81c   0x0800b81c   0x000000ec   Code   RO          604    i.calculate_rebound  control.o
    0x0800b908   0x0800b908   0x00000100   Code   RO          605    i.calculate_total_travel  control.o
    0x0800ba08   0x0800ba08   0x000000a0   Code   RO         1784    i.check_calibration_coeficients  calib.o
    0x0800baa8   0x0800baa8   0x0000001c   Code   RO          606    i.check_for_stop_button  control.o
    0x0800bac4   0x0800bac4   0x00000070   Code   RO         5932    i.check_fs          ff.o
    0x0800bb34   0x0800bb34   0x00000038   Code   RO          607    i.check_if_digit    control.o
    0x0800bb6c   0x0800bb6c   0x000000c4   Code   RO          608    i.check_mc_test_results  control.o
    0x0800bc30   0x0800bc30   0x0000005c   Code   RO         5933    i.chk_lock          ff.o
    0x0800bc8c   0x0800bc8c   0x00000020   Code   RO         5934    i.clear_lock        ff.o
    0x0800bcac   0x0800bcac   0x00000018   Code   RO         1487    i.clear_sector      usb_flash_drive.o
    0x0800bcc4   0x0800bcc4   0x00000024   Code   RO         5935    i.clmt_clust        ff.o
    0x0800bce8   0x0800bce8   0x00000024   Code   RO         1346    i.close_file_and_unmount  sd_card.o
    0x0800bd0c   0x0800bd0c   0x00000014   Code   RO         1488    i.clrvn             usb_flash_drive.o
    0x0800bd20   0x0800bd20   0x00000018   Code   RO         5936    i.clust2sect        ff.o
    0x0800bd38   0x0800bd38   0x00000128   Code   RO          609    i.coil_control      control.o
    0x0800be60   0x0800be60   0x00000088   Code   RO          610    i.compare_analog_value  control.o
    0x0800bee8   0x0800bee8   0x00000018   Code   RO         1128    i.convert_to_slong_DT_res  adc.o
    0x0800bf00   0x0800bf00   0x000000a4   Code   RO         5937    i.create_chain      ff.o
    0x0800bfa4   0x0800bfa4   0x000000bc   Code   RO         5938    i.create_name       ff.o
    0x0800c060   0x0800c060   0x00000034   Code   RO         5939    i.dec_lock          ff.o
    0x0800c094   0x0800c094   0x0000005c   Code   RO         1347    i.define_path       sd_card.o
    0x0800c0f0   0x0800c0f0   0x00000018   Code   RO          194    i.delay_us          bios.o
    0x0800c108   0x0800c108   0x00000006   Code   RO         1348    i.delete_result_from_the_list  sd_card.o
    0x0800c10e   0x0800c10e   0x00000064   Code   RO         5940    i.dir_find          ff.o
    0x0800c172   0x0800c172   0x00000002   PAD
    0x0800c174   0x0800c174   0x000000f4   Code   RO         5941    i.dir_next          ff.o
    0x0800c268   0x0800c268   0x00000060   Code   RO         5942    i.dir_read          ff.o
    0x0800c2c8   0x0800c2c8   0x00000066   Code   RO         5943    i.dir_register      ff.o
    0x0800c32e   0x0800c32e   0x0000001e   Code   RO         5944    i.dir_remove        ff.o
    0x0800c34c   0x0800c34c   0x00000082   Code   RO         5945    i.dir_sdi           ff.o
    0x0800c3ce   0x0800c3ce   0x00000002   PAD
    0x0800c3d0   0x0800c3d0   0x0000002c   Code   RO          195    i.disable_printer_communication  bios.o
    0x0800c3fc   0x0800c3fc   0x00000028   Code   RO         5877    i.disk_initialize   diskio.o
    0x0800c424   0x0800c424   0x0000001c   Code   RO         5878    i.disk_ioctl        diskio.o
    0x0800c440   0x0800c440   0x0000001c   Code   RO         5879    i.disk_read         diskio.o
    0x0800c45c   0x0800c45c   0x00000018   Code   RO         5880    i.disk_status       diskio.o
    0x0800c474   0x0800c474   0x0000001c   Code   RO         5881    i.disk_write        diskio.o
    0x0800c490   0x0800c490   0x00000088   Code   RO          611    i.drive_close_coil  control.o
    0x0800c518   0x0800c518   0x0000008c   Code   RO          612    i.drive_open_coil   control.o
    0x0800c5a4   0x0800c5a4   0x0000002c   Code   RO          196    i.enable_printer_communication  bios.o
    0x0800c5d0   0x0800c5d0   0x00000034   Code   RO         1349    i.erase_all_mem_locations  sd_card.o
    0x0800c604   0x0800c604   0x00000028   Code   RO         5946    i.f_close           ff.o
    0x0800c62c   0x0800c62c   0x00000058   Code   RO         5953    i.f_mount           ff.o
    0x0800c684   0x0800c684   0x0000020c   Code   RO         5954    i.f_open            ff.o
    0x0800c890   0x0800c890   0x00000152   Code   RO         5959    i.f_read            ff.o
    0x0800c9e2   0x0800c9e2   0x0000008e   Code   RO         5963    i.f_sync            ff.o
    0x0800ca70   0x0800ca70   0x0000009e   Code   RO         5965    i.f_unlink          ff.o
    0x0800cb0e   0x0800cb0e   0x0000018e   Code   RO         5966    i.f_write           ff.o
    0x0800cc9c   0x0800cc9c   0x00000254   Code   RO         5967    i.find_volume       ff.o
    0x0800cef0   0x0800cef0   0x00000074   Code   RO         5968    i.follow_path       ff.o
    0x0800cf64   0x0800cf64   0x00000038   Code   RO          613    i.foo_function      control.o
    0x0800cf9c   0x0800cf9c   0x00000050   Code   RO         6640    i.free              mc_w.l(malloc.o)
    0x0800cfec   0x0800cfec   0x000000be   Code   RO         5969    i.get_fat           ff.o
    0x0800d0aa   0x0800d0aa   0x00000004   Code   RO         2143    i.get_fattime       fatfs.o
    0x0800d0ae   0x0800d0ae   0x0000003c   Code   RO         5971    i.get_ldnumber      ff.o
    0x0800d0ea   0x0800d0ea   0x00000024   Code   RO         1785    i.get_range         calib.o
    0x0800d10e   0x0800d10e   0x00000002   PAD
    0x0800d110   0x0800d110   0x00000144   Code   RO         1129    i.get_real_adc_values  adc.o
    0x0800d254   0x0800d254   0x000000c0   Code   RO          415    i.getcharB          comm.o
    0x0800d314   0x0800d314   0x00000080   Code   RO         5972    i.inc_lock          ff.o
    0x0800d394   0x0800d394   0x000000a4   Code   RO          614    i.init_results_vaules  control.o
    0x0800d438   0x0800d438   0x00000020   Code   RO         1350    i.init_sd_card      sd_card.o
    0x0800d458   0x0800d458   0x00000026   Code   RO         5973    i.ld_clust          ff.o
    0x0800d47e   0x0800d47e   0x00000016   Code   RO         5974    i.ld_dword          ff.o
    0x0800d494   0x0800d494   0x0000000a   Code   RO         5975    i.ld_word           ff.o
    0x0800d49e   0x0800d49e   0x00000002   PAD
    0x0800d4a0   0x0800d4a0   0x00000064   Code   RO         1351    i.list_all_mem_locations  sd_card.o
    0x0800d504   0x0800d504   0x00000028   Code   RO         1352    i.load_mem_loc_info  sd_card.o
    0x0800d52c   0x0800d52c   0x0000015c   Code   RO         1897    i.main              main.o
    0x0800d688   0x0800d688   0x0000006c   Code   RO         6641    i.malloc            mc_w.l(malloc.o)
    0x0800d6f4   0x0800d6f4   0x00000012   Code   RO         5976    i.mem_cpy           ff.o
    0x0800d706   0x0800d706   0x00000002   PAD
    0x0800d708   0x0800d708   0x00000048   Code   RO         1353    i.mem_location_info  sd_card.o
    0x0800d750   0x0800d750   0x0000000e   Code   RO         5977    i.mem_set           ff.o
    0x0800d75e   0x0800d75e   0x00000032   Code   RO         5978    i.move_window       ff.o
    0x0800d790   0x0800d790   0x0000001c   Code   RO          416    i.my_getchar        comm.o
    0x0800d7ac   0x0800d7ac   0x00000018   Code   RO          417    i.my_putchar        comm.o
    0x0800d7c4   0x0800d7c4   0x00000118   Code   RO          615    i.process_data_for_CO_test  control.o
    0x0800d8dc   0x0800d8dc   0x000002c4   Code   RO          616    i.process_data_for_OCO_test  control.o
    0x0800dba0   0x0800dba0   0x0000022c   Code   RO          617    i.process_data_for_OC_test  control.o
    0x0800ddcc   0x0800ddcc   0x00000418   Code   RO          618    i.process_data_for_closing_test  control.o
    0x0800e1e4   0x0800e1e4   0x00000328   Code   RO          619    i.process_data_for_opening_test  control.o
    0x0800e50c   0x0800e50c   0x000000ea   Code   RO         5979    i.put_fat           ff.o
    0x0800e5f6   0x0800e5f6   0x00000002   PAD
    0x0800e5f8   0x0800e5f8   0x000000b8   Code   RO          418    i.putcharB          comm.o
    0x0800e6b0   0x0800e6b0   0x00000018   Code   RO          419    i.putchar_printer   comm.o
    0x0800e6c8   0x0800e6c8   0x000001a4   Code   RO         1130    i.read_adc_raw_results  adc.o
    0x0800e86c   0x0800e86c   0x0000028c   Code   RO         1131    i.read_adc_res_sram_test  adc.o
    0x0800eaf8   0x0800eaf8   0x00000c32   Code   RO         1132    i.read_all_adc_channels_test  adc.o
    0x0800f72a   0x0800f72a   0x00000002   PAD
    0x0800f72c   0x0800f72c   0x00000110   Code   RO          620    i.read_all_adcs     control.o
    0x0800f83c   0x0800f83c   0x00000002   Code   RO         1133    i.read_analog_adc_for_trigger  adc.o
    0x0800f83e   0x0800f83e   0x0000003a   Code   RO         1354    i.read_data_from_sd_card  sd_card.o
    0x0800f878   0x0800f878   0x000001a4   Code   RO         1134    i.read_digital_trans_chs  adc.o
    0x0800fa1c   0x0800fa1c   0x00000012   Code   RO         1296    i.read_dummy        printer.o
    0x0800fa2e   0x0800fa2e   0x00000002   PAD
    0x0800fa30   0x0800fa30   0x00000168   Code   RO         1355    i.read_from_file    sd_card.o
    0x0800fb98   0x0800fb98   0x00000476   Code   RO         1135    i.read_multiple_ch_adcs  adc.o
    0x0801000e   0x0801000e   0x00000074   Code   RO         5982    i.remove_chain      ff.o
    0x08010082   0x08010082   0x00000002   PAD
    0x08010084   0x08010084   0x00000040   Code   RO         1490    i.reset_flash_drive_MCU  usb_flash_drive.o
    0x080100c4   0x080100c4   0x0000007c   Code   RO          621    i.search_max_current_per_ch  control.o
    0x08010140   0x08010140   0x0000004c   Code   RO          622    i.search_min_max_voltage_per_ch  control.o
    0x0801018c   0x0801018c   0x00000034   Code   RO          420    i.send_data_transfer_over_status  comm.o
    0x080101c0   0x080101c0   0x000000d0   Code   RO          421    i.send_measuring_samples_to_pc  comm.o
    0x08010290   0x08010290   0x000002ec   Code   RO          423    i.send_test_data_to_pc  comm.o
    0x0801057c   0x0801057c   0x0000005c   Code   RO          623    i.set_contact_wipe_results_to_zero  control.o
    0x080105d8   0x080105d8   0x00000034   Code   RO          624    i.set_osg_or_bsg    control.o
    0x0801060c   0x0801060c   0x00000040   Code   RO         1491    i.setdt             usb_flash_drive.o
    0x0801064c   0x0801064c   0x0000001c   Code   RO         1492    i.slave_deselect_usb_flash_drive  usb_flash_drive.o
    0x08010668   0x08010668   0x0000001c   Code   RO         1493    i.slave_select_usb_flash_drive  usb_flash_drive.o
    0x08010684   0x08010684   0x000000a8   Code   RO          424    i.spie_master_tx_fast  comm.o
    0x0801072c   0x0801072c   0x000000b0   Code   RO          425    i.spie_master_tx_rx  comm.o
    0x080107dc   0x080107dc   0x00000028   Code   RO         5983    i.st_clust          ff.o
    0x08010804   0x08010804   0x00000010   Code   RO         5984    i.st_dword          ff.o
    0x08010814   0x08010814   0x00000008   Code   RO         5985    i.st_word           ff.o
    0x0801081c   0x0801081c   0x00000044   Code   RO         1356    i.store_data_to_sd_card  sd_card.o
    0x08010860   0x08010860   0x00000038   Code   RO         1357    i.store_graphics_to_sd_card  sd_card.o
    0x08010898   0x08010898   0x00000022   Code   RO         1358    i.store_list_array_into_mem  sd_card.o
    0x080108ba   0x080108ba   0x00000028   Code   RO         1359    i.store_numerics_to_sd_card  sd_card.o
    0x080108e2   0x080108e2   0x00000002   PAD
    0x080108e4   0x080108e4   0x0000002c   Code   RO          625    i.string_to_int     control.o
    0x08010910   0x08010910   0x0000002c   Code   RO          626    i.string_to_long    control.o
    0x0801093c   0x0801093c   0x00000088   Code   RO         5986    i.sync_fs           ff.o
    0x080109c4   0x080109c4   0x00000052   Code   RO         5987    i.sync_window       ff.o
    0x08010a16   0x08010a16   0x00000032   Code   RO         5988    i.validate          ff.o
    0x08010a48   0x08010a48   0x00000064   Code   RO          427    i.wait_char_from_pc  comm.o
    0x08010aac   0x08010aac   0x00000204   Code   RO         1360    i.write_to_file     sd_card.o
    0x08010cb0   0x08010cb0   0x00000014   Data   RO         2088    .constdata          sd_diskio.o
    0x08010cc4   0x08010cc4   0x00000010   Data   RO         5841    .constdata          system_stm32f4xx.o
    0x08010cd4   0x08010cd4   0x00000008   Data   RO         5842    .constdata          system_stm32f4xx.o
    0x08010cdc   0x08010cdc   0x0000009c   Data   RO         5990    .constdata          ff.o
    0x08010d78   0x08010d78   0x00000081   Data   RO         6342    .constdata          mc_w.l(ctype_o.o)
    0x08010df9   0x08010df9   0x00000003   PAD
    0x08010dfc   0x08010dfc   0x00000004   Data   RO         6343    .constdata          mc_w.l(ctype_o.o)
    0x08010e00   0x08010e00   0x000000e1   Data   RO          628    .conststring        control.o
    0x08010ee1   0x08010ee1   0x00000003   PAD
    0x08010ee4   0x08010ee4   0x00000020   Data   RO         6741    Region$$Table       anon$$obj.o


    Execution Region RW_IRAM1 (Exec base: 0x20000000, Load base: 0x08010f04, Size: 0x00009cd0, Max: 0x00020000, ABSOLUTE, COMPRESSED[0x00000694])

    Exec Addr    Load Addr    Size         Type   Attr      Idx    E Section Name        Object

    0x20000000   COMPRESSED   0x00000006   Data   RW          211    .data               bios.o
    0x20000006   COMPRESSED   0x00000001   Data   RW          212    .data               bios.o
    0x20000007   COMPRESSED   0x00000003   Data   RW          214    .data               bios.o
    0x2000000a   COMPRESSED   0x00000006   Data   RW          215    .data               bios.o
    0x20000010   COMPRESSED   0x00000001   Data   RW          429    .data               comm.o
    0x20000011   COMPRESSED   0x00000003   PAD
    0x20000014   COMPRESSED   0x00000010   Data   RW          631    .data               control.o
    0x20000024   COMPRESSED   0x00000068   Data   RW         1141    .data               adc.o
    0x2000008c   COMPRESSED   0x00000008   Data   RW         1362    .data               sd_card.o
    0x20000094   COMPRESSED   0x00000001   Data   RW         1495    .data               usb_flash_drive.o
    0x20000095   COMPRESSED   0x00000d10   Data   RW         1761    .data               lang.o
    0x20000da5   COMPRESSED   0x00000001   Data   RW         1899    .data               main.o
    0x20000da6   COMPRESSED   0x00000001   Data   RW         2089    .data               sd_diskio.o
    0x20000da7   COMPRESSED   0x00000005   Data   RW         2146    .data               fatfs.o
    0x20000dac   COMPRESSED   0x00000008   Data   RW         2275    .data               stm32f4xx_hal_msp.o
    0x20000db4   COMPRESSED   0x0000000c   Data   RW         5693    .data               stm32f4xx_hal.o
    0x20000dc0   COMPRESSED   0x00000004   Data   RW         5843    .data               system_stm32f4xx.o
    0x20000dc4   COMPRESSED   0x00000008   Data   RW         5991    .data               ff.o
    0x20000dcc   COMPRESSED   0x00000004   Data   RW         6711    .data               mc_w.l(mvars.o)
    0x20000dd0   COMPRESSED   0x00000004   Data   RW         6712    .data               mc_w.l(mvars.o)
    0x20000dd4   COMPRESSED   0x00000004   Data   RW         6716    .data               mc_w.l(errno.o)
    0x20000dd8        -       0x000000b8   Zero   RW          197    .bss                bios.o
    0x20000e90        -       0x00000078   Zero   RW          198    .bss                bios.o
    0x20000f08        -       0x0000003c   Zero   RW          199    .bss                bios.o
    0x20000f44        -       0x00000033   Zero   RW          200    .bss                bios.o
    0x20000f77   COMPRESSED   0x00000001   PAD
    0x20000f78        -       0x0000014c   Zero   RW          201    .bss                bios.o
    0x200010c4        -       0x000000f0   Zero   RW          202    .bss                bios.o
    0x200011b4        -       0x00000030   Zero   RW          203    .bss                bios.o
    0x200011e4        -       0x00000018   Zero   RW          204    .bss                bios.o
    0x200011fc        -       0x00000060   Zero   RW          205    .bss                bios.o
    0x2000125c        -       0x00000084   Zero   RW          206    .bss                bios.o
    0x200012e0        -       0x00000084   Zero   RW          207    .bss                bios.o
    0x20001364        -       0x00000096   Zero   RW          208    .bss                bios.o
    0x200013fa   COMPRESSED   0x00000002   PAD
    0x200013fc        -       0x00000280   Zero   RW          209    .bss                bios.o
    0x2000167c        -       0x00000020   Zero   RW          210    .bss                bios.o
    0x2000169c        -       0x00000064   Zero   RW          428    .bss                comm.o
    0x20001700        -       0x00000034   Zero   RW          627    .bss                control.o
    0x20001734        -       0x00001654   Zero   RW         1136    .bss                adc.o
    0x20002d88        -       0x00000474   Zero   RW         1361    .bss                sd_card.o
    0x200031fc        -       0x00000240   Zero   RW         1494    .bss                usb_flash_drive.o
    0x2000343c        -       0x000001e0   Zero   RW         1667    .bss                init.o
    0x2000361c        -       0x00000688   Zero   RW         1760    .bss                lang.o
    0x20003ca4        -       0x00000020   Zero   RW         5989    .bss                ff.o
    0x20003cc4        -       0x0000000c   Zero   RW         6265    .bss                ff_gen_drv.o
    0x20003cd0        -       0x00002000   Zero   RW            2    HEAP                startup_stm32f407xx.o
    0x20005cd0        -       0x00004000   Zero   RW            1    STACK               startup_stm32f407xx.o


==============================================================================

Image component sizes


      Code (inc. data)   RO Data    RW Data    ZI Data      Debug   Object Name

      9042        230          0        104       5716      19860   adc.o
      1816        230          0         16       2241      64624   bios.o
       136         26          0          0          0       3482   bsp_driver_sd.o
      2072        416          0          0          0       9620   calib.o
      2232        312          0          1        100      10846   comm.o
     22372       3032        225         16         52      84188   control.o
       148         22          0          0          0       3705   diskio.o
       156         30          0          0          0       1911   dwt_delay.o
        32         10          0          5          0       1452   fatfs.o
      5014         80        156          8         32      41533   ff.o
        70          6          0          0         12       1619   ff_gen_drv.o
      1268         84          0          0        480       6435   init.o
         0          0          0       3344       1672       3431   lang.o
       402         74          0          1          0       2705   main.o
      1178         94          0          0          0       5819   printer.o
      1580        120          0          0          0     728914   remote.o
      1674        254          0          8       1140      12262   sd_card.o
       224         14         20          1          0       4328   sd_diskio.o
        36          8        392          0      24576        832   startup_stm32f407xx.o
       180         28          0         12          0       4549   stm32f4xx_hal.o
       194         14          0          0          0      30383   stm32f4xx_hal_cortex.o
       460         44          0          0          0       3672   stm32f4xx_hal_gpio.o
       888         14          0          0          0       8126   stm32f4xx_hal_i2c.o
       520         68          0          8          0       4320   stm32f4xx_hal_msp.o
      1252         84          0          0          0       5540   stm32f4xx_hal_rcc.o
      1928          4          0          0          0       9768   stm32f4xx_hal_sd.o
       326          0          0          0          0       4744   stm32f4xx_hal_sram.o
      1026         44          0          0          0      10422   stm32f4xx_hal_tim.o
        84          0          0          0          0       2398   stm32f4xx_hal_tim_ex.o
      1252          8          0          0          0       5247   stm32f4xx_hal_uart.o
        32          6          0          0          0       4496   stm32f4xx_it.o
       216         12          0          0          0       2687   stm32f4xx_ll_fsmc.o
      1532         42          0          0          0      21148   stm32f4xx_ll_sdmmc.o
       188         36         24          4          0       1839   system_stm32f4xx.o
      4026        440          0          1        576      20359   usb_flash_drive.o

    ----------------------------------------------------------------------
     63624       5886        852       3532      36600    1147264   Object Totals
         0          0         32          0          0          0   (incl. Generated)
        68          0          3          3          3          0   (incl. Padding)

    ----------------------------------------------------------------------

      Code (inc. data)   RO Data    RW Data    ZI Data      Debug   Library Member Name

        94          0          0          0          0          0   __dclz77c.o
        28          0          0          0          0         68   _chval.o
       158          0          0          0          0         92   _strtoul.o
        26          0          0          0          0         80   atoi.o
        26          0          0          0          0         80   atol.o
         8          4        133          0          0         68   ctype_o.o
         0          0          0          0          0          0   entry.o
         0          0          0          0          0          0   entry10a.o
         0          0          0          0          0          0   entry11a.o
         8          4          0          0          0          0   entry2.o
         4          0          0          0          0          0   entry5.o
         0          0          0          0          0          0   entry7b.o
         0          0          0          0          0          0   entry8b.o
         8          4          0          0          0          0   entry9a.o
         8          4          0          4          0         68   errno.o
        30          0          0          0          0          0   handlers.o
        36          8          0          0          0         68   init.o
         0          0          0          0          0          0   iusefp.o
        30          0          0          0          0         68   llshl.o
        36          0          0          0          0         68   llsshr.o
        32          0          0          0          0         68   llushr.o
       188         20          0          0          0        160   malloc.o
        36          0          0          0          0         68   memcpya.o
        36          0          0          0          0        108   memseta.o
         0          0          0          8          0          0   mvars.o
      2276         86          0          0          0        520   printfa.o
        18          0          0          0          0         68   strcpy.o
        14          0          0          0          0         68   strlen.o
       112          0          0          0          0         88   strtol.o
        44          0          0          0          0         80   uidiv.o
        98          0          0          0          0         92   uldiv.o
        48          0          0          0          0         68   cdrcmple.o
        56          0          0          0          0         88   d2f.o
       334          0          0          0          0        148   dadd.o
       222          0          0          0          0        100   ddiv.o
       186          0          0          0          0        176   depilogue.o
        62          0          0          0          0         80   dfixi.o
        50          0          0          0          0         76   dfixui.o
        48          0          0          0          0         68   dfixul.o
        26          0          0          0          0         76   dfltui.o
       228          0          0          0          0         96   dmul.o
        38          0          0          0          0         68   f2d.o
       110          0          0          0          0        168   fepilogue.o

    ----------------------------------------------------------------------
      4768        130        136         12          0       3192   Library Totals
         6          0          3          0          0          0   (incl. Padding)

    ----------------------------------------------------------------------

      Code (inc. data)   RO Data    RW Data    ZI Data      Debug   Library Name

      3354        130        133         12          0       1980   mc_w.l
      1408          0          0          0          0       1212   mf_w.l

    ----------------------------------------------------------------------
      4768        130        136         12          0       3192   Library Totals

    ----------------------------------------------------------------------

==============================================================================


      Code (inc. data)   RO Data    RW Data    ZI Data      Debug   

     68392       6016        988       3544      36600    1111024   Grand Totals
     68392       6016        988       1684      36600    1111024   ELF Image Totals (compressed)
     68392       6016        988       1684          0          0   ROM Totals

==============================================================================

    Total RO  Size (Code + RO Data)                69380 (  67.75kB)
    Total RW  Size (RW Data + ZI Data)             40144 (  39.20kB)
    Total ROM Size (Code + RO Data + RW Data)      71064 (  69.40kB)

==============================================================================

