Component: ARM Compiler 5.06 update 5 (build 528) Tool: armlink [4d35e2]

==============================================================================

Section Cross References

    startup_stm32f407xx.o(RESET) refers to startup_stm32f407xx.o(STACK) for __initial_sp
    startup_stm32f407xx.o(RESET) refers to startup_stm32f407xx.o(.text) for Reset_Handler
    startup_stm32f407xx.o(RESET) refers to stm32f4xx_it.o(i.NMI_Handler) for NMI_Handler
    startup_stm32f407xx.o(RESET) refers to stm32f4xx_it.o(i.HardFault_Handler) for HardFault_Handler
    startup_stm32f407xx.o(RESET) refers to stm32f4xx_it.o(i.MemManage_Handler) for MemManage_Handler
    startup_stm32f407xx.o(RESET) refers to stm32f4xx_it.o(i.BusFault_Handler) for BusFault_Handler
    startup_stm32f407xx.o(RESET) refers to stm32f4xx_it.o(i.UsageFault_Handler) for UsageFault_Handler
    startup_stm32f407xx.o(RESET) refers to stm32f4xx_it.o(i.SVC_Handler) for SVC_Handler
    startup_stm32f407xx.o(RESET) refers to stm32f4xx_it.o(i.DebugMon_Handler) for DebugMon_Handler
    startup_stm32f407xx.o(RESET) refers to stm32f4xx_it.o(i.PendSV_Handler) for PendSV_Handler
    startup_stm32f407xx.o(RESET) refers to stm32f4xx_it.o(i.SysTick_Handler) for SysTick_Handler
    startup_stm32f407xx.o(RESET) refers to stm32f4xx_it.o(i.TIM2_IRQHandler) for TIM2_IRQHandler
    startup_stm32f407xx.o(RESET) refers to stm32f4xx_it.o(i.TIM3_IRQHandler) for TIM3_IRQHandler
    startup_stm32f407xx.o(.text) refers to system_stm32f4xx.o(i.SystemInit) for SystemInit
    startup_stm32f407xx.o(.text) refers to entry.o(.ARM.Collect$$$$00000000) for __main
    main.o(i.HAL_TIM_PeriodElapsedCallback) refers to adc.o(i.SRM_Get_Samples) for SRM_Get_Samples
    main.o(i.HAL_TIM_PeriodElapsedCallback) refers to control.o(.data) for timer1_DRM_ON
    main.o(i.HAL_TIM_PeriodElapsedCallback) refers to main.o(.data) for .data
    main.o(i.main) refers to stm32f4xx_hal.o(i.HAL_Init) for HAL_Init
    main.o(i.main) refers to init.o(i.SystemClock_Config) for SystemClock_Config
    main.o(i.main) refers to system_stm32f4xx.o(i.SystemCoreClockUpdate) for SystemCoreClockUpdate
    main.o(i.main) refers to init.o(i.MX_GPIO_Init) for MX_GPIO_Init
    main.o(i.main) refers to init.o(i.MX_SDIO_SD_Init) for MX_SDIO_SD_Init
    main.o(i.main) refers to init.o(i.MX_USART1_UART_Init) for MX_USART1_UART_Init
    main.o(i.main) refers to init.o(i.MX_FSMC_Init) for MX_FSMC_Init
    main.o(i.main) refers to fatfs.o(i.MX_FATFS_Init) for MX_FATFS_Init
    main.o(i.main) refers to init.o(i.MX_TIM2_Init) for MX_TIM2_Init
    main.o(i.main) refers to init.o(i.MX_TIM3_Init) for MX_TIM3_Init
    main.o(i.main) refers to stm32f4xx_hal_gpio.o(i.HAL_GPIO_WritePin) for HAL_GPIO_WritePin
    main.o(i.main) refers to calib.o(i.Reset_Calibration_COMM) for Reset_Calibration_COMM
    main.o(i.main) refers to stm32f4xx_hal.o(i.HAL_Delay) for HAL_Delay
    main.o(i.main) refers to comm.o(i.GetInputBuffer) for GetInputBuffer
    main.o(i.main) refers to remote.o(i.RemoteCommandSwitch) for RemoteCommandSwitch
    main.o(i.main) refers to printfa.o(i.__0sprintf) for __2sprintf
    main.o(i.main) refers to comm.o(i.SendOutputBuffer) for SendOutputBuffer
    main.o(i.main) refers to bios.o(.data) for COMM
    main.o(i.main) refers to comm.o(.data) for GetDataFromMemory
    main.o(i.main) refers to comm.o(.bss) for OutputBuffer
    bsp_driver_sd.o(i.BSP_SD_DMA_Rx_IRQHandler) refers to stm32f4xx_hal_dma.o(i.HAL_DMA_IRQHandler) for HAL_DMA_IRQHandler
    bsp_driver_sd.o(i.BSP_SD_DMA_Rx_IRQHandler) refers to init.o(.bss) for hsd
    bsp_driver_sd.o(i.BSP_SD_DMA_Tx_IRQHandler) refers to stm32f4xx_hal_dma.o(i.HAL_DMA_IRQHandler) for HAL_DMA_IRQHandler
    bsp_driver_sd.o(i.BSP_SD_DMA_Tx_IRQHandler) refers to init.o(.bss) for hsd
    bsp_driver_sd.o(i.BSP_SD_Erase) refers to stm32f4xx_hal_sd.o(i.HAL_SD_Erase) for HAL_SD_Erase
    bsp_driver_sd.o(i.BSP_SD_Erase) refers to init.o(.bss) for hsd
    bsp_driver_sd.o(i.BSP_SD_GetCardInfo) refers to stm32f4xx_hal_sd.o(i.HAL_SD_GetCardInfo) for HAL_SD_GetCardInfo
    bsp_driver_sd.o(i.BSP_SD_GetCardInfo) refers to init.o(.bss) for hsd
    bsp_driver_sd.o(i.BSP_SD_GetCardState) refers to stm32f4xx_hal_sd.o(i.HAL_SD_GetCardState) for HAL_SD_GetCardState
    bsp_driver_sd.o(i.BSP_SD_GetCardState) refers to init.o(.bss) for hsd
    bsp_driver_sd.o(i.BSP_SD_IRQHandler) refers to stm32f4xx_hal_sd.o(i.HAL_SD_IRQHandler) for HAL_SD_IRQHandler
    bsp_driver_sd.o(i.BSP_SD_IRQHandler) refers to init.o(.bss) for hsd
    bsp_driver_sd.o(i.BSP_SD_Init) refers to stm32f4xx_hal_sd.o(i.HAL_SD_Init) for HAL_SD_Init
    bsp_driver_sd.o(i.BSP_SD_Init) refers to init.o(.bss) for hsd
    bsp_driver_sd.o(i.BSP_SD_ReadBlocks) refers to stm32f4xx_hal_sd.o(i.HAL_SD_ReadBlocks) for HAL_SD_ReadBlocks
    bsp_driver_sd.o(i.BSP_SD_ReadBlocks) refers to init.o(.bss) for hsd
    bsp_driver_sd.o(i.BSP_SD_ReadBlocks_DMA) refers to stm32f4xx_hal_sd.o(i.HAL_SD_ReadBlocks_DMA) for HAL_SD_ReadBlocks_DMA
[...]
    PrinterParamters                         0x08006511   Thumb Code    38  printer.o(i.PrinterParamters)
    ProcessAnalogCH                          0x08006537   Thumb Code    26  control.o(i.ProcessAnalogCH)
    PuniPrintBuffer                          0x08006551   Thumb Code  1154  control.o(i.PuniPrintBuffer)
    PuniPrintBufferAnalogCH                  0x08006a05   Thumb Code   756  control.o(i.PuniPrintBufferAnalogCH)
    PuniPrintBufferCurrent                   0x08006e51   Thumb Code   332  control.o(i.PuniPrintBufferCurrent)
    PuniPrintBufferMotion                    0x08006ff5   Thumb Code   180  control.o(i.PuniPrintBufferMotion)
    Pwr_Control                              0x080070d9   Thumb Code    54  bios.o(i.Pwr_Control)
    Ramp                                     0x08007115   Thumb Code   132  bios.o(i.Ramp)
    ReadAuxillaryChannels                    0x08007199   Thumb Code   148  adc.o(i.ReadAuxillaryChannels)
    ReadSPIs                                 0x0800723d   Thumb Code    64  usb_flash_drive.o(i.ReadSPIs)
    Read_ADC_Res_COMM                        0x0800727d   Thumb Code   284  control.o(i.Read_ADC_Res_COMM)
    Read_Calib_Coef_Comm                     0x08007419   Thumb Code   286  calib.o(i.Read_Calib_Coef_Comm)
    Read_Calib_Coef_from_EEPROM_Comm         0x08007585   Thumb Code    10  calib.o(i.Read_Calib_Coef_from_EEPROM_Comm)
    Read_One_ADC_CH_COMM                     0x08007591   Thumb Code   280  control.o(i.Read_One_ADC_CH_COMM)
    Relay_IGBT_Control                       0x080076e9   Thumb Code   550  control.o(i.Relay_IGBT_Control)
    RemoteCommandSwitch                      0x08007919   Thumb Code  1500  remote.o(i.RemoteCommandSwitch)
    Reset_Calibration_COMM                   0x08007f45   Thumb Code   112  calib.o(i.Reset_Calibration_COMM)
    SDIO_ConfigData                          0x08007fb9   Thumb Code    36  stm32f4xx_ll_sdmmc.o(i.SDIO_ConfigData)
    SDIO_GetPowerState                       0x08007fdd   Thumb Code     8  stm32f4xx_ll_sdmmc.o(i.SDIO_GetPowerState)
    SDIO_GetResponse                         0x08007fe5   Thumb Code    12  stm32f4xx_ll_sdmmc.o(i.SDIO_GetResponse)
    SDIO_Init                                0x08007ff1   Thumb Code    36  stm32f4xx_ll_sdmmc.o(i.SDIO_Init)
    SDIO_PowerState_ON                       0x08008015   Thumb Code     8  stm32f4xx_ll_sdmmc.o(i.SDIO_PowerState_ON)
    SDIO_ReadFIFO                            0x0800801d   Thumb Code     6  stm32f4xx_ll_sdmmc.o(i.SDIO_ReadFIFO)
    SDIO_SendCommand                         0x08008023   Thumb Code    32  stm32f4xx_ll_sdmmc.o(i.SDIO_SendCommand)
    SDIO_WriteFIFO                           0x08008043   Thumb Code    10  stm32f4xx_ll_sdmmc.o(i.SDIO_WriteFIFO)
    SDMMC_CmdAppCommand                      0x0800804d   Thumb Code    50  stm32f4xx_ll_sdmmc.o(i.SDMMC_CmdAppCommand)
    SDMMC_CmdAppOperCommand                  0x08008081   Thumb Code    48  stm32f4xx_ll_sdmmc.o(i.SDMMC_CmdAppOperCommand)
    SDMMC_CmdBlockLength                     0x080080b5   Thumb Code    50  stm32f4xx_ll_sdmmc.o(i.SDMMC_CmdBlockLength)
    SDMMC_CmdGoIdleState                     0x080080e9   Thumb Code    76  stm32f4xx_ll_sdmmc.o(i.SDMMC_CmdGoIdleState)
    SDMMC_CmdOperCond                        0x08008139   Thumb Code    98  stm32f4xx_ll_sdmmc.o(i.SDMMC_CmdOperCond)
    SDMMC_CmdReadMultiBlock                  0x080081a1   Thumb Code    50  stm32f4xx_ll_sdmmc.o(i.SDMMC_CmdReadMultiBlock)
    SDMMC_CmdReadSingleBlock                 0x080081d3   Thumb Code    50  stm32f4xx_ll_sdmmc.o(i.SDMMC_CmdReadSingleBlock)
    SDMMC_CmdSelDesel                        0x08008205   Thumb Code    50  stm32f4xx_ll_sdmmc.o(i.SDMMC_CmdSelDesel)
    SDMMC_CmdSendCID                         0x08008237   Thumb Code    44  stm32f4xx_ll_sdmmc.o(i.SDMMC_CmdSendCID)
    SDMMC_CmdSendCSD                         0x08008263   Thumb Code    44  stm32f4xx_ll_sdmmc.o(i.SDMMC_CmdSendCSD)
    SDMMC_CmdSendStatus                      0x0800828f   Thumb Code    50  stm32f4xx_ll_sdmmc.o(i.SDMMC_CmdSendStatus)
    SDMMC_CmdSetRelAdd                       0x080082c1   Thumb Code    48  stm32f4xx_ll_sdmmc.o(i.SDMMC_CmdSetRelAdd)
    SDMMC_CmdStopTransfer                    0x080082f1   Thumb Code    46  stm32f4xx_ll_sdmmc.o(i.SDMMC_CmdStopTransfer)
    SDMMC_CmdWriteMultiBlock                 0x08008325   Thumb Code    50  stm32f4xx_ll_sdmmc.o(i.SDMMC_CmdWriteMultiBlock)
    SDMMC_CmdWriteSingleBlock                0x08008357   Thumb Code    50  stm32f4xx_ll_sdmmc.o(i.SDMMC_CmdWriteSingleBlock)
    SD_initialize                            0x08008761   Thumb Code    28  sd_diskio.o(i.SD_initialize)
    SD_ioctl                                 0x08008781   Thumb Code    76  sd_diskio.o(i.SD_ioctl)
    SD_read                                  0x080087d1   Thumb Code    38  sd_diskio.o(i.SD_read)
    SD_status                                0x080087f7   Thumb Code     4  sd_diskio.o(i.SD_status)
    SD_write                                 0x080087fd   Thumb Code    38  sd_diskio.o(i.SD_write)
    SET_GPIOB_Structure                      0x08008825   Thumb Code    18  adc.o(i.SET_GPIOB_Structure)
    SET_GPIO_Structures                      0x08008841   Thumb Code    64  adc.o(i.SET_GPIO_Structures)
    SRM_ADC_ClampAndCalibrate                0x08008889   Thumb Code   196  adc.o(i.SRM_ADC_ClampAndCalibrate)
    SRM_ADC_GetData                          0x0800894d   Thumb Code   116  control.o(i.SRM_ADC_GetData)
    SRM_ADC_Select                           0x080089d1   Thumb Code   100  adc.o(i.SRM_ADC_Select)
    SRM_ADC_Set_Gain                         0x08008a39   Thumb Code  1728  adc.o(i.SRM_ADC_Set_Gain)
    SRM_Get_Samples                          0x08009105   Thumb Code   178  adc.o(i.SRM_Get_Samples)
    SRM_Read_ADC_16Bits                      0x080091c5   Thumb Code   156  adc.o(i.SRM_Read_ADC_16Bits)
    SRM_Read_ADC_Byte                        0x08009265   Thumb Code   130  adc.o(i.SRM_Read_ADC_Byte)
    SRM_Start_Test                           0x080092f5   Thumb Code    48  control.o(i.SRM_Start_Test)
    SRM_Write_ADC_24Bits                     0x0800932d   Thumb Code   102  adc.o(i.SRM_Write_ADC_24Bits)
    SRM_Write_ADC_Byte                       0x0800939d   Thumb Code   102  adc.o(i.SRM_Write_ADC_Byte)
    SVC_Handler                              0x0800940d   Thumb Code     2  stm32f4xx_it.o(i.SVC_Handler)
    S_D8                                     0x0800940f   Thumb Code    12  comm.o(i.S_D8)
    S_D82                                    0x0800941b   Thumb Code    12  comm.o(i.S_D82)
    SendMeasurementParameters_Comm           0x08009429   Thumb Code    52  control.o(i.SendMeasurementParameters_Comm)
    SendOutputBuffer                         0x08009475   Thumb Code   160  comm.o(i.SendOutputBuffer)
    SendProgressBar                          0x08009521   Thumb Code    28  sd_card.o(i.SendProgressBar)
    SendVNC1L                                0x08009549   Thumb Code    24  usb_flash_drive.o(i.SendVNC1L)
    SendVNC1L_fast                           0x08009561   Thumb Code    36  usb_flash_drive.o(i.SendVNC1L_fast)
    SetAnalogCHRange                         0x08009585   Thumb Code   228  bios.o(i.SetAnalogCHRange)
    SetCommPort_COMM                         0x08009675   Thumb Code    40  control.o(i.SetCommPort_COMM)
    SetDir                                   0x080096b1   Thumb Code   264  usb_flash_drive.o(i.SetDir)
    SetLTransdParameters_COMM                0x08009811   Thumb Code    78  control.o(i.SetLTransdParameters_COMM)
    SetMeasParameters_COMM                   0x08009869   Thumb Code   838  control.o(i.SetMeasParameters_COMM)
    SetPulseLenghts_COMM                     0x08009c19   Thumb Code    94  control.o(i.SetPulseLenghts_COMM)
    SetRemoteControl_COMM                    0x08009c8d   Thumb Code    56  control.o(i.SetRemoteControl_COMM)
    Set_Active_Language_Comm                 0x08009cc9   Thumb Code    54  control.o(i.Set_Active_Language_Comm)
    Set_RMO_Results_Comm                     0x08009d11   Thumb Code   116  control.o(i.Set_RMO_Results_Comm)
    Set_Test_Mode_COMM                       0x08009d91   Thumb Code   230  control.o(i.Set_Test_Mode_COMM)
    Store_Calib_Coef_to_EEPROM_Comm          0x08009e77   Thumb Code     4  calib.o(i.Store_Calib_Coef_to_EEPROM_Comm)
    SysTick_Handler                          0x08009e7b   Thumb Code     4  stm32f4xx_it.o(i.SysTick_Handler)
    SystemClock_Config                       0x08009e81   Thumb Code   140  init.o(i.SystemClock_Config)
    SystemCoreClockUpdate                    0x08009f15   Thumb Code   104  system_stm32f4xx.o(i.SystemCoreClockUpdate)
    SystemInit                               0x08009f8d   Thumb Code    66  system_stm32f4xx.o(i.SystemInit)
    TIM2_IRQHandler                          0x08009fe1   Thumb Code     6  stm32f4xx_it.o(i.TIM2_IRQHandler)
    TIM3_IRQHandler                          0x08009fed   Thumb Code     6  stm32f4xx_it.o(i.TIM3_IRQHandler)
    TIM_Base_SetConfig                       0x08009ff9   Thumb Code   148  stm32f4xx_hal_tim.o(i.TIM_Base_SetConfig)
    TestWrite                                0x0800a125   Thumb Code    30  usb_flash_drive.o(i.TestWrite)
    TimePrikaz                               0x0800a149   Thumb Code   350  control.o(i.TimePrikaz)
    Toggle_Pins                              0x0800a305   Thumb Code    50  control.o(i.Toggle_Pins)
    USART1_UART_Init_printer_comm            0x0800a665   Thumb Code    52  init.o(i.USART1_UART_Init_printer_comm)
    UcitajNumerickeRezultate                 0x0800a6a1   Thumb Code  1070  usb_flash_drive.o(i.UcitajNumerickeRezultate)
    UsageFault_Handler                       0x0800aacf   Thumb Code     2  stm32f4xx_it.o(i.UsageFault_Handler)
    VBAT_ADC_Read                            0x0800aad1   Thumb Code   318  adc.o(i.VBAT_ADC_Read)
    VNrs                                     0x0800ac1d   Thumb Code    48  usb_flash_drive.o(i.VNrs)
    WriteSPIs                                0x0800ac51   Thumb Code    74  usb_flash_drive.o(i.WriteSPIs)
    WriteSPIs_fast                           0x0800ac9b   Thumb Code    54  usb_flash_drive.o(i.WriteSPIs_fast)
    Write_Calib_Coef_Comm                    0x0800acd1   Thumb Code   468  calib.o(i.Write_Calib_Coef_Comm)
    Write_DRM_Channel                        0x0800aead   Thumb Code   498  control.o(i.Write_DRM_Channel)
    __0sprintf                               0x0800b0d9   Thumb Code    34  printfa.o(i.__0sprintf)
    __1sprintf                               0x0800b0d9   Thumb Code     0  printfa.o(i.__0sprintf)
    __2sprintf                               0x0800b0d9   Thumb Code     0  printfa.o(i.__0sprintf)
    __c89sprintf                             0x0800b0d9   Thumb Code     0  printfa.o(i.__0sprintf)
    sprintf                                  0x0800b0d9   Thumb Code     0  printfa.o(i.__0sprintf)
    __aeabi_errno_addr                       0x0800b101   Thumb Code     4  errno.o(i.__aeabi_errno_addr)
    __rt_errno_addr                          0x0800b101   Thumb Code     0  errno.o(i.__aeabi_errno_addr)
    __scatterload_copy                       0x0800b109   Thumb Code    14  handlers.o(i.__scatterload_copy)
    __scatterload_null                       0x0800b117   Thumb Code     2  handlers.o(i.__scatterload_null)
    __scatterload_zeroinit                   0x0800b119   Thumb Code    14  handlers.o(i.__scatterload_zeroinit)
    abs_16_bit                               0x0800b9e5   Thumb Code    10  control.o(i.abs_16_bit)
    add_new_res_to_list                      0x0800b9f1   Thumb Code    66  sd_card.o(i.add_new_res_to_list)
    apply_offset_correction                  0x0800ba39   Thumb Code    38  calib.o(i.apply_offset_correction)
    calc_max_time                            0x0800ba5f   Thumb Code    34  control.o(i.calc_max_time)
    calc_min_time                            0x0800ba81   Thumb Code    34  control.o(i.calc_min_time)
    calculate_gained_value                   0x0800baa5   Thumb Code    66  calib.o(i.calculate_gained_value)
    calculate_offset_for_CC_channels         0x0800bb05   Thumb Code   102  calib.o(i.calculate_offset_for_CC_channels)
    calculate_overtavel                      0x0800bb75   Thumb Code   246  control.o(i.calculate_overtavel)
    calculate_rebound                        0x0800bc79   Thumb Code   224  control.o(i.calculate_rebound)
    calculate_total_travel                   0x0800bd65   Thumb Code   240  control.o(i.calculate_total_travel)
    check_calibration_coeficients            0x0800be65   Thumb Code   154  calib.o(i.check_calibration_coeficients)
    check_for_stop_button                    0x0800bf05   Thumb Code    22  control.o(i.check_for_stop_button)
    check_if_digit                           0x0800bf91   Thumb Code    52  control.o(i.check_if_digit)
    check_mc_test_results                    0x0800bfc9   Thumb Code   188  control.o(i.check_mc_test_results)
    clear_sector                             0x0800c109   Thumb Code    20  usb_flash_drive.o(i.clear_sector)
    close_file_and_unmount                   0x0800c145   Thumb Code    28  sd_card.o(i.close_file_and_unmount)
    clrvn                                    0x0800c169   Thumb Code    16  usb_flash_drive.o(i.clrvn)
    coil_control                             0x0800c195   Thumb Code   282  control.o(i.coil_control)
    compare_analog_value                     0x0800c2bd   Thumb Code   130  control.o(i.compare_analog_value)
    convert_to_slong_DT_res                  0x0800c345   Thumb Code    18  adc.o(i.convert_to_slong_DT_res)
    define_path                              0x0800c4f1   Thumb Code    38  sd_card.o(i.define_path)
    delay_us                                 0x0800c54d   Thumb Code    24  bios.o(i.delay_us)
    delete_result_from_the_list              0x0800c565   Thumb Code     6  sd_card.o(i.delete_result_from_the_list)
    disable_printer_communication            0x0800c82d   Thumb Code    34  bios.o(i.disable_printer_communication)
    disk_initialize                          0x0800c859   Thumb Code    36  diskio.o(i.disk_initialize)
    disk_ioctl                               0x0800c881   Thumb Code    24  diskio.o(i.disk_ioctl)
    disk_read                                0x0800c89d   Thumb Code    24  diskio.o(i.disk_read)
    disk_status                              0x0800c8b9   Thumb Code    18  diskio.o(i.disk_status)
    disk_write                               0x0800c8d1   Thumb Code    24  diskio.o(i.disk_write)
    drive_close_coil                         0x0800c8ed   Thumb Code   128  control.o(i.drive_close_coil)
    drive_open_coil                          0x0800c975   Thumb Code   132  control.o(i.drive_open_coil)
    dummy_function                           0x0800ca01   Thumb Code    10  control.o(i.dummy_function)
    enable_printer_communication             0x0800ca15   Thumb Code    34  bios.o(i.enable_printer_communication)
    erase_all_mem_locations                  0x0800ca41   Thumb Code    48  sd_card.o(i.erase_all_mem_locations)
    f_close                                  0x0800ca75   Thumb Code    40  ff.o(i.f_close)
    f_mount                                  0x0800ca9d   Thumb Code    84  ff.o(i.f_mount)
    f_open                                   0x0800caf5   Thumb Code   520  ff.o(i.f_open)
    f_read                                   0x0800cd01   Thumb Code   338  ff.o(i.f_read)
    f_sync                                   0x0800ce53   Thumb Code   142  ff.o(i.f_sync)
    f_unlink                                 0x0800cee1   Thumb Code   158  ff.o(i.f_unlink)
    f_write                                  0x0800cf7f   Thumb Code   398  ff.o(i.f_write)
    foo_function                             0x0800d3d5   Thumb Code    14  control.o(i.foo_function)
    free                                     0x0800d3e5   Thumb Code    76  malloc.o(i.free)
    get_fattime                              0x0800d4f3   Thumb Code     4  fatfs.o(i.get_fattime)
    get_range                                0x0800d533   Thumb Code    36  calib.o(i.get_range)
    get_real_adc_values                      0x0800d559   Thumb Code   318  adc.o(i.get_real_adc_values)
    getcharB                                 0x0800d69d   Thumb Code   182  comm.o(i.getcharB)
    init_results_vaules                      0x0800d7dd   Thumb Code   140  control.o(i.init_results_vaules)
    init_sd_card                             0x0800d881   Thumb Code    24  sd_card.o(i.init_sd_card)
    list_all_mem_locations                   0x0800d8e9   Thumb Code    92  sd_card.o(i.list_all_mem_locations)
    load_mem_loc_info                        0x0800d94d   Thumb Code    24  sd_card.o(i.load_mem_loc_info)
    main                                     0x0800d975   Thumb Code   260  main.o(i.main)
    malloc                                   0x0800daad   Thumb Code    92  malloc.o(i.malloc)
    mem_location_info                        0x0800db2d   Thumb Code    66  sd_card.o(i.mem_location_info)
    my_getchar                               0x0800dbb5   Thumb Code    22  comm.o(i.my_getchar)
    my_putchar                               0x0800dbd1   Thumb Code    18  comm.o(i.my_putchar)
    process_data_for_CO_test                 0x0800dbe9   Thumb Code   268  control.o(i.process_data_for_CO_test)
    process_data_for_OCO_test                0x0800dd01   Thumb Code   696  control.o(i.process_data_for_OCO_test)
    process_data_for_OC_test                 0x0800dfc5   Thumb Code   544  control.o(i.process_data_for_OC_test)
    process_data_for_closing_test            0x0800e1f1   Thumb Code  1024  control.o(i.process_data_for_closing_test)
    process_data_for_opening_test            0x0800e609   Thumb Code   782  control.o(i.process_data_for_opening_test)
    putcharB                                 0x0800ea1d   Thumb Code   174  comm.o(i.putcharB)
    putchar_printer                          0x0800ead5   Thumb Code    18  comm.o(i.putchar_printer)
    read_adc_raw_results                     0x0800eaed   Thumb Code   412  adc.o(i.read_adc_raw_results)
    read_adc_res_sram_test                   0x0800ec91   Thumb Code   640  adc.o(i.read_adc_res_sram_test)
    read_all_adc_channels_test               0x0800ef1d   Thumb Code  3122  adc.o(i.read_all_adc_channels_test)
    read_all_adcs                            0x0800fb51   Thumb Code   256  control.o(i.read_all_adcs)
    read_analog_adc_for_trigger              0x0800fc61   Thumb Code     2  adc.o(i.read_analog_adc_for_trigger)
    read_data_from_sd_card                   0x0800fc63   Thumb Code    58  sd_card.o(i.read_data_from_sd_card)
    read_digital_trans_chs                   0x0800fc9d   Thumb Code   394  adc.o(i.read_digital_trans_chs)
    read_dummy                               0x0800fe41   Thumb Code    18  printer.o(i.read_dummy)
    read_from_file                           0x0800fe55   Thumb Code   298  sd_card.o(i.read_from_file)
    read_multiple_ch_adcs                    0x0800ffbd   Thumb Code  1142  adc.o(i.read_multiple_ch_adcs)
    reset_flash_drive_MCU                    0x080104a9   Thumb Code    58  usb_flash_drive.o(i.reset_flash_drive_MCU)
    search_max_current_per_ch                0x080104e9   Thumb Code   114  control.o(i.search_max_current_per_ch)
    search_min_max_voltage_per_ch            0x08010565   Thumb Code    70  control.o(i.search_min_max_voltage_per_ch)
    send_data_transfer_over_status           0x080105b1   Thumb Code    46  comm.o(i.send_data_transfer_over_status)
    send_measuring_samples_to_pc             0x080105e5   Thumb Code   204  comm.o(i.send_measuring_samples_to_pc)
    send_test_data_to_pc                     0x080106b5   Thumb Code   576  comm.o(i.send_test_data_to_pc)
    set_contact_wipe_results_to_zero         0x080109a1   Thumb Code    78  control.o(i.set_contact_wipe_results_to_zero)
    set_osg_or_bsg                           0x080109fd   Thumb Code    48  control.o(i.set_osg_or_bsg)
    setdt                                    0x08010a31   Thumb Code    56  usb_flash_drive.o(i.setdt)
    slave_deselect_usb_flash_drive           0x08010a71   Thumb Code    22  usb_flash_drive.o(i.slave_deselect_usb_flash_drive)
    slave_select_usb_flash_drive             0x08010a8d   Thumb Code    22  usb_flash_drive.o(i.slave_select_usb_flash_drive)
    spie_master_tx_fast                      0x08010aa9   Thumb Code   160  comm.o(i.spie_master_tx_fast)
    spie_master_tx_rx                        0x08010b51   Thumb Code   168  comm.o(i.spie_master_tx_rx)
    store_data_to_sd_card                    0x08010c41   Thumb Code    64  sd_card.o(i.store_data_to_sd_card)
    store_graphics_to_sd_card                0x08010c85   Thumb Code    52  sd_card.o(i.store_graphics_to_sd_card)
    store_list_array_into_mem                0x08010cbd   Thumb Code    34  sd_card.o(i.store_list_array_into_mem)
    store_numerics_to_sd_card                0x08010cdf   Thumb Code    40  sd_card.o(i.store_numerics_to_sd_card)
    string_to_int                            0x08010d09   Thumb Code    40  control.o(i.string_to_int)
    string_to_long                           0x08010d35   Thumb Code    40  control.o(i.string_to_long)
    wait_char_from_pc                        0x08010e6d   Thumb Code    56  comm.o(i.wait_char_from_pc)
    write_to_file                            0x08010ed1   Thumb Code   454  sd_card.o(i.write_to_file)
    SD_Driver                                0x080110d4   Data          20  sd_diskio.o(.constdata)
    AHBPrescTable                            0x080110e8   Data          16  system_stm32f4xx.o(.constdata)
    APBPrescTable                            0x080110f8   Data           8  system_stm32f4xx.o(.constdata)
    __ctype_table                            0x0801119c   Data         129  ctype_o.o(.constdata)
    Region$$Table$$Base                      0x08011308   Number         0  anon$$obj.o(Region$$Table)
    Region$$Table$$Limit                     0x08011328   Number         0  anon$$obj.o(Region$$Table)
    varijabla                                0x20000000   Data           1  main.o(.data)
    Test_Counter                             0x20000004   Data           4  main.o(.data)
    retSD                                    0x20000009   Data           1  fatfs.o(.data)
    SDPath                                   0x2000000a   Data           4  fatfs.o(.data)
    MCU_bat_chg_ctrl                         0x20000018   Data           1  bios.o(.data)
    BSG_Relay_Control                        0x20000019   Data           1  bios.o(.data)
    PORT607                                  0x2000001a   Data           1  bios.o(.data)
    PORT608                                  0x2000001b   Data           1  bios.o(.data)
    PORT609                                  0x2000001c   Data           1  bios.o(.data)
    PORT610                                  0x2000001d   Data           1  bios.o(.data)
    language                                 0x2000001e   Data           1  bios.o(.data)
    COMM                                     0x2000001f   Data           3  bios.o(.data)
    TIMEDATE                                 0x20000022   Data           6  bios.o(.data)
    GetDataFromMemory                        0x20000028   Data           1  comm.o(.data)
    timer1_interrupt                         0x2000002c   Data           1  control.o(.data)
    control_after_first_contact_touched      0x2000002d   Data           1  control.o(.data)
    timer1_DRM_ON                            0x2000002e   Data           1  control.o(.data)
    timer2_SRM_ON                            0x2000002f   Data           1  control.o(.data)
    MaxValuePom                              0x20000030   Data           4  control.o(.data)
    MinValuePom                              0x20000034   Data           4  control.o(.data)
    ADCresult1H                              0x20000038   Data           1  adc.o(.data)
    ADCresult2H                              0x20000039   Data           1  adc.o(.data)
    ADCresult1L                              0x2000003a   Data           1  adc.o(.data)
    ADCresult2L                              0x2000003b   Data           1  adc.o(.data)
    SRM_ADC_Delay                            0x2000003c   Data           4  adc.o(.data)
    Test_Phase                               0x20000040   Data           4  adc.o(.data)
    SRM1_C_Gain                              0x20000044   Data           4  adc.o(.data)
    SRM1_V_Gain                              0x20000048   Data           4  adc.o(.data)
    SRM1_C_Offset                            0x2000004c   Data           4  adc.o(.data)
    SRM1_V_Offset                            0x20000050   Data           4  adc.o(.data)
    SRM2_C_Gain                              0x20000054   Data           4  adc.o(.data)
    SRM2_V_Gain                              0x20000058   Data           4  adc.o(.data)
    SRM2_C_Offset                            0x2000005c   Data           4  adc.o(.data)
    SRM2_V_Offset                            0x20000060   Data           4  adc.o(.data)
    TestDuration                             0x20000064   Data           4  adc.o(.data)
    SRM1_G_I                                 0x20000068   Data           4  adc.o(.data)
    SRM2_G_I                                 0x2000006c   Data           4  adc.o(.data)
    SRM1_G_V                                 0x20000070   Data           4  adc.o(.data)
    SRM2_G_V                                 0x20000074   Data           4  adc.o(.data)
    Test_Count                               0x20000078   Data           4  adc.o(.data)
    Test_Current                             0x2000007c   Data           4  adc.o(.data)
    RemoteTest_h                             0x20000080   Data           4  adc.o(.data)
    RemoteTest                               0x20000084   Data           4  adc.o(.data)
    ADCdataL                                 0x20000088   Data           8  adc.o(.data)
    ADCdataH                                 0x20000090   Data           8  adc.o(.data)
    C_buffer_RET                             0x20000098   Data           8  adc.o(.data)
    nbytes                                   0x200000a0   Data           4  sd_card.o(.data)
    size_of_mem_loc_res                      0x200000a4   Data           4  sd_card.o(.data)
    greska                                   0x200000a8   Data           1  usb_flash_drive.o(.data)
    printer_texts                            0x200000a9   Data        3344  lang.o(.data)
    uwTickFreq                               0x20000dbc   Data           1  stm32f4xx_hal.o(.data)
    uwTickPrio                               0x20000dc0   Data           4  stm32f4xx_hal.o(.data)
    uwTick                                   0x20000dc4   Data           4  stm32f4xx_hal.o(.data)
    SystemCoreClock                          0x20000dc8   Data           4  system_stm32f4xx.o(.data)
    __microlib_freelist                      0x20000dd4   Data           4  mvars.o(.data)
    __microlib_freelist_initialised          0x20000dd8   Data           4  mvars.o(.data)
    TESTPAR                                  0x20000de0   Data         184  bios.o(.bss)
    BDATA                                    0x20000e98   Data         120  bios.o(.bss)
    TDATA                                    0x20000f10   Data          60  bios.o(.bss)
    STICK                                    0x20000f4c   Data          51  bios.o(.bss)
    CALIB                                    0x20000f80   Data         332  bios.o(.bss)
    MainC_Results                            0x200010cc   Data         240  bios.o(.bss)
    Current_Results                          0x200011bc   Data          48  bios.o(.bss)
    AUX_Results                              0x200011ec   Data          24  bios.o(.bss)
    AnalogCH_Results                         0x20001204   Data          96  bios.o(.bss)
    LTransd_Results                          0x20001264   Data         132  bios.o(.bss)
    DTransd_Results                          0x200012e8   Data         132  bios.o(.bss)
    RMO_Results                              0x2000136c   Data         150  bios.o(.bss)
    OutputBuffer                             0x20001402   Data          50  comm.o(.bss)
    InputBuffer                              0x20001434   Data          50  comm.o(.bss)
    PrintBuffer                              0x20001466   Data          52  control.o(.bss)
    GPIO_InitStruct1                         0x2000149c   Data          20  adc.o(.bss)
    GPIO_InitStruct2                         0x200014b0   Data          20  adc.o(.bss)
    ADC_Results                              0x200014c4   Data          72  adc.o(.bss)
    ADC_8bit_results                         0x2000150c   Data          80  adc.o(.bss)
    SRM1_C_CH0_Gain                          0x2000155c   Data          16  adc.o(.bss)
    SRM2_C_CH0_Gain                          0x2000156c   Data          16  adc.o(.bss)
    SRM1_C_CH0_Sign                          0x2000157c   Data          16  adc.o(.bss)
    SRM2_C_CH0_Sign                          0x2000158c   Data          16  adc.o(.bss)
    SRM1_C_CH0_Offset                        0x2000159c   Data          16  adc.o(.bss)
    SRM2_C_CH0_Offset                        0x200015ac   Data          16  adc.o(.bss)
    SRM1_C_CH1_Gain                          0x200015bc   Data          16  adc.o(.bss)
    SRM2_C_CH1_Gain                          0x200015cc   Data          16  adc.o(.bss)
    SRM1_C_CH1_Sign                          0x200015dc   Data          16  adc.o(.bss)
    SRM2_C_CH1_Sign                          0x200015ec   Data          16  adc.o(.bss)
    SRM1_C_CH1_Offset                        0x200015fc   Data          16  adc.o(.bss)
    SRM2_C_CH1_Offset                        0x2000160c   Data          16  adc.o(.bss)
    SRM1_V_CH0_Gain                          0x2000161c   Data          16  adc.o(.bss)
    SRM2_V_CH0_Gain                          0x2000162c   Data          16  adc.o(.bss)
    SRM1_V_CH0_Sign                          0x2000163c   Data          16  adc.o(.bss)
    SRM2_V_CH0_Sign                          0x2000164c   Data          16  adc.o(.bss)
    SRM1_V_CH1_Gain                          0x2000165c   Data          16  adc.o(.bss)
    SRM2_V_CH1_Gain                          0x2000166c   Data          16  adc.o(.bss)
    SRM1_V_CH1_Sign                          0x2000167c   Data          16  adc.o(.bss)
    SRM2_V_CH1_Sign                          0x2000168c   Data          16  adc.o(.bss)
    cptr                                     0x2000169c   Data          16  adc.o(.bss)
    C_buffer                                 0x200016ac   Data        5152  adc.o(.bss)
    DACV_Reg                                 0x20002acc   Data          20  adc.o(.bss)
    AD                                       0x20002ae0   Data          16  adc.o(.bss)
    fat                                      0x20002af0   Data         560  sd_card.o(.bss)
    file                                     0x20002d20   Data         560  sd_card.o(.bss)
    path                                     0x20002f50   Data          20  sd_card.o(.bss)
    outbv                                    0x20002f64   Data          64  usb_flash_drive.o(.bss)
    sector                                   0x20002fa4   Data         512  usb_flash_drive.o(.bss)
    hsd                                      0x200031a4   Data         132  init.o(.bss)
    htim2                                    0x20003228   Data          60  init.o(.bss)
    htim3                                    0x20003264   Data          60  init.o(.bss)
    huart1                                   0x200032a0   Data          64  init.o(.bss)
    hsram1                                   0x200032e0   Data          80  init.o(.bss)
    hi2c1                                    0x20003330   Data          84  init.o(.bss)
    activetext                               0x20003384   Data        1672  lang.o(.bss)
    disk                                     0x20003a2c   Data          12  ff_gen_drv.o(.bss)
    __heap_base                              0x20003a38   Data           0  startup_stm32f407xx.o(HEAP)
    __heap_limit                             0x20005a38   Data           0  startup_stm32f407xx.o(HEAP)
    __initial_sp                             0x20009a38   Data           0  startup_stm32f407xx.o(STACK)



==============================================================================

Memory Map of the image

  Image Entry point : 0x08000189

  Load Region LR_IROM1 (Base: 0x08000000, Size: 0x00012108, Max: 0x00080000, ABSOLUTE, COMPRESSED[0x000119c0])

    Execution Region ER_IROM1 (Exec base: 0x08000000, Load base: 0x08000000, Size: 0x00011328, Max: 0x00080000, ABSOLUTE)

    Exec Addr    Load Addr    Size         Type   Attr      Idx    E Section Name        Object

    0x08000000   0x08000000   0x00000188   Data   RO            3    RESET               startup_stm32f407xx.o
    0x08000188   0x08000188   0x00000000   Code   RO         6207  * .ARM.Collect$$$$00000000  mc_w.l(entry.o)
    0x08000188   0x08000188   0x00000004   Code   RO         6563    .ARM.Collect$$$$00000001  mc_w.l(entry2.o)
    0x0800018c   0x0800018c   0x00000004   Code   RO         6566    .ARM.Collect$$$$00000004  mc_w.l(entry5.o)
    0x08000190   0x08000190   0x00000000   Code   RO         6568    .ARM.Collect$$$$00000008  mc_w.l(entry7b.o)
    0x08000190   0x08000190   0x00000000   Code   RO         6570    .ARM.Collect$$$$0000000A  mc_w.l(entry8b.o)
    0x08000190   0x08000190   0x00000008   Code   RO         6571    .ARM.Collect$$$$0000000B  mc_w.l(entry9a.o)
    0x08000198   0x08000198   0x00000000   Code   RO         6573    .ARM.Collect$$$$0000000D  mc_w.l(entry10a.o)
    0x08000198   0x08000198   0x00000000   Code   RO         6575    .ARM.Collect$$$$0000000F  mc_w.l(entry11a.o)
    0x08000198   0x08000198   0x00000004   Code   RO         6564    .ARM.Collect$$$$00002712  mc_w.l(entry2.o)
    0x0800019c   0x0800019c   0x00000024   Code   RO            4    .text               startup_stm32f407xx.o
    0x080001c0   0x080001c0   0x00000062   Code   RO         6214    .text               mc_w.l(uldiv.o)
    0x08000222   0x08000222   0x00000002   PAD
    0x08000224   0x08000224   0x00000008   Code   RO         6216    .text               mc_w.l(ctype_o.o)
    0x0800022c   0x0800022c   0x00000024   Code   RO         6244    .text               mc_w.l(memcpya.o)
    0x08000250   0x08000250   0x00000024   Code   RO         6246    .text               mc_w.l(memseta.o)
    0x08000274   0x08000274   0x0000000e   Code   RO         6248    .text               mc_w.l(strlen.o)
    0x08000282   0x08000282   0x00000012   Code   RO         6250    .text               mc_w.l(strcpy.o)
    0x08000294   0x08000294   0x0000001a   Code   RO         6543    .text               mc_w.l(atoi.o)
    0x080002ae   0x080002ae   0x0000001a   Code   RO         6545    .text               mc_w.l(atol.o)
    0x080002c8   0x080002c8   0x000000e4   Code   RO         6547    .text               mf_w.l(dmul.o)
    0x080003ac   0x080003ac   0x000000de   Code   RO         6549    .text               mf_w.l(ddiv.o)
    0x0800048a   0x0800048a   0x0000001a   Code   RO         6551    .text               mf_w.l(dfltui.o)
    0x080004a4   0x080004a4   0x0000003e   Code   RO         6553    .text               mf_w.l(dfixi.o)
    0x080004e2   0x080004e2   0x00000032   Code   RO         6555    .text               mf_w.l(dfixui.o)
    0x08000514   0x08000514   0x00000026   Code   RO         6557    .text               mf_w.l(f2d.o)
    0x0800053a   0x0800053a   0x00000002   PAD
    0x0800053c   0x0800053c   0x00000030   Code   RO         6559    .text               mf_w.l(cdrcmple.o)
    0x0800056c   0x0800056c   0x00000038   Code   RO         6561    .text               mf_w.l(d2f.o)
    0x080005a4   0x080005a4   0x0000002c   Code   RO         6580    .text               mc_w.l(uidiv.o)
    0x080005d0   0x080005d0   0x0000001e   Code   RO         6582    .text               mc_w.l(llshl.o)
    0x080005ee   0x080005ee   0x00000020   Code   RO         6584    .text               mc_w.l(llushr.o)
    0x0800060e   0x0800060e   0x00000070   Code   RO         6595    .text               mc_w.l(strtol.o)
    0x0800067e   0x0800067e   0x00000000   Code   RO         6597    .text               mc_w.l(iusefp.o)
    0x0800067e   0x0800067e   0x0000006e   Code   RO         6598    .text               mf_w.l(fepilogue.o)
    0x080006ec   0x080006ec   0x000000ba   Code   RO         6600    .text               mf_w.l(depilogue.o)
    0x080007a6   0x080007a6   0x0000014e   Code   RO         6602    .text               mf_w.l(dadd.o)
    0x080008f4   0x080008f4   0x00000030   Code   RO         6604    .text               mf_w.l(dfixul.o)
    0x08000924   0x08000924   0x00000024   Code   RO         6606    .text               mc_w.l(init.o)
    0x08000948   0x08000948   0x00000024   Code   RO         6609    .text               mc_w.l(llsshr.o)
    0x0800096c   0x0800096c   0x0000009e   Code   RO         6611    .text               mc_w.l(_strtoul.o)
    0x08000a0a   0x08000a0a   0x0000001c   Code   RO         6614    .text               mc_w.l(_chval.o)
    0x08000a26   0x08000a26   0x0000005e   Code   RO         6624    .text               mc_w.l(__dclz77c.o)
    0x08000a84   0x08000a84   0x0000061c   Code   RO         1522    i.ADC_Read_MainContacts  adc.o
    0x080010a0   0x080010a0   0x00000030   Code   RO          991    i.AUX_DryWetControl_Command  control.o
    0x080010d0   0x080010d0   0x000000ac   Code   RO          663    i.AUX_dry_wet_control  bios.o
    0x0800117c   0x0800117c   0x00000108   Code   RO          992    i.AddSinglePhaseResult  control.o
    0x08001284   0x08001284   0x00000034   Code   RO          664    i.BSGBuckControl    bios.o
    0x080012b8   0x080012b8   0x00000030   Code   RO          665    i.BSGChargeDischargeRELControl  bios.o
    0x080012e8   0x080012e8   0x0000002c   Code   RO          666    i.BSGConfigON       bios.o
    0x08001314   0x08001314   0x00000030   Code   RO          667    i.BSGRelayControl   bios.o
    0x08001344   0x08001344   0x0000006a   Code   RO          668    i.BSGSOneBPPF_ON_Sequence  bios.o
    0x080013ae   0x080013ae   0x0000006a   Code   RO          669    i.BSGSTwoBPPF_ON_Sequence  bios.o
    0x08001418   0x08001418   0x0000005c   Code   RO          993    i.BSGTest_COMM      control.o
    0x08001474   0x08001474   0x00000050   Code   RO          670    i.BSG_OFF_Sequence  bios.o
    0x080014c4   0x080014c4   0x0000000c   Code   RO          221    i.BSP_SD_GetCardInfo  bsp_driver_sd.o
    0x080014d0   0x080014d0   0x00000018   Code   RO          222    i.BSP_SD_GetCardState  bsp_driver_sd.o
    0x080014e8   0x080014e8   0x00000024   Code   RO          225    i.BSP_SD_Init       bsp_driver_sd.o
    0x0800150c   0x0800150c   0x00000020   Code   RO          227    i.BSP_SD_ReadBlocks  bsp_driver_sd.o
    0x0800152c   0x0800152c   0x00000020   Code   RO          230    i.BSP_SD_WriteBlocks  bsp_driver_sd.o
    0x0800154c   0x0800154c   0x000000c0   Code   RO          994    i.Battery_Charger_Control  control.o
    0x0800160c   0x0800160c   0x00000002   Code   RO          457    i.BusFault_Handler  stm32f4xx_it.o
    0x0800160e   0x0800160e   0x00000002   PAD
    0x08001610   0x08001610   0x00000030   Code   RO          674    i.CC_RelayControl   bios.o
    0x08001640   0x08001640   0x00000038   Code   RO         1876    i.CKD               usb_flash_drive.o
    0x08001678   0x08001678   0x00000168   Code   RO          995    i.CalculateMaxMinTimePerPhase  control.o
    0x080017e0   0x080017e0   0x00000134   Code   RO          996    i.Channel_Power_Control  control.o
    0x08001914   0x08001914   0x00000210   Code   RO          997    i.CheckBreakerStatus_COMM  control.o
    0x08001b24   0x08001b24   0x00000018   Code   RO          863    i.ClearInputBuff    comm.o
    0x08001b3c   0x08001b3c   0x00000018   Code   RO          998    i.ClearPrintBuffer  control.o
    0x08001b54   0x08001b54   0x00000050   Code   RO         1877    i.CloseFile         usb_flash_drive.o
    0x08001ba4   0x08001ba4   0x00000014   Code   RO         1878    i.CloseVfile        usb_flash_drive.o
    0x08001bb8   0x08001bb8   0x00000054   Code   RO          675    i.Coil_Control      bios.o
    0x08001c0c   0x08001c0c   0x00000198   Code   RO         1525    i.DRM1_ADC_Read_All  adc.o
    0x08001da4   0x08001da4   0x00000050   Code   RO          676    i.DRM_Channel_Disable  bios.o
    0x08001df4   0x08001df4   0x0000004c   Code   RO          677    i.DRM_Channel_Enable  bios.o
    0x08001e40   0x08001e40   0x0000006c   Code   RO          999    i.DRM_Current_Control  control.o
    0x08001eac   0x08001eac   0x0000005c   Code   RO         1000    i.DRM_DAC_Test      control.o
    0x08001f08   0x08001f08   0x000000c0   Code   RO          678    i.DRM_DAC_Write     bios.o
    0x08001fc8   0x08001fc8   0x0000012c   Code   RO         1001    i.DRM_Get_Results   control.o
    0x080020f4   0x080020f4   0x00000250   Code   RO         1003    i.DRM_Start_Test    control.o
    0x08002344   0x08002344   0x00000010   Code   RO         1004    i.DT_Reset_Counter_COMM  control.o
    0x08002354   0x08002354   0x00000002   Code   RO          458    i.DebugMon_Handler  stm32f4xx_it.o
    0x08002356   0x08002356   0x00000002   PAD
    0x08002358   0x08002358   0x00000048   Code   RO         1879    i.DeleteFile        usb_flash_drive.o
    0x080023a0   0x080023a0   0x00000060   Code   RO         1526    i.DigTrans_Counter_Reset  adc.o
    0x08002400   0x08002400   0x000002e4   Code   RO         1005    i.DigitalTransRes_Prikaz  control.o
    0x080026e4   0x080026e4   0x00000428   Code   RO         1006    i.DisplayText       control.o
    0x08002b0c   0x08002b0c   0x000000ac   Code   RO         1007    i.EnterBreakerTestDataFileName_COMM  control.o
    0x08002bb8   0x08002bb8   0x00000058   Code   RO         1008    i.EnterTFUnits_COMM  control.o
    0x08002c10   0x08002c10   0x0000005c   Code   RO         1009    i.EnterTimeDate_COMM  control.o
    0x08002c6c   0x08002c6c   0x00000002   Code   RO           13    i.Error_Handler     main.o
    0x08002c6e   0x08002c6e   0x00000006   Code   RO         6136    i.FATFS_LinkDriver  ff_gen_drv.o
    0x08002c74   0x08002c74   0x00000040   Code   RO         6137    i.FATFS_LinkDriverEx  ff_gen_drv.o
    0x08002cb4   0x08002cb4   0x00000040   Code   RO         2302    i.FSMC_NORSRAM_Extended_Timing_Init  stm32f4xx_ll_fsmc.o
    0x08002cf4   0x08002cf4   0x00000054   Code   RO         2303    i.FSMC_NORSRAM_Init  stm32f4xx_ll_fsmc.o
    0x08002d48   0x08002d48   0x00000044   Code   RO         2304    i.FSMC_NORSRAM_Timing_Init  stm32f4xx_ll_fsmc.o
    0x08002d8c   0x08002d8c   0x00000050   Code   RO         1880    i.FindFile          usb_flash_drive.o
    0x08002ddc   0x08002ddc   0x0000006c   Code   RO          864    i.GetInputBuffer    comm.o
    0x08002e48   0x08002e48   0x00000294   Code   RO         2178    i.Get_Active_Calibration_Coef_COMM  calib.o
    0x080030dc   0x080030dc   0x000000ac   Code   RO         1010    i.Get_BAT_Voltage   control.o
    0x08003188   0x08003188   0x0000005e   Code   RO         1011    i.Get_Measurement_Data_Comm  control.o
    0x080031e6   0x080031e6   0x00000002   PAD
    0x080031e8   0x080031e8   0x0000008c   Code   RO         1012    i.Get_RMO_Results_Comm  control.o
    0x08003274   0x08003274   0x0000000a   Code   RO         1013    i.Get_Test_Settings_Comm  control.o
    0x0800327e   0x0800327e   0x00000002   PAD
    0x08003280   0x08003280   0x00000024   Code   RO         5550    i.HAL_Delay         stm32f4xx_hal.o
    0x080032a4   0x080032a4   0x0000009c   Code   RO          545    i.HAL_FSMC_MspInit  stm32f4xx_hal_msp.o
    0x08003340   0x08003340   0x000001b0   Code   RO         5024    i.HAL_GPIO_Init     stm32f4xx_hal_gpio.o
    0x080034f0   0x080034f0   0x0000000a   Code   RO         5026    i.HAL_GPIO_ReadPin  stm32f4xx_hal_gpio.o
    0x080034fa   0x080034fa   0x00000008   Code   RO         5027    i.HAL_GPIO_TogglePin  stm32f4xx_hal_gpio.o
    0x08003502   0x08003502   0x0000000a   Code   RO         5028    i.HAL_GPIO_WritePin  stm32f4xx_hal_gpio.o
    0x0800350c   0x0800350c   0x0000000c   Code   RO         5556    i.HAL_GetTick       stm32f4xx_hal.o
    0x08003518   0x08003518   0x00000138   Code   RO         2562    i.HAL_I2C_Master_Transmit  stm32f4xx_hal_i2c.o
    0x08003650   0x08003650   0x00000010   Code   RO         5560    i.HAL_IncTick       stm32f4xx_hal.o
    0x08003660   0x08003660   0x00000034   Code   RO         5561    i.HAL_Init          stm32f4xx_hal.o
    0x08003694   0x08003694   0x00000040   Code   RO         5562    i.HAL_InitTick      stm32f4xx_hal.o
    0x080036d4   0x080036d4   0x00000030   Code   RO          548    i.HAL_MspInit       stm32f4xx_hal_msp.o
    0x08003704   0x08003704   0x00000016   Code   RO         5413    i.HAL_NVIC_EnableIRQ  stm32f4xx_hal_cortex.o
    0x0800371a   0x0800371a   0x00000002   PAD
    0x0800371c   0x0800371c   0x00000040   Code   RO         5419    i.HAL_NVIC_SetPriority  stm32f4xx_hal_cortex.o
    0x0800375c   0x0800375c   0x00000024   Code   RO         5420    i.HAL_NVIC_SetPriorityGrouping  stm32f4xx_hal_cortex.o
    0x08003780   0x08003780   0x00000130   Code   RO         4670    i.HAL_RCC_ClockConfig  stm32f4xx_hal_rcc.o
    0x080038b0   0x080038b0   0x00000020   Code   RO         4677    i.HAL_RCC_GetPCLK1Freq  stm32f4xx_hal_rcc.o
    0x080038d0   0x080038d0   0x00000020   Code   RO         4678    i.HAL_RCC_GetPCLK2Freq  stm32f4xx_hal_rcc.o
    0x080038f0   0x080038f0   0x00000060   Code   RO         4679    i.HAL_RCC_GetSysClockFreq  stm32f4xx_hal_rcc.o
    0x08003950   0x08003950   0x0000031c   Code   RO         4682    i.HAL_RCC_OscConfig  stm32f4xx_hal_rcc.o
    0x08003c6c   0x08003c6c   0x000001da   Code   RO         3228    i.HAL_SD_GetCardCSD  stm32f4xx_hal_sd.o
    0x08003e46   0x08003e46   0x00000024   Code   RO         3229    i.HAL_SD_GetCardInfo  stm32f4xx_hal_sd.o
    0x08003e6a   0x08003e6a   0x0000002c   Code   RO         3230    i.HAL_SD_GetCardState  stm32f4xx_hal_sd.o
    0x08003e96   0x08003e96   0x00000036   Code   RO         3235    i.HAL_SD_Init       stm32f4xx_hal_sd.o
    0x08003ecc   0x08003ecc   0x00000054   Code   RO         3236    i.HAL_SD_InitCard   stm32f4xx_hal_sd.o
    0x08003f20   0x08003f20   0x00000094   Code   RO          550    i.HAL_SD_MspInit    stm32f4xx_hal_msp.o
    0x08003fb4   0x08003fb4   0x000001b2   Code   RO         3239    i.HAL_SD_ReadBlocks  stm32f4xx_hal_sd.o
    0x08004166   0x08004166   0x00000002   PAD
    0x08004168   0x08004168   0x0000019a   Code   RO         3244    i.HAL_SD_WriteBlocks  stm32f4xx_hal_sd.o
    0x08004302   0x08004302   0x00000056   Code   RO         2424    i.HAL_SRAM_Init     stm32f4xx_hal_sram.o
    0x08004358   0x08004358   0x00000004   Code   RO          552    i.HAL_SRAM_MspInit  stm32f4xx_hal_msp.o
    0x0800435c   0x0800435c   0x00000036   Code   RO         2427    i.HAL_SRAM_Read_16b  stm32f4xx_hal_sram.o
    0x08004392   0x08004392   0x00000036   Code   RO         2429    i.HAL_SRAM_Read_8b  stm32f4xx_hal_sram.o
    0x080043c8   0x080043c8   0x00000042   Code   RO         2433    i.HAL_SRAM_Write_16b  stm32f4xx_hal_sram.o
    0x0800440a   0x0800440a   0x00000042   Code   RO         2435    i.HAL_SRAM_Write_8b  stm32f4xx_hal_sram.o
    0x0800444c   0x0800444c   0x00000028   Code   RO         5424    i.HAL_SYSTICK_Config  stm32f4xx_hal_cortex.o
    0x08004474   0x08004474   0x00000002   Code   RO         4086    i.HAL_TIMEx_BreakCallback  stm32f4xx_hal_tim_ex.o
    0x08004476   0x08004476   0x00000002   Code   RO         4087    i.HAL_TIMEx_CommutationCallback  stm32f4xx_hal_tim_ex.o
    0x08004478   0x08004478   0x00000050   Code   RO         4103    i.HAL_TIMEx_MasterConfigSynchronization  stm32f4xx_hal_tim_ex.o
    0x080044c8   0x080044c8   0x00000036   Code   RO         3457    i.HAL_TIM_Base_Init  stm32f4xx_hal_tim.o
    0x080044fe   0x080044fe   0x00000002   PAD
    0x08004500   0x08004500   0x00000038   Code   RO          554    i.HAL_TIM_Base_MspInit  stm32f4xx_hal_msp.o
    0x08004538   0x08004538   0x00000018   Code   RO         3462    i.HAL_TIM_Base_Start_IT  stm32f4xx_hal_tim.o
    0x08004550   0x08004550   0x0000002a   Code   RO         3465    i.HAL_TIM_Base_Stop_IT  stm32f4xx_hal_tim.o
    0x0800457a   0x0800457a   0x000000f2   Code   RO         3466    i.HAL_TIM_ConfigClockSource  stm32f4xx_hal_tim.o
    0x0800466c   0x0800466c   0x00000002   Code   RO         3486    i.HAL_TIM_IC_CaptureCallback  stm32f4xx_hal_tim.o
    0x0800466e   0x0800466e   0x00000166   Code   RO         3499    i.HAL_TIM_IRQHandler  stm32f4xx_hal_tim.o
    0x080047d4   0x080047d4   0x00000002   Code   RO         3502    i.HAL_TIM_OC_DelayElapsedCallback  stm32f4xx_hal_tim.o
    0x080047d6   0x080047d6   0x00000002   Code   RO         3529    i.HAL_TIM_PWM_PulseFinishedCallback  stm32f4xx_hal_tim.o
    0x080047d8   0x080047d8   0x00000038   Code   RO           14    i.HAL_TIM_PeriodElapsedCallback  main.o
    0x08004810   0x08004810   0x00000002   Code   RO         3540    i.HAL_TIM_TriggerCallback  stm32f4xx_hal_tim.o
    0x08004812   0x08004812   0x00000062   Code   RO         4350    i.HAL_UART_Init     stm32f4xx_hal_uart.o
    0x08004874   0x08004874   0x0000006c   Code   RO          556    i.HAL_UART_MspInit  stm32f4xx_hal_msp.o
    0x080048e0   0x080048e0   0x000000b8   Code   RO         4353    i.HAL_UART_Receive  stm32f4xx_hal_uart.o
    0x08004998   0x08004998   0x000000ba   Code   RO         4358    i.HAL_UART_Transmit  stm32f4xx_hal_uart.o
    0x08004a52   0x08004a52   0x00000002   Code   RO          459    i.HardFault_Handler  stm32f4xx_it.o
    0x08004a54   0x08004a54   0x00000030   Code   RO          680    i.I2C_CLOSE_LED_control  bios.o
    0x08004a84   0x08004a84   0x00000028   Code   RO         2589    i.I2C_IsAcknowledgeFailed  stm32f4xx_hal_i2c.o
    0x08004aac   0x08004aac   0x00000094   Code   RO         2593    i.I2C_MasterRequestWrite  stm32f4xx_hal_i2c.o
    0x08004b40   0x08004b40   0x00000030   Code   RO          681    i.I2C_OPEN_LED_control  bios.o
    0x08004b70   0x08004b70   0x0000004e   Code   RO         2602    i.I2C_WaitOnBTFFlagUntilTimeout  stm32f4xx_hal_i2c.o
    0x08004bbe   0x08004bbe   0x00000060   Code   RO         2603    i.I2C_WaitOnFlagUntilTimeout  stm32f4xx_hal_i2c.o
    0x08004c1e   0x08004c1e   0x00000002   PAD
    0x08004c20   0x08004c20   0x00000088   Code   RO         2604    i.I2C_WaitOnMasterAddressFlagUntilTimeout  stm32f4xx_hal_i2c.o
    0x08004ca8   0x08004ca8   0x0000004e   Code   RO         2606    i.I2C_WaitOnTXEFlagUntilTimeout  stm32f4xx_hal_i2c.o
    0x08004cf6   0x08004cf6   0x000000d0   Code   RO         2064    i.InitADC           init.o
    0x08004dc6   0x08004dc6   0x00000002   PAD
    0x08004dc8   0x08004dc8   0x00000028   Code   RO         1881    i.InitStick         usb_flash_drive.o
    0x08004df0   0x08004df0   0x0000006c   Code   RO         1882    i.InitStick_Comm    usb_flash_drive.o
    0x08004e5c   0x08004e5c   0x0000003c   Code   RO         1883    i.InitVNC1L         usb_flash_drive.o
    0x08004e98   0x08004e98   0x0000007c   Code   RO         1014    i.Internal_SD_Mem_Comm  control.o
    0x08004f14   0x08004f14   0x000003e0   Code   RO         1884    i.LWriteToFile      usb_flash_drive.o
    0x080052f4   0x080052f4   0x000000ac   Code   RO         1885    i.LWriteToFile2     usb_flash_drive.o
    0x080053a0   0x080053a0   0x0000008c   Code   RO         1886    i.LWriteToFile3     usb_flash_drive.o
    0x0800542c   0x0800542c   0x00000378   Code   RO         1015    i.LinearTransducerRes_Prikaz  control.o
    0x080057a4   0x080057a4   0x0000001c   Code   RO          419    i.MX_FATFS_Init     fatfs.o
    0x080057c0   0x080057c0   0x00000064   Code   RO         2065    i.MX_FSMC_Init      init.o
    0x08005824   0x08005824   0x000001e8   Code   RO         2066    i.MX_GPIO_Init      init.o
    0x08005a0c   0x08005a0c   0x00000020   Code   RO         2068    i.MX_SDIO_SD_Init   init.o
    0x08005a2c   0x08005a2c   0x00000064   Code   RO         2069    i.MX_TIM2_Init      init.o
    0x08005a90   0x08005a90   0x00000064   Code   RO         2070    i.MX_TIM3_Init      init.o
    0x08005af4   0x08005af4   0x00000040   Code   RO         2071    i.MX_USART1_UART_Init  init.o
    0x08005b34   0x08005b34   0x00000284   Code   RO         1016    i.MeasurementStart_Comm  control.o
    0x08005db8   0x08005db8   0x00000002   Code   RO          460    i.MemManage_Handler  stm32f4xx_it.o
    0x08005dba   0x08005dba   0x00000002   PAD
    0x08005dbc   0x08005dbc   0x00000058   Code   RO         1017    i.MemoryReadByte_Comm  control.o
    0x08005e14   0x08005e14   0x000000c8   Code   RO         1018    i.MemoryTest_Comm   control.o
    0x08005edc   0x08005edc   0x00000068   Code   RO         1019    i.MemoryWriteByte_Comm  control.o
    0x08005f44   0x08005f44   0x00000002   Code   RO          461    i.NMI_Handler       stm32f4xx_it.o
    0x08005f46   0x08005f46   0x00000020   Code   RO         5426    i.NVIC_SetPriority  stm32f4xx_hal_cortex.o
    0x08005f66   0x08005f66   0x00000002   PAD
    0x08005f68   0x08005f68   0x00000010   Code   RO         1020    i.OK_Response       control.o
    0x08005f78   0x08005f78   0x0000002c   Code   RO          683    i.OSGConfigON       bios.o
    0x08005fa4   0x08005fa4   0x00000080   Code   RO         1887    i.OpenFileW         usb_flash_drive.o
    0x08006024   0x08006024   0x00000058   Code   RO         1888    i.OpenVfile         usb_flash_drive.o
    0x0800607c   0x0800607c   0x00000310   Code   RO         1701    i.PRINT_Header      printer.o
    0x0800638c   0x0800638c   0x00000002   Code   RO          462    i.PendSV_Handler    stm32f4xx_it.o
    0x0800638e   0x0800638e   0x0000002c   Code   RO         1021    i.PosaljiMSodgovor  control.o
    0x080063ba   0x080063ba   0x00000002   PAD
    0x080063bc   0x080063bc   0x0000003c   Code   RO         1702    i.PrintEmptyLine    printer.o
    0x080063f8   0x080063f8   0x0000006c   Code   RO         1703    i.PrintNewLine      printer.o
    0x08006464   0x08006464   0x00000006   Code   RO         1704    i.PrintResults      printer.o
    0x0800646a   0x0800646a   0x00000002   PAD
    0x0800646c   0x0800646c   0x000000a4   Code   RO         1705    i.PrintResults_Comm  printer.o
    0x08006510   0x08006510   0x00000026   Code   RO         1706    i.PrinterParamters  printer.o
    0x08006536   0x08006536   0x0000001a   Code   RO         1022    i.ProcessAnalogCH   control.o
    0x08006550   0x08006550   0x000004b4   Code   RO         1023    i.PuniPrintBuffer   control.o
    0x08006a04   0x08006a04   0x0000044c   Code   RO         1024    i.PuniPrintBufferAnalogCH  control.o
    0x08006e50   0x08006e50   0x000001a4   Code   RO         1025    i.PuniPrintBufferCurrent  control.o
    0x08006ff4   0x08006ff4   0x000000e4   Code   RO         1026    i.PuniPrintBufferMotion  control.o
    0x080070d8   0x080070d8   0x0000003c   Code   RO          684    i.Pwr_Control       bios.o
    0x08007114   0x08007114   0x00000084   Code   RO          685    i.Ramp              bios.o
    0x08007198   0x08007198   0x000000a4   Code   RO         1527    i.ReadAuxillaryChannels  adc.o
    0x0800723c   0x0800723c   0x00000040   Code   RO         1889    i.ReadSPIs          usb_flash_drive.o
    0x0800727c   0x0800727c   0x0000019c   Code   RO         1028    i.Read_ADC_Res_COMM  control.o
    0x08007418   0x08007418   0x0000016c   Code   RO         2179    i.Read_Calib_Coef_Comm  calib.o
    0x08007584   0x08007584   0x0000000a   Code   RO         2180    i.Read_Calib_Coef_from_EEPROM_Comm  calib.o
    0x0800758e   0x0800758e   0x00000002   PAD
    0x08007590   0x08007590   0x00000158   Code   RO         1029    i.Read_One_ADC_CH_COMM  control.o
    0x080076e8   0x080076e8   0x00000230   Code   RO         1030    i.Relay_IGBT_Control  control.o
    0x08007918   0x08007918   0x0000062c   Code   RO          636    i.RemoteCommandSwitch  remote.o
    0x08007f44   0x08007f44   0x00000074   Code   RO         2181    i.Reset_Calibration_COMM  calib.o
    0x08007fb8   0x08007fb8   0x00000024   Code   RO         2956    i.SDIO_ConfigData   stm32f4xx_ll_sdmmc.o
    0x08007fdc   0x08007fdc   0x00000008   Code   RO         2960    i.SDIO_GetPowerState  stm32f4xx_ll_sdmmc.o
    0x08007fe4   0x08007fe4   0x0000000c   Code   RO         2961    i.SDIO_GetResponse  stm32f4xx_ll_sdmmc.o
    0x08007ff0   0x08007ff0   0x00000024   Code   RO         2962    i.SDIO_Init         stm32f4xx_ll_sdmmc.o
    0x08008014   0x08008014   0x00000008   Code   RO         2964    i.SDIO_PowerState_ON  stm32f4xx_ll_sdmmc.o
    0x0800801c   0x0800801c   0x00000006   Code   RO         2965    i.SDIO_ReadFIFO     stm32f4xx_ll_sdmmc.o
    0x08008022   0x08008022   0x00000020   Code   RO         2966    i.SDIO_SendCommand  stm32f4xx_ll_sdmmc.o
    0x08008042   0x08008042   0x0000000a   Code   RO         2968    i.SDIO_WriteFIFO    stm32f4xx_ll_sdmmc.o
    0x0800804c   0x0800804c   0x00000032   Code   RO         2969    i.SDMMC_CmdAppCommand  stm32f4xx_ll_sdmmc.o
    0x0800807e   0x0800807e   0x00000002   PAD
    0x08008080   0x08008080   0x00000034   Code   RO         2970    i.SDMMC_CmdAppOperCommand  stm32f4xx_ll_sdmmc.o
    0x080080b4   0x080080b4   0x00000032   Code   RO         2971    i.SDMMC_CmdBlockLength  stm32f4xx_ll_sdmmc.o
    0x080080e6   0x080080e6   0x00000002   PAD
    0x080080e8   0x080080e8   0x00000050   Code   RO         2976    i.SDMMC_CmdGoIdleState  stm32f4xx_ll_sdmmc.o
    0x08008138   0x08008138   0x00000068   Code   RO         2978    i.SDMMC_CmdOperCond  stm32f4xx_ll_sdmmc.o
    0x080081a0   0x080081a0   0x00000032   Code   RO         2979    i.SDMMC_CmdReadMultiBlock  stm32f4xx_ll_sdmmc.o
    0x080081d2   0x080081d2   0x00000032   Code   RO         2980    i.SDMMC_CmdReadSingleBlock  stm32f4xx_ll_sdmmc.o
    0x08008204   0x08008204   0x00000032   Code   RO         2983    i.SDMMC_CmdSelDesel  stm32f4xx_ll_sdmmc.o
    0x08008236   0x08008236   0x0000002c   Code   RO         2984    i.SDMMC_CmdSendCID  stm32f4xx_ll_sdmmc.o
    0x08008262   0x08008262   0x0000002c   Code   RO         2985    i.SDMMC_CmdSendCSD  stm32f4xx_ll_sdmmc.o
    0x0800828e   0x0800828e   0x00000032   Code   RO         2987    i.SDMMC_CmdSendStatus  stm32f4xx_ll_sdmmc.o
    0x080082c0   0x080082c0   0x00000030   Code   RO         2988    i.SDMMC_CmdSetRelAdd  stm32f4xx_ll_sdmmc.o
    0x080082f0   0x080082f0   0x00000034   Code   RO         2990    i.SDMMC_CmdStopTransfer  stm32f4xx_ll_sdmmc.o
    0x08008324   0x08008324   0x00000032   Code   RO         2992    i.SDMMC_CmdWriteMultiBlock  stm32f4xx_ll_sdmmc.o
    0x08008356   0x08008356   0x00000032   Code   RO         2993    i.SDMMC_CmdWriteSingleBlock  stm32f4xx_ll_sdmmc.o
    0x08008388   0x08008388   0x0000011c   Code   RO         2994    i.SDMMC_GetCmdResp1  stm32f4xx_ll_sdmmc.o
    0x080084a4   0x080084a4   0x00000050   Code   RO         2995    i.SDMMC_GetCmdResp2  stm32f4xx_ll_sdmmc.o
    0x080084f4   0x080084f4   0x00000040   Code   RO         2996    i.SDMMC_GetCmdResp3  stm32f4xx_ll_sdmmc.o
    0x08008534   0x08008534   0x00000084   Code   RO         2997    i.SDMMC_GetCmdResp6  stm32f4xx_ll_sdmmc.o
    0x080085b8   0x080085b8   0x00000020   Code   RO          359    i.SD_CheckStatus    sd_diskio.o
    0x080085d8   0x080085d8   0x000000e6   Code   RO         3253    i.SD_InitCard       stm32f4xx_hal_sd.o
    0x080086be   0x080086be   0x000000a2   Code   RO         3254    i.SD_PowerON        stm32f4xx_hal_sd.o
    0x08008760   0x08008760   0x00000020   Code   RO          360    i.SD_initialize     sd_diskio.o
    0x08008780   0x08008780   0x00000050   Code   RO          361    i.SD_ioctl          sd_diskio.o
    0x080087d0   0x080087d0   0x00000026   Code   RO          362    i.SD_read           sd_diskio.o
    0x080087f6   0x080087f6   0x00000004   Code   RO          363    i.SD_status         sd_diskio.o
    0x080087fa   0x080087fa   0x00000002   PAD
    0x080087fc   0x080087fc   0x00000026   Code   RO          364    i.SD_write          sd_diskio.o
    0x08008822   0x08008822   0x00000002   PAD
    0x08008824   0x08008824   0x0000001c   Code   RO         1528    i.SET_GPIOB_Structure  adc.o
    0x08008840   0x08008840   0x00000048   Code   RO         1529    i.SET_GPIO_Structures  adc.o
    0x08008888   0x08008888   0x000000c4   Code   RO         1530    i.SRM_ADC_ClampAndCalibrate  adc.o
    0x0800894c   0x0800894c   0x00000084   Code   RO         1031    i.SRM_ADC_GetData   control.o
    0x080089d0   0x080089d0   0x00000068   Code   RO         1531    i.SRM_ADC_Select    adc.o
    0x08008a38   0x08008a38   0x000006cc   Code   RO         1532    i.SRM_ADC_Set_Gain  adc.o
    0x08009104   0x08009104   0x000000c0   Code   RO         1533    i.SRM_Get_Samples   adc.o
    0x080091c4   0x080091c4   0x000000a0   Code   RO         1534    i.SRM_Read_ADC_16Bits  adc.o
    0x08009264   0x08009264   0x00000090   Code   RO         1535    i.SRM_Read_ADC_Byte  adc.o
    0x080092f4   0x080092f4   0x00000038   Code   RO         1032    i.SRM_Start_Test    control.o
    0x0800932c   0x0800932c   0x00000070   Code   RO         1536    i.SRM_Write_ADC_24Bits  adc.o
    0x0800939c   0x0800939c   0x00000070   Code   RO         1537    i.SRM_Write_ADC_Byte  adc.o
    0x0800940c   0x0800940c   0x00000002   Code   RO          463    i.SVC_Handler       stm32f4xx_it.o
    0x0800940e   0x0800940e   0x0000000c   Code   RO          865    i.S_D8              comm.o
    0x0800941a   0x0800941a   0x0000000c   Code   RO          866    i.S_D82             comm.o
    0x08009426   0x08009426   0x00000002   PAD
    0x08009428   0x08009428   0x0000004c   Code   RO         1033    i.SendMeasurementParameters_Comm  control.o
    0x08009474   0x08009474   0x000000ac   Code   RO          867    i.SendOutputBuffer  comm.o
    0x08009520   0x08009520   0x00000028   Code   RO         1755    i.SendProgressBar   sd_card.o
    0x08009548   0x08009548   0x00000018   Code   RO         1890    i.SendVNC1L         usb_flash_drive.o
    0x08009560   0x08009560   0x00000024   Code   RO         1891    i.SendVNC1L_fast    usb_flash_drive.o
    0x08009584   0x08009584   0x000000f0   Code   RO          686    i.SetAnalogCHRange  bios.o
    0x08009674   0x08009674   0x0000003c   Code   RO         1034    i.SetCommPort_COMM  control.o
    0x080096b0   0x080096b0   0x00000160   Code   RO         1892    i.SetDir            usb_flash_drive.o
    0x08009810   0x08009810   0x00000058   Code   RO         1035    i.SetLTransdParameters_COMM  control.o
    0x08009868   0x08009868   0x000003b0   Code   RO         1036    i.SetMeasParameters_COMM  control.o
    0x08009c18   0x08009c18   0x00000074   Code   RO         1037    i.SetPulseLenghts_COMM  control.o
    0x08009c8c   0x08009c8c   0x0000003c   Code   RO         1038    i.SetRemoteControl_COMM  control.o
    0x08009cc8   0x08009cc8   0x00000048   Code   RO         1039    i.Set_Active_Language_Comm  control.o
    0x08009d10   0x08009d10   0x00000080   Code   RO         1040    i.Set_RMO_Results_Comm  control.o
    0x08009d90   0x08009d90   0x000000e6   Code   RO         1041    i.Set_Test_Mode_COMM  control.o
    0x08009e76   0x08009e76   0x00000004   Code   RO         2182    i.Store_Calib_Coef_to_EEPROM_Comm  calib.o
    0x08009e7a   0x08009e7a   0x00000004   Code   RO          464    i.SysTick_Handler   stm32f4xx_it.o
    0x08009e7e   0x08009e7e   0x00000002   PAD
    0x08009e80   0x08009e80   0x00000094   Code   RO         2072    i.SystemClock_Config  init.o
    0x08009f14   0x08009f14   0x00000078   Code   RO         5714    i.SystemCoreClockUpdate  system_stm32f4xx.o
    0x08009f8c   0x08009f8c   0x00000054   Code   RO         5715    i.SystemInit        system_stm32f4xx.o
    0x08009fe0   0x08009fe0   0x0000000c   Code   RO          465    i.TIM2_IRQHandler   stm32f4xx_it.o
    0x08009fec   0x08009fec   0x0000000c   Code   RO          466    i.TIM3_IRQHandler   stm32f4xx_it.o
    0x08009ff8   0x08009ff8   0x000000c0   Code   RO         3541    i.TIM_Base_SetConfig  stm32f4xx_hal_tim.o
    0x0800a0b8   0x0800a0b8   0x00000014   Code   RO         3548    i.TIM_ETR_SetConfig  stm32f4xx_hal_tim.o
    0x0800a0cc   0x0800a0cc   0x00000010   Code   RO         3549    i.TIM_ITRx_SetConfig  stm32f4xx_hal_tim.o
    0x0800a0dc   0x0800a0dc   0x00000022   Code   RO         3555    i.TIM_TI1_ConfigInputStage  stm32f4xx_hal_tim.o
    0x0800a0fe   0x0800a0fe   0x00000024   Code   RO         3557    i.TIM_TI2_ConfigInputStage  stm32f4xx_hal_tim.o
    0x0800a122   0x0800a122   0x00000002   PAD
    0x0800a124   0x0800a124   0x00000024   Code   RO         1893    i.TestWrite         usb_flash_drive.o
    0x0800a148   0x0800a148   0x000001bc   Code   RO         1042    i.TimePrikaz        control.o
    0x0800a304   0x0800a304   0x00000050   Code   RO         1043    i.Toggle_Pins       control.o
    0x0800a354   0x0800a354   0x000002ac   Code   RO         4376    i.UART_SetConfig    stm32f4xx_hal_uart.o
    0x0800a600   0x0800a600   0x00000064   Code   RO         4378    i.UART_WaitOnFlagUntilTimeout  stm32f4xx_hal_uart.o
    0x0800a664   0x0800a664   0x0000003c   Code   RO         2073    i.USART1_UART_Init_printer_comm  init.o
    0x0800a6a0   0x0800a6a0   0x0000042e   Code   RO         1894    i.UcitajNumerickeRezultate  usb_flash_drive.o
    0x0800aace   0x0800aace   0x00000002   Code   RO          467    i.UsageFault_Handler  stm32f4xx_it.o
    0x0800aad0   0x0800aad0   0x0000014c   Code   RO         1538    i.VBAT_ADC_Read     adc.o
    0x0800ac1c   0x0800ac1c   0x00000034   Code   RO         1895    i.VNrs              usb_flash_drive.o
    0x0800ac50   0x0800ac50   0x0000004a   Code   RO         1896    i.WriteSPIs         usb_flash_drive.o
    0x0800ac9a   0x0800ac9a   0x00000036   Code   RO         1897    i.WriteSPIs_fast    usb_flash_drive.o
    0x0800acd0   0x0800acd0   0x000001dc   Code   RO         2183    i.Write_Calib_Coef_Comm  calib.o
    0x0800aeac   0x0800aeac   0x0000022c   Code   RO         1044    i.Write_DRM_Channel  control.o
    0x0800b0d8   0x0800b0d8   0x00000028   Code   RO         6489    i.__0sprintf        mc_w.l(printfa.o)
    0x0800b100   0x0800b100   0x00000008   Code   RO         6588    i.__aeabi_errno_addr  mc_w.l(errno.o)
    0x0800b108   0x0800b108   0x0000000e   Code   RO         6618    i.__scatterload_copy  mc_w.l(handlers.o)
    0x0800b116   0x0800b116   0x00000002   Code   RO         6619    i.__scatterload_null  mc_w.l(handlers.o)
    0x0800b118   0x0800b118   0x0000000e   Code   RO         6620    i.__scatterload_zeroinit  mc_w.l(handlers.o)
    0x0800b126   0x0800b126   0x00000002   PAD
    0x0800b128   0x0800b128   0x00000184   Code   RO         6494    i._fp_digits        mc_w.l(printfa.o)
    0x0800b2ac   0x0800b2ac   0x000006dc   Code   RO         6495    i._printf_core      mc_w.l(printfa.o)
    0x0800b988   0x0800b988   0x00000024   Code   RO         6496    i._printf_post_padding  mc_w.l(printfa.o)
    0x0800b9ac   0x0800b9ac   0x0000002e   Code   RO         6497    i._printf_pre_padding  mc_w.l(printfa.o)
    0x0800b9da   0x0800b9da   0x0000000a   Code   RO         6499    i._sputc            mc_w.l(printfa.o)
    0x0800b9e4   0x0800b9e4   0x0000000a   Code   RO         1045    i.abs_16_bit        control.o
    0x0800b9ee   0x0800b9ee   0x00000002   PAD
    0x0800b9f0   0x0800b9f0   0x00000048   Code   RO         1756    i.add_new_res_to_list  sd_card.o
    0x0800ba38   0x0800ba38   0x00000026   Code   RO         2185    i.apply_offset_correction  calib.o
    0x0800ba5e   0x0800ba5e   0x00000022   Code   RO         1046    i.calc_max_time     control.o
    0x0800ba80   0x0800ba80   0x00000022   Code   RO         1047    i.calc_min_time     control.o
    0x0800baa2   0x0800baa2   0x00000002   PAD
    0x0800baa4   0x0800baa4   0x00000060   Code   RO         2187    i.calculate_gained_value  calib.o
    0x0800bb04   0x0800bb04   0x00000070   Code   RO         2188    i.calculate_offset_for_CC_channels  calib.o
    0x0800bb74   0x0800bb74   0x00000104   Code   RO         1048    i.calculate_overtavel  control.o
    0x0800bc78   0x0800bc78   0x000000ec   Code   RO         1049    i.calculate_rebound  control.o
    0x0800bd64   0x0800bd64   0x00000100   Code   RO         1050    i.calculate_total_travel  control.o
    0x0800be64   0x0800be64   0x000000a0   Code   RO         2189    i.check_calibration_coeficients  calib.o
    0x0800bf04   0x0800bf04   0x0000001c   Code   RO         1051    i.check_for_stop_button  control.o
    0x0800bf20   0x0800bf20   0x00000070   Code   RO         5807    i.check_fs          ff.o
    0x0800bf90   0x0800bf90   0x00000038   Code   RO         1052    i.check_if_digit    control.o
    0x0800bfc8   0x0800bfc8   0x000000c4   Code   RO         1053    i.check_mc_test_results  control.o
    0x0800c08c   0x0800c08c   0x0000005c   Code   RO         5808    i.chk_lock          ff.o
    0x0800c0e8   0x0800c0e8   0x00000020   Code   RO         5809    i.clear_lock        ff.o
    0x0800c108   0x0800c108   0x00000018   Code   RO         1898    i.clear_sector      usb_flash_drive.o
    0x0800c120   0x0800c120   0x00000024   Code   RO         5810    i.clmt_clust        ff.o
    0x0800c144   0x0800c144   0x00000024   Code   RO         1757    i.close_file_and_unmount  sd_card.o
    0x0800c168   0x0800c168   0x00000014   Code   RO         1899    i.clrvn             usb_flash_drive.o
    0x0800c17c   0x0800c17c   0x00000018   Code   RO         5811    i.clust2sect        ff.o
    0x0800c194   0x0800c194   0x00000128   Code   RO         1054    i.coil_control      control.o
    0x0800c2bc   0x0800c2bc   0x00000088   Code   RO         1055    i.compare_analog_value  control.o
    0x0800c344   0x0800c344   0x00000018   Code   RO         1539    i.convert_to_slong_DT_res  adc.o
    0x0800c35c   0x0800c35c   0x000000a4   Code   RO         5812    i.create_chain      ff.o
    0x0800c400   0x0800c400   0x000000bc   Code   RO         5813    i.create_name       ff.o
    0x0800c4bc   0x0800c4bc   0x00000034   Code   RO         5814    i.dec_lock          ff.o
    0x0800c4f0   0x0800c4f0   0x0000005c   Code   RO         1758    i.define_path       sd_card.o
    0x0800c54c   0x0800c54c   0x00000018   Code   RO          687    i.delay_us          bios.o
    0x0800c564   0x0800c564   0x00000006   Code   RO         1759    i.delete_result_from_the_list  sd_card.o
    0x0800c56a   0x0800c56a   0x00000064   Code   RO         5815    i.dir_find          ff.o
    0x0800c5ce   0x0800c5ce   0x00000002   PAD
    0x0800c5d0   0x0800c5d0   0x000000f4   Code   RO         5816    i.dir_next          ff.o
    0x0800c6c4   0x0800c6c4   0x00000060   Code   RO         5817    i.dir_read          ff.o
    0x0800c724   0x0800c724   0x00000066   Code   RO         5818    i.dir_register      ff.o
    0x0800c78a   0x0800c78a   0x0000001e   Code   RO         5819    i.dir_remove        ff.o
    0x0800c7a8   0x0800c7a8   0x00000082   Code   RO         5820    i.dir_sdi           ff.o
    0x0800c82a   0x0800c82a   0x00000002   PAD
    0x0800c82c   0x0800c82c   0x0000002c   Code   RO          688    i.disable_printer_communication  bios.o
    0x0800c858   0x0800c858   0x00000028   Code   RO         5752    i.disk_initialize   diskio.o
    0x0800c880   0x0800c880   0x0000001c   Code   RO         5753    i.disk_ioctl        diskio.o
    0x0800c89c   0x0800c89c   0x0000001c   Code   RO         5754    i.disk_read         diskio.o
    0x0800c8b8   0x0800c8b8   0x00000018   Code   RO         5755    i.disk_status       diskio.o
    0x0800c8d0   0x0800c8d0   0x0000001c   Code   RO         5756    i.disk_write        diskio.o
    0x0800c8ec   0x0800c8ec   0x00000088   Code   RO         1056    i.drive_close_coil  control.o
    0x0800c974   0x0800c974   0x0000008c   Code   RO         1057    i.drive_open_coil   control.o
    0x0800ca00   0x0800ca00   0x00000014   Code   RO         1058    i.dummy_function    control.o
    0x0800ca14   0x0800ca14   0x0000002c   Code   RO          689    i.enable_printer_communication  bios.o
    0x0800ca40   0x0800ca40   0x00000034   Code   RO         1760    i.erase_all_mem_locations  sd_card.o
    0x0800ca74   0x0800ca74   0x00000028   Code   RO         5821    i.f_close           ff.o
    0x0800ca9c   0x0800ca9c   0x00000058   Code   RO         5828    i.f_mount           ff.o
    0x0800caf4   0x0800caf4   0x0000020c   Code   RO         5829    i.f_open            ff.o
    0x0800cd00   0x0800cd00   0x00000152   Code   RO         5834    i.f_read            ff.o
    0x0800ce52   0x0800ce52   0x0000008e   Code   RO         5838    i.f_sync            ff.o
    0x0800cee0   0x0800cee0   0x0000009e   Code   RO         5840    i.f_unlink          ff.o
    0x0800cf7e   0x0800cf7e   0x0000018e   Code   RO         5841    i.f_write           ff.o
    0x0800d10c   0x0800d10c   0x00000254   Code   RO         5842    i.find_volume       ff.o
    0x0800d360   0x0800d360   0x00000074   Code   RO         5843    i.follow_path       ff.o
    0x0800d3d4   0x0800d3d4   0x0000000e   Code   RO         1059    i.foo_function      control.o
    0x0800d3e2   0x0800d3e2   0x00000002   PAD
    0x0800d3e4   0x0800d3e4   0x00000050   Code   RO         6515    i.free              mc_w.l(malloc.o)
    0x0800d434   0x0800d434   0x000000be   Code   RO         5844    i.get_fat           ff.o
    0x0800d4f2   0x0800d4f2   0x00000004   Code   RO          420    i.get_fattime       fatfs.o
    0x0800d4f6   0x0800d4f6   0x0000003c   Code   RO         5846    i.get_ldnumber      ff.o
    0x0800d532   0x0800d532   0x00000024   Code   RO         2190    i.get_range         calib.o
    0x0800d556   0x0800d556   0x00000002   PAD
    0x0800d558   0x0800d558   0x00000144   Code   RO         1540    i.get_real_adc_values  adc.o
    0x0800d69c   0x0800d69c   0x000000c0   Code   RO          868    i.getcharB          comm.o
    0x0800d75c   0x0800d75c   0x00000080   Code   RO         5847    i.inc_lock          ff.o
    0x0800d7dc   0x0800d7dc   0x000000a4   Code   RO         1060    i.init_results_vaules  control.o
    0x0800d880   0x0800d880   0x00000020   Code   RO         1761    i.init_sd_card      sd_card.o
    0x0800d8a0   0x0800d8a0   0x00000026   Code   RO         5848    i.ld_clust          ff.o
    0x0800d8c6   0x0800d8c6   0x00000016   Code   RO         5849    i.ld_dword          ff.o
    0x0800d8dc   0x0800d8dc   0x0000000a   Code   RO         5850    i.ld_word           ff.o
    0x0800d8e6   0x0800d8e6   0x00000002   PAD
    0x0800d8e8   0x0800d8e8   0x00000064   Code   RO         1762    i.list_all_mem_locations  sd_card.o
    0x0800d94c   0x0800d94c   0x00000028   Code   RO         1763    i.load_mem_loc_info  sd_card.o
    0x0800d974   0x0800d974   0x00000138   Code   RO           15    i.main              main.o
    0x0800daac   0x0800daac   0x0000006c   Code   RO         6516    i.malloc            mc_w.l(malloc.o)
    0x0800db18   0x0800db18   0x00000012   Code   RO         5851    i.mem_cpy           ff.o
    0x0800db2a   0x0800db2a   0x00000002   PAD
    0x0800db2c   0x0800db2c   0x00000048   Code   RO         1764    i.mem_location_info  sd_card.o
    0x0800db74   0x0800db74   0x0000000e   Code   RO         5852    i.mem_set           ff.o
    0x0800db82   0x0800db82   0x00000032   Code   RO         5853    i.move_window       ff.o
    0x0800dbb4   0x0800dbb4   0x0000001c   Code   RO          869    i.my_getchar        comm.o
    0x0800dbd0   0x0800dbd0   0x00000018   Code   RO          870    i.my_putchar        comm.o
    0x0800dbe8   0x0800dbe8   0x00000118   Code   RO         1061    i.process_data_for_CO_test  control.o
    0x0800dd00   0x0800dd00   0x000002c4   Code   RO         1062    i.process_data_for_OCO_test  control.o
    0x0800dfc4   0x0800dfc4   0x0000022c   Code   RO         1063    i.process_data_for_OC_test  control.o
    0x0800e1f0   0x0800e1f0   0x00000418   Code   RO         1064    i.process_data_for_closing_test  control.o
    0x0800e608   0x0800e608   0x00000328   Code   RO         1065    i.process_data_for_opening_test  control.o
    0x0800e930   0x0800e930   0x000000ea   Code   RO         5854    i.put_fat           ff.o
    0x0800ea1a   0x0800ea1a   0x00000002   PAD
    0x0800ea1c   0x0800ea1c   0x000000b8   Code   RO          871    i.putcharB          comm.o
    0x0800ead4   0x0800ead4   0x00000018   Code   RO          872    i.putchar_printer   comm.o
    0x0800eaec   0x0800eaec   0x000001a4   Code   RO         1541    i.read_adc_raw_results  adc.o
    0x0800ec90   0x0800ec90   0x0000028c   Code   RO         1542    i.read_adc_res_sram_test  adc.o
    0x0800ef1c   0x0800ef1c   0x00000c32   Code   RO         1543    i.read_all_adc_channels_test  adc.o
    0x0800fb4e   0x0800fb4e   0x00000002   PAD
    0x0800fb50   0x0800fb50   0x00000110   Code   RO         1066    i.read_all_adcs     control.o
    0x0800fc60   0x0800fc60   0x00000002   Code   RO         1544    i.read_analog_adc_for_trigger  adc.o
    0x0800fc62   0x0800fc62   0x0000003a   Code   RO         1765    i.read_data_from_sd_card  sd_card.o
    0x0800fc9c   0x0800fc9c   0x000001a4   Code   RO         1545    i.read_digital_trans_chs  adc.o
    0x0800fe40   0x0800fe40   0x00000012   Code   RO         1707    i.read_dummy        printer.o
    0x0800fe52   0x0800fe52   0x00000002   PAD
    0x0800fe54   0x0800fe54   0x00000168   Code   RO         1766    i.read_from_file    sd_card.o
    0x0800ffbc   0x0800ffbc   0x00000476   Code   RO         1546    i.read_multiple_ch_adcs  adc.o
    0x08010432   0x08010432   0x00000074   Code   RO         5857    i.remove_chain      ff.o
    0x080104a6   0x080104a6   0x00000002   PAD
    0x080104a8   0x080104a8   0x00000040   Code   RO         1901    i.reset_flash_drive_MCU  usb_flash_drive.o
    0x080104e8   0x080104e8   0x0000007c   Code   RO         1067    i.search_max_current_per_ch  control.o
    0x08010564   0x08010564   0x0000004c   Code   RO         1068    i.search_min_max_voltage_per_ch  control.o
    0x080105b0   0x080105b0   0x00000034   Code   RO          873    i.send_data_transfer_over_status  comm.o
    0x080105e4   0x080105e4   0x000000d0   Code   RO          874    i.send_measuring_samples_to_pc  comm.o
    0x080106b4   0x080106b4   0x000002ec   Code   RO          876    i.send_test_data_to_pc  comm.o
    0x080109a0   0x080109a0   0x0000005c   Code   RO         1069    i.set_contact_wipe_results_to_zero  control.o
    0x080109fc   0x080109fc   0x00000034   Code   RO         1070    i.set_osg_or_bsg    control.o
    0x08010a30   0x08010a30   0x00000040   Code   RO         1902    i.setdt             usb_flash_drive.o
    0x08010a70   0x08010a70   0x0000001c   Code   RO         1903    i.slave_deselect_usb_flash_drive  usb_flash_drive.o
    0x08010a8c   0x08010a8c   0x0000001c   Code   RO         1904    i.slave_select_usb_flash_drive  usb_flash_drive.o
    0x08010aa8   0x08010aa8   0x000000a8   Code   RO          877    i.spie_master_tx_fast  comm.o
    0x08010b50   0x08010b50   0x000000b0   Code   RO          878    i.spie_master_tx_rx  comm.o
    0x08010c00   0x08010c00   0x00000028   Code   RO         5858    i.st_clust          ff.o
    0x08010c28   0x08010c28   0x00000010   Code   RO         5859    i.st_dword          ff.o
    0x08010c38   0x08010c38   0x00000008   Code   RO         5860    i.st_word           ff.o
    0x08010c40   0x08010c40   0x00000044   Code   RO         1767    i.store_data_to_sd_card  sd_card.o
    0x08010c84   0x08010c84   0x00000038   Code   RO         1768    i.store_graphics_to_sd_card  sd_card.o
    0x08010cbc   0x08010cbc   0x00000022   Code   RO         1769    i.store_list_array_into_mem  sd_card.o
    0x08010cde   0x08010cde   0x00000028   Code   RO         1770    i.store_numerics_to_sd_card  sd_card.o
    0x08010d06   0x08010d06   0x00000002   PAD
    0x08010d08   0x08010d08   0x0000002c   Code   RO         1071    i.string_to_int     control.o
    0x08010d34   0x08010d34   0x0000002c   Code   RO         1072    i.string_to_long    control.o
    0x08010d60   0x08010d60   0x00000088   Code   RO         5861    i.sync_fs           ff.o
    0x08010de8   0x08010de8   0x00000052   Code   RO         5862    i.sync_window       ff.o
    0x08010e3a   0x08010e3a   0x00000032   Code   RO         5863    i.validate          ff.o
    0x08010e6c   0x08010e6c   0x00000064   Code   RO          880    i.wait_char_from_pc  comm.o
    0x08010ed0   0x08010ed0   0x00000204   Code   RO         1771    i.write_to_file     sd_card.o
    0x080110d4   0x080110d4   0x00000014   Data   RO          365    .constdata          sd_diskio.o
    0x080110e8   0x080110e8   0x00000010   Data   RO         5716    .constdata          system_stm32f4xx.o
    0x080110f8   0x080110f8   0x00000008   Data   RO         5717    .constdata          system_stm32f4xx.o
    0x08011100   0x08011100   0x0000009c   Data   RO         5865    .constdata          ff.o
    0x0801119c   0x0801119c   0x00000081   Data   RO         6217    .constdata          mc_w.l(ctype_o.o)
    0x0801121d   0x0801121d   0x00000003   PAD
    0x08011220   0x08011220   0x00000004   Data   RO         6218    .constdata          mc_w.l(ctype_o.o)
    0x08011224   0x08011224   0x000000e1   Data   RO         1074    .conststring        control.o
    0x08011305   0x08011305   0x00000003   PAD
    0x08011308   0x08011308   0x00000020   Data   RO         6616    Region$$Table       anon$$obj.o


    Execution Region RW_IRAM1 (Exec base: 0x20000000, Load base: 0x08011328, Size: 0x00009a38, Max: 0x00020000, ABSOLUTE, COMPRESSED[0x00000698])

    Exec Addr    Load Addr    Size         Type   Attr      Idx    E Section Name        Object

    0x20000000   COMPRESSED   0x00000008   Data   RW           16    .data               main.o
    0x20000008   COMPRESSED   0x00000001   Data   RW          366    .data               sd_diskio.o
    0x20000009   COMPRESSED   0x00000005   Data   RW          423    .data               fatfs.o
    0x2000000e   COMPRESSED   0x00000002   PAD
    0x20000010   COMPRESSED   0x00000008   Data   RW          557    .data               stm32f4xx_hal_msp.o
    0x20000018   COMPRESSED   0x00000006   Data   RW          702    .data               bios.o
    0x2000001e   COMPRESSED   0x00000001   Data   RW          703    .data               bios.o
    0x2000001f   COMPRESSED   0x00000003   Data   RW          705    .data               bios.o
    0x20000022   COMPRESSED   0x00000006   Data   RW          706    .data               bios.o
    0x20000028   COMPRESSED   0x00000001   Data   RW          882    .data               comm.o
    0x20000029   COMPRESSED   0x00000003   PAD
    0x2000002c   COMPRESSED   0x0000000c   Data   RW         1077    .data               control.o
    0x20000038   COMPRESSED   0x00000068   Data   RW         1552    .data               adc.o
    0x200000a0   COMPRESSED   0x00000008   Data   RW         1773    .data               sd_card.o
    0x200000a8   COMPRESSED   0x00000001   Data   RW         1906    .data               usb_flash_drive.o
    0x200000a9   COMPRESSED   0x00000d10   Data   RW         2166    .data               lang.o
    0x20000db9   COMPRESSED   0x00000003   PAD
    0x20000dbc   COMPRESSED   0x0000000c   Data   RW         5568    .data               stm32f4xx_hal.o
    0x20000dc8   COMPRESSED   0x00000004   Data   RW         5718    .data               system_stm32f4xx.o
    0x20000dcc   COMPRESSED   0x00000008   Data   RW         5866    .data               ff.o
    0x20000dd4   COMPRESSED   0x00000004   Data   RW         6586    .data               mc_w.l(mvars.o)
    0x20000dd8   COMPRESSED   0x00000004   Data   RW         6587    .data               mc_w.l(mvars.o)
    0x20000ddc   COMPRESSED   0x00000004   Data   RW         6591    .data               mc_w.l(errno.o)
    0x20000de0        -       0x000000b8   Zero   RW          690    .bss                bios.o
    0x20000e98        -       0x00000078   Zero   RW          691    .bss                bios.o
    0x20000f10        -       0x0000003c   Zero   RW          692    .bss                bios.o
    0x20000f4c        -       0x00000033   Zero   RW          693    .bss                bios.o
    0x20000f7f   COMPRESSED   0x00000001   PAD
    0x20000f80        -       0x0000014c   Zero   RW          694    .bss                bios.o
    0x200010cc        -       0x000000f0   Zero   RW          695    .bss                bios.o
    0x200011bc        -       0x00000030   Zero   RW          696    .bss                bios.o
    0x200011ec        -       0x00000018   Zero   RW          697    .bss                bios.o
    0x20001204        -       0x00000060   Zero   RW          698    .bss                bios.o
    0x20001264        -       0x00000084   Zero   RW          699    .bss                bios.o
    0x200012e8        -       0x00000084   Zero   RW          700    .bss                bios.o
    0x2000136c        -       0x00000096   Zero   RW          701    .bss                bios.o
    0x20001402        -       0x00000064   Zero   RW          881    .bss                comm.o
    0x20001466        -       0x00000034   Zero   RW         1073    .bss                control.o
    0x2000149a   COMPRESSED   0x00000002   PAD
    0x2000149c        -       0x00001654   Zero   RW         1547    .bss                adc.o
    0x20002af0        -       0x00000474   Zero   RW         1772    .bss                sd_card.o
    0x20002f64        -       0x00000240   Zero   RW         1905    .bss                usb_flash_drive.o
    0x200031a4        -       0x000001e0   Zero   RW         2077    .bss                init.o
    0x20003384        -       0x00000688   Zero   RW         2165    .bss                lang.o
    0x20003a0c        -       0x00000020   Zero   RW         5864    .bss                ff.o
    0x20003a2c        -       0x0000000c   Zero   RW         6140    .bss                ff_gen_drv.o
    0x20003a38        -       0x00002000   Zero   RW            2    HEAP                startup_stm32f407xx.o
    0x20005a38        -       0x00004000   Zero   RW            1    STACK               startup_stm32f407xx.o


==============================================================================

Image component sizes


      Code (inc. data)   RO Data    RW Data    ZI Data      Debug   Object Name

     11530        340          0        104       5716      24285   adc.o
      1820        230          0         16       1569      59710   bios.o
       136         26          0          0          0       3482   bsp_driver_sd.o
      2072        416          0          0          0       9620   calib.o
      2232        312          0          1        100      10846   comm.o
     21060       2866        225         12         52      79117   control.o
       148         22          0          0          0       3705   diskio.o
        32         10          0          5          0       1452   fatfs.o
      5014         80        156          8         32      41533   ff.o
        70          6          0          0         12       1619   ff_gen_drv.o
      1300         86          0          0        480       6443   init.o
         0          0          0       3344       1672       3431   lang.o
       370         68          0          8          0     728734   main.o
      1178         94          0          0          0       5819   printer.o
      1580        120          0          0          0       3482   remote.o
      1674        254          0          8       1140      12262   sd_card.o
       224         14         20          1          0       4328   sd_diskio.o
        36          8        392          0      24576        832   startup_stm32f407xx.o
       180         28          0         12          0       4549   stm32f4xx_hal.o
       194         14          0          0          0      30383   stm32f4xx_hal_cortex.o
       460         44          0          0          0       3672   stm32f4xx_hal_gpio.o
       888         14          0          0          0       8126   stm32f4xx_hal_i2c.o
       520         68          0          8          0       4312   stm32f4xx_hal_msp.o
      1260         76          0          0          0       5120   stm32f4xx_hal_rcc.o
      1928          4          0          0          0       9768   stm32f4xx_hal_sd.o
       326          0          0          0          0       4744   stm32f4xx_hal_sram.o
      1026         44          0          0          0      10422   stm32f4xx_hal_tim.o
        84          0          0          0          0       2398   stm32f4xx_hal_tim_ex.o
      1252          8          0          0          0       5247   stm32f4xx_hal_uart.o
        44         12          0          0          0       4946   stm32f4xx_it.o
       216         12          0          0          0       2687   stm32f4xx_ll_fsmc.o
      1532         42          0          0          0      21148   stm32f4xx_ll_sdmmc.o
       204         34         24          4          0       1875   system_stm32f4xx.o
      4026        440          0          1        576      20359   usb_flash_drive.o

    ----------------------------------------------------------------------
     64684       5792        852       3540      35928    1140456   Object Totals
         0          0         32          0          0          0   (incl. Generated)
        68          0          3          8          3          0   (incl. Padding)

    ----------------------------------------------------------------------

      Code (inc. data)   RO Data    RW Data    ZI Data      Debug   Library Member Name

        94          0          0          0          0          0   __dclz77c.o
        28          0          0          0          0         68   _chval.o
       158          0          0          0          0         92   _strtoul.o
        26          0          0          0          0         80   atoi.o
        26          0          0          0          0         80   atol.o
         8          4        133          0          0         68   ctype_o.o
         0          0          0          0          0          0   entry.o
         0          0          0          0          0          0   entry10a.o
         0          0          0          0          0          0   entry11a.o
         8          4          0          0          0          0   entry2.o
         4          0          0          0          0          0   entry5.o
         0          0          0          0          0          0   entry7b.o
         0          0          0          0          0          0   entry8b.o
         8          4          0          0          0          0   entry9a.o
         8          4          0          4          0         68   errno.o
        30          0          0          0          0          0   handlers.o
        36          8          0          0          0         68   init.o
         0          0          0          0          0          0   iusefp.o
        30          0          0          0          0         68   llshl.o
        36          0          0          0          0         68   llsshr.o
        32          0          0          0          0         68   llushr.o
       188         20          0          0          0        160   malloc.o
        36          0          0          0          0         68   memcpya.o
        36          0          0          0          0        108   memseta.o
         0          0          0          8          0          0   mvars.o
      2276         86          0          0          0        520   printfa.o
        18          0          0          0          0         68   strcpy.o
        14          0          0          0          0         68   strlen.o
       112          0          0          0          0         88   strtol.o
        44          0          0          0          0         80   uidiv.o
        98          0          0          0          0         92   uldiv.o
        48          0          0          0          0         68   cdrcmple.o
        56          0          0          0          0         88   d2f.o
       334          0          0          0          0        148   dadd.o
       222          0          0          0          0        100   ddiv.o
       186          0          0          0          0        176   depilogue.o
        62          0          0          0          0         80   dfixi.o
        50          0          0          0          0         76   dfixui.o
        48          0          0          0          0         68   dfixul.o
        26          0          0          0          0         76   dfltui.o
       228          0          0          0          0         96   dmul.o
        38          0          0          0          0         68   f2d.o
       110          0          0          0          0        168   fepilogue.o

    ----------------------------------------------------------------------
      4768        130        136         12          0       3192   Library Totals
         6          0          3          0          0          0   (incl. Padding)

    ----------------------------------------------------------------------

      Code (inc. data)   RO Data    RW Data    ZI Data      Debug   Library Name

      3354        130        133         12          0       1980   mc_w.l
      1408          0          0          0          0       1212   mf_w.l

    ----------------------------------------------------------------------
      4768        130        136         12          0       3192   Library Totals

    ----------------------------------------------------------------------

==============================================================================


      Code (inc. data)   RO Data    RW Data    ZI Data      Debug   

     69452       5922        988       3552      35928    1104416   Grand Totals
     69452       5922        988       1688      35928    1104416   ELF Image Totals (compressed)
     69452       5922        988       1688          0          0   ROM Totals

==============================================================================

    Total RO  Size (Code + RO Data)                70440 (  68.79kB)
    Total RW  Size (RW Data + ZI Data)             39480 (  38.55kB)
    Total ROM Size (Code + RO Data + RW Data)      72128 (  70.44kB)

==============================================================================

